--------- beginning of crash
04-19 21:15:17.173 15883 15883 E AndroidRuntime: FATAL EXCEPTION: main
04-19 21:15:17.173 15883 15883 E AndroidRuntime: Process: org.tele.alexgram, PID: 15883
04-19 21:15:17.173 15883 15883 E AndroidRuntime: java.lang.NullPointerException: Attempt to invoke virtual method 'int org.telegram.ui.Components.ViewPagerFixed$Adapter.getItemViewType(int)' on a null object reference
04-19 21:15:17.173 15883 15883 E AndroidRuntime: 	at org.telegram.ui.Components.ViewPagerFixed.setAdapter(ViewPagerFixed.java:191)
04-19 21:15:17.173 15883 15883 E AndroidRuntime: 	at org.telegram.ui.MainTabsActivity.onResume(MainTabsActivity.java:247)
04-19 21:15:17.173 15883 15883 E AndroidRuntime: 	at org.telegram.ui.ActionBar.ActionBarLayout.closeLastFragment(ActionBarLayout.java:2768)
04-19 21:15:17.173 15883 15883 E AndroidRuntime: 	at org.telegram.ui.ActionBar.ActionBarLayout.closeLastFragment(ActionBarLayout.java:2693)
04-19 21:15:17.173 15883 15883 E AndroidRuntime: 	at org.telegram.ui.ActionBar.ActionBarLayout.onBackPressed(ActionBarLayout.java:1709)
04-19 21:15:17.173 15883 15883 E AndroidRuntime: 	at org.telegram.ui.ActionBar.ActionBarLayout.onBackInvoked(ActionBarLayout.java:1556)
04-19 21:15:17.173 15883 15883 E AndroidRuntime: 	at org.telegram.ui.LaunchActivity$10.onBackInvoked(LaunchActivity.java:843)
04-19 21:15:17.173 15883 15883 E AndroidRuntime: 	at android.window.WindowOnBackInvokedDispatcher$OnBackInvokedCallbackWrapper.lambda$onBackInvoked$3(WindowOnBackInvokedDispatcher.java:479)
04-19 21:15:17.173 15883 15883 E AndroidRuntime: 	at android.window.WindowOnBackInvokedDispatcher$OnBackInvokedCallbackWrapper.$r8$lambda$nmohd5JuZpnSih7tfE9o38m1Ro0(Unknown Source:0)
04-19 21:15:17.173 15883 15883 E AndroidRuntime: 	at android.window.WindowOnBackInvokedDispatcher$OnBackInvokedCallbackWrapper$$ExternalSyntheticLambda1.run(D8$$SyntheticClass:0)
04-19 21:15:17.173 15883 15883 E AndroidRuntime: 	at android.os.Handler.handleCallback(Handler.java:973)
04-19 21:15:17.173 15883 15883 E AndroidRuntime: 	at android.os.Handler.dispatchMessage(Handler.java:100)
04-19 21:15:17.173 15883 15883 E AndroidRuntime: 	at android.os.Looper.loopOnce(Looper.java:282)
04-19 21:15:17.173 15883 15883 E AndroidRuntime: 	at android.os.Looper.loop(Looper.java:387)
04-19 21:15:17.173 15883 15883 E AndroidRuntime: 	at android.app.ActivityThread.main(ActivityThread.java:9500)
04-19 21:15:17.173 15883 15883 E AndroidRuntime: 	at java.lang.reflect.Method.invoke(Native Method)
04-19 21:15:17.173 15883 15883 E AndroidRuntime: 	at com.android.internal.os.RuntimeInit$MethodAndArgsCaller.run(RuntimeInit.java:600)
04-19 21:15:17.173 15883 15883 E AndroidRuntime: 	at com.android.internal.os.ZygoteInit.main(ZygoteInit.java:1005)
04-19 21:16:20.653 21629 21629 E AndroidRuntime: FATAL EXCEPTION: main
04-19 21:16:20.653 21629 21629 E AndroidRuntime: Process: org.tele.alexgram, PID: 21629
04-19 21:16:20.653 21629 21629 E AndroidRuntime: java.lang.NullPointerException: Attempt to invoke virtual method 'int org.telegram.ui.Components.ViewPagerFixed$Adapter.getItemViewType(int)' on a null object reference
04-19 21:16:20.653 21629 21629 E AndroidRuntime: 	at org.telegram.ui.Components.ViewPagerFixed.setAdapter(ViewPagerFixed.java:191)
04-19 21:16:20.653 21629 21629 E AndroidRuntime: 	at org.telegram.ui.MainTabsActivity.onResume(MainTabsActivity.java:247)
04-19 21:16:20.653 21629 21629 E AndroidRuntime: 	at org.telegram.ui.ActionBar.ActionBarLayout.closeLastFragment(ActionBarLayout.java:2768)
04-19 21:16:20.653 21629 21629 E AndroidRuntime: 	at org.telegram.ui.ActionBar.ActionBarLayout.closeLastFragment(ActionBarLayout.java:2693)
04-19 21:16:20.653 21629 21629 E AndroidRuntime: 	at org.telegram.ui.ActionBar.ActionBarLayout.onBackPressed(ActionBarLayout.java:1709)
04-19 21:16:20.653 21629 21629 E AndroidRuntime: 	at org.telegram.ui.ActionBar.ActionBarLayout.onBackInvoked(ActionBarLayout.java:1556)
04-19 21:16:20.653 21629 21629 E AndroidRuntime: 	at org.telegram.ui.LaunchActivity$10.onBackInvoked(LaunchActivity.java:843)
04-19 21:16:20.653 21629 21629 E AndroidRuntime: 	at android.window.WindowOnBackInvokedDispatcher$OnBackInvokedCallbackWrapper.lambda$onBackInvoked$3(WindowOnBackInvokedDispatcher.java:479)
04-19 21:16:20.653 21629 21629 E AndroidRuntime: 	at android.window.WindowOnBackInvokedDispatcher$OnBackInvokedCallbackWrapper.$r8$lambda$nmohd5JuZpnSih7tfE9o38m1Ro0(Unknown Source:0)
04-19 21:16:20.653 21629 21629 E AndroidRuntime: 	at android.window.WindowOnBackInvokedDispatcher$OnBackInvokedCallbackWrapper$$ExternalSyntheticLambda1.run(D8$$SyntheticClass:0)
04-19 21:16:20.653 21629 21629 E AndroidRuntime: 	at android.os.Handler.handleCallback(Handler.java:973)
04-19 21:16:20.653 21629 21629 E AndroidRuntime: 	at android.os.Handler.dispatchMessage(Handler.java:100)
04-19 21:16:20.653 21629 21629 E AndroidRuntime: 	at android.os.Looper.loopOnce(Looper.java:282)
04-19 21:16:20.653 21629 21629 E AndroidRuntime: 	at android.os.Looper.loop(Looper.java:387)
04-19 21:16:20.653 21629 21629 E AndroidRuntime: 	at android.app.ActivityThread.main(ActivityThread.java:9500)
04-19 21:16:20.653 21629 21629 E AndroidRuntime: 	at java.lang.reflect.Method.invoke(Native Method)
04-19 21:16:20.653 21629 21629 E AndroidRuntime: 	at com.android.internal.os.RuntimeInit$MethodAndArgsCaller.run(RuntimeInit.java:600)
04-19 21:16:20.653 21629 21629 E AndroidRuntime: 	at com.android.internal.os.ZygoteInit.main(ZygoteInit.java:1005)
04-22 11:13:36.966  9475  9475 E AndroidRuntime: FATAL EXCEPTION: main
04-22 11:13:36.966  9475  9475 E AndroidRuntime: Process: org.tele.alexgram, PID: 9475
04-22 11:13:36.966  9475  9475 E AndroidRuntime: java.lang.IllegalArgumentException: Surface isn't valid, source.isValid() == false
04-22 11:13:36.966  9475  9475 E AndroidRuntime: 	at android.view.PixelCopy.request(PixelCopy.java:185)
04-22 11:13:36.966  9475  9475 E AndroidRuntime: 	at android.view.PixelCopy.request(PixelCopy.java:158)
04-22 11:13:36.966  9475  9475 E AndroidRuntime: 	at android.view.PixelCopy.request(PixelCopy.java:111)
04-22 11:13:36.966  9475  9475 E AndroidRuntime: 	at org.telegram.ui.PhotoViewer.updateAmbientMode(PhotoViewer.java:11556)
04-22 11:13:36.966  9475  9475 E AndroidRuntime: 	at org.telegram.ui.PhotoViewer.-$$Nest$mupdateAmbientMode(PhotoViewer.java:0)
04-22 11:13:36.966  9475  9475 E AndroidRuntime: 	at org.telegram.ui.PhotoViewer$3.run(PhotoViewer.java:1147)
04-22 11:13:36.966  9475  9475 E AndroidRuntime: 	at android.os.Handler.handleCallback(Handler.java:973)
04-22 11:13:36.966  9475  9475 E AndroidRuntime: 	at android.os.Handler.dispatchMessage(Handler.java:100)
04-22 11:13:36.966  9475  9475 E AndroidRuntime: 	at android.os.Looper.loopOnce(Looper.java:282)
04-22 11:13:36.966  9475  9475 E AndroidRuntime: 	at android.os.Looper.loop(Looper.java:387)
04-22 11:13:36.966  9475  9475 E AndroidRuntime: 	at android.app.ActivityThread.main(ActivityThread.java:9500)
04-22 11:13:36.966  9475  9475 E AndroidRuntime: 	at java.lang.reflect.Method.invoke(Native Method)
04-22 11:13:36.966  9475  9475 E AndroidRuntime: 	at com.android.internal.os.RuntimeInit$MethodAndArgsCaller.run(RuntimeInit.java:600)
04-22 11:13:36.966  9475  9475 E AndroidRuntime: 	at com.android.internal.os.ZygoteInit.main(ZygoteInit.java:1005)
04-22 11:13:49.442 10508 10508 E AndroidRuntime: FATAL EXCEPTION: main
04-22 11:13:49.442 10508 10508 E AndroidRuntime: Process: org.tele.alexgram, PID: 10508
04-22 11:13:49.442 10508 10508 E AndroidRuntime: java.lang.IllegalArgumentException: Surface isn't valid, source.isValid() == false
04-22 11:13:49.442 10508 10508 E AndroidRuntime: 	at android.view.PixelCopy.request(PixelCopy.java:185)
04-22 11:13:49.442 10508 10508 E AndroidRuntime: 	at android.view.PixelCopy.request(PixelCopy.java:158)
04-22 11:13:49.442 10508 10508 E AndroidRuntime: 	at android.view.PixelCopy.request(PixelCopy.java:111)
04-22 11:13:49.442 10508 10508 E AndroidRuntime: 	at org.telegram.ui.PhotoViewer.updateAmbientMode(PhotoViewer.java:11556)
04-22 11:13:49.442 10508 10508 E AndroidRuntime: 	at org.telegram.ui.PhotoViewer.-$$Nest$mupdateAmbientMode(PhotoViewer.java:0)
04-22 11:13:49.442 10508 10508 E AndroidRuntime: 	at org.telegram.ui.PhotoViewer$3.run(PhotoViewer.java:1147)
04-22 11:13:49.442 10508 10508 E AndroidRuntime: 	at android.os.Handler.handleCallback(Handler.java:973)
04-22 11:13:49.442 10508 10508 E AndroidRuntime: 	at android.os.Handler.dispatchMessage(Handler.java:100)
04-22 11:13:49.442 10508 10508 E AndroidRuntime: 	at android.os.Looper.loopOnce(Looper.java:282)
04-22 11:13:49.442 10508 10508 E AndroidRuntime: 	at android.os.Looper.loop(Looper.java:387)
04-22 11:13:49.442 10508 10508 E AndroidRuntime: 	at android.app.ActivityThread.main(ActivityThread.java:9500)
04-22 11:13:49.442 10508 10508 E AndroidRuntime: 	at java.lang.reflect.Method.invoke(Native Method)
04-22 11:13:49.442 10508 10508 E AndroidRuntime: 	at com.android.internal.os.RuntimeInit$MethodAndArgsCaller.run(RuntimeInit.java:600)
04-22 11:13:49.442 10508 10508 E AndroidRuntime: 	at com.android.internal.os.ZygoteInit.main(ZygoteInit.java:1005)
--------- beginning of system
04-22 11:14:05.717 11360 11360 D ResourcesManagerExtImpl: applyConfigurationToAppResourcesLocked app.getDisplayId() return callback.displayId:-1
04-22 11:14:05.942 11360 11360 D ResourcesManagerExtImpl: applyConfigurationToAppResourcesLocked app.getDisplayId() return callback.displayId:0
04-22 11:14:06.559 11360 11360 E OplusCustomizeRestrictionManager: sInstance is null, start a new sInstance
04-22 11:14:06.573 11360 11360 D OplusInputMethodUtil: init sDebug to false, init sDebugIme to false, init sAlwaysOn to false
04-22 11:14:06.573 11360 11360 D OplusInputMethodUtil: updateDebugToClass InputMethodManager.DEBUG = false
04-22 11:14:06.573 11360 11360 D OplusInputMethodUtil: updateDebugToClass ImeFocusController.DEBUG = false
04-22 11:14:06.573 11360 11360 D OplusInputMethodUtil: updateDebugToClass InsetsController.DEBUG = false
04-22 11:14:06.574 11360 11360 D OplusInputMethodUtil: updateDebugToClass BaseInputConnection.DEBUG = false
04-22 11:14:06.708 11360 11360 I Quality : ActivityThread: activityStart delay 775 org.tele.alexgram 11360
04-22 11:14:06.752 11360 11360 D ActivityThread: ComponentInfo{org.tele.alexgram/org.telegram.messenger.BlueIcon} checkFinished=false 2
04-22 11:14:06.752 11360 11360 D ResourcesManagerExtImpl: applyConfigurationToAppResourcesLocked app.getDisplayId() return callback.displayId:0
04-22 11:14:06.783 11360 11360 D ResourcesManagerExtImpl: applyConfigurationToAppResourcesLocked app.getDisplayId() return callback.displayId:0
04-22 11:14:06.809 11360 11360 D VRI[BlueIcon]: relayoutWindow result, sizeChanged:true, surfaceControlChanged:true, transformHintChanged:false, mSurfaceSize:Point(1080, 2400), mLastSurfaceSize:Point(0, 0), mWidth:-1, mHeight:-1, requestedWidth:1080, requestedHeight:2400, transformHint:0, installOrientation:0, displayRotation:0, isSurfaceValid:true, attr.flag:-2122252032, tmpFrames:ClientWindowFrames{frame=[0,0][1080,2400] display=[0,0][1080,2400] parentFrame=[0,0][0,0]}, relayoutAsync:false, mSyncSeqId:0
04-22 11:14:06.810 11360 11360 W VRI[BlueIcon]: updateBlastSurfaceIfNeeded, surfaceSize:Point(1080, 2400), lastSurfaceSize:Point(0, 0), format:-1, blastBufferQueue:null
04-22 11:14:06.890 11360 11360 I Quality : UISlowBinder:144719849
04-22 11:14:07.245 11360 11360 W VRI[BlueIcon]: handleResized, msg:, frameChanged:false, configChanged:false, displayChanged:false, attachedFrameChanged:false, compatScaleChanged:false, pendingDragResizing=false
04-22 11:14:09.238 11360 11360 D ActivityThread: ComponentInfo{org.tele.alexgram/org.telegram.messenger.BlueIcon} checkFinished=false 4
04-22 11:14:09.238 11360 11360 D ResourcesManagerExtImpl: applyConfigurationToAppResourcesLocked app.getDisplayId() return callback.displayId:0
04-22 11:14:09.722 11360 11360 D VRI[BlueIcon]: relayoutWindow result, sizeChanged:false, surfaceControlChanged:false, transformHintChanged:false, mSurfaceSize:Point(1080, 2400), mLastSurfaceSize:Point(1080, 2400), mWidth:1080, mHeight:2400, requestedWidth:1080, requestedHeight:2400, transformHint:0, installOrientation:0, displayRotation:0, isSurfaceValid:true, attr.flag:-2122252032, tmpFrames:ClientWindowFrames{frame=[0,0][1080,2400] display=[0,0][1080,2400] parentFrame=[0,0][1080,2400]}, relayoutAsync:true, mSyncSeqId:0
04-22 11:14:09.722 11360 11360 W VRI[BlueIcon]: updateBlastSurfaceIfNeeded, surfaceSize:Point(1080, 2400), lastSurfaceSize:Point(1080, 2400), format:-3, blastBufferQueue:android.graphics.BLASTBufferQueue@c5b9471
04-22 11:14:09.901 11360 11360 D OplusInputMethodManagerInternal: get inputMethodManager extension: com.android.internal.view.IInputMethodManager$Stub$Proxy@6227c10
04-22 11:14:11.485 11360 11360 D VRI[BlueIcon]: relayoutWindow result, sizeChanged:false, surfaceControlChanged:false, transformHintChanged:false, mSurfaceSize:Point(1080, 2400), mLastSurfaceSize:Point(1080, 2400), mWidth:1080, mHeight:2400, requestedWidth:1080, requestedHeight:2400, transformHint:0, installOrientation:0, displayRotation:0, isSurfaceValid:true, attr.flag:-2122252032, tmpFrames:ClientWindowFrames{frame=[0,0][1080,2400] display=[0,0][1080,2400] parentFrame=[0,0][1080,2400]}, relayoutAsync:true, mSyncSeqId:0
04-22 11:14:11.485 11360 11360 W VRI[BlueIcon]: updateBlastSurfaceIfNeeded, surfaceSize:Point(1080, 2400), lastSurfaceSize:Point(1080, 2400), format:-3, blastBufferQueue:android.graphics.BLASTBufferQueue@c5b9471
04-22 11:14:20.257 11360 11360 D VRI[BlueIcon]: relayoutWindow result, sizeChanged:false, surfaceControlChanged:true, transformHintChanged:false, mSurfaceSize:Point(1080, 2400), mLastSurfaceSize:Point(1080, 2400), mWidth:1080, mHeight:2400, requestedWidth:1080, requestedHeight:2400, transformHint:0, installOrientation:0, displayRotation:0, isSurfaceValid:false, attr.flag:-2122252032, tmpFrames:ClientWindowFrames{frame=[0,0][1080,2400] display=[0,0][1080,2400] parentFrame=[0,0][0,0]}, relayoutAsync:false, mSyncSeqId:0
04-22 11:14:21.479 12182 12182 D ResourcesManagerExtImpl: applyConfigurationToAppResourcesLocked app.getDisplayId() return callback.displayId:-1
04-22 11:14:21.646 12182 12182 D ResourcesManagerExtImpl: applyConfigurationToAppResourcesLocked app.getDisplayId() return callback.displayId:0
04-22 11:14:22.384 12182 12182 I Quality : ActivityThread: activityStart delay 746 org.tele.alexgram 12182
04-22 11:14:22.423 12182 12182 D ActivityThread: ComponentInfo{org.tele.alexgram/org.telegram.messenger.BlueIcon} checkFinished=false 2
04-22 11:14:22.423 12182 12182 D ResourcesManagerExtImpl: applyConfigurationToAppResourcesLocked app.getDisplayId() return callback.displayId:0
04-22 11:14:22.484 12182 12182 D ResourcesManagerExtImpl: applyConfigurationToAppResourcesLocked app.getDisplayId() return callback.displayId:0
04-22 11:14:22.510 12182 12182 D VRI[BlueIcon]: relayoutWindow result, sizeChanged:true, surfaceControlChanged:true, transformHintChanged:false, mSurfaceSize:Point(1080, 2400), mLastSurfaceSize:Point(0, 0), mWidth:-1, mHeight:-1, requestedWidth:1080, requestedHeight:2400, transformHint:0, installOrientation:0, displayRotation:0, isSurfaceValid:true, attr.flag:-2122252032, tmpFrames:ClientWindowFrames{frame=[0,0][1080,2400] display=[0,0][1080,2400] parentFrame=[0,0][0,0]}, relayoutAsync:false, mSyncSeqId:0
04-22 11:14:22.511 12182 12182 W VRI[BlueIcon]: updateBlastSurfaceIfNeeded, surfaceSize:Point(1080, 2400), lastSurfaceSize:Point(0, 0), format:-1, blastBufferQueue:null
04-22 11:14:22.565 12182 12182 I Quality : UISlowBinder:182241846
04-22 11:14:22.868 12182 12182 W VRI[BlueIcon]: handleResized, msg:, frameChanged:false, configChanged:false, displayChanged:false, attachedFrameChanged:false, compatScaleChanged:false, pendingDragResizing=false
--------- beginning of main
04-22 11:14:24.271 12182 12269 D tgnet   : create new 8 buffer
04-22 11:14:24.271 12182 12230 D tgnet   : create new 8 buffer
04-22 11:14:24.272 12182 12249 D tgnet   : send request wrapped 0xb400006da43524f0 - 14TL_api_request
04-22 11:14:24.272 12182 12249 D tgnet   : messageId for token = 23, 0x69e8603845a1cc00
04-22 11:14:24.272 12182 12269 D tgnet   : send request 0xb400006da4353da0 - 14TL_api_request
04-22 11:14:24.272 12182 12249 D tgnet   : connection(0xb400006f19431e00, account0, dc5, type 1) send message (session: 0x81ad4b4ad41639c7, seqno: 45, messageid: 0x69e8603845a1cc00): 14TL_api_request(0xb400006da43524f0)
04-22 11:14:24.272 12182 12230 D tgnet   : create new 8 buffer
04-22 11:14:24.272 12182 12269 D tgnet   : send request wrapped 0xb400006da4353da0 - 14TL_api_request
04-22 11:14:24.272 12182 12269 D tgnet   : messageId for token = 11, 0x69e8603845a1cc00
04-22 11:14:24.272 12182 12249 D tgnet   : create new 8 buffer
04-22 11:14:24.272 12182 12269 D tgnet   : connection(0xb400006deab25e00, account7, dc5, type 1) send message (session: 0x9d43abceba3dab99, seqno: 21, messageid: 0x69e8603845a1cc00): 14TL_api_request(0xb400006da4353da0)
04-22 11:14:24.272 12182 12249 D tgnet   : send request 0xb400006da4352680 - 14TL_api_request
04-22 11:14:24.272 12182 12273 D tgnet   : send request 0xb400006da4354930 - 14TL_api_request
04-22 11:14:24.272 12182 12273 D tgnet   : send request wrapped 0xb400006da4354930 - 14TL_api_request
04-22 11:14:24.272 12182 12273 D tgnet   : messageId for token = 10, 0x69e8603845a1cc00
04-22 11:14:24.272 12182 12249 D tgnet   : send request wrapped 0xb400006da4352680 - 14TL_api_request
04-22 11:14:24.272 12182 12273 D tgnet   : connection(0xb400006deab27700, account9, dc5, type 1) send message (session: 0x242b7627aed780fb, seqno: 19, messageid: 0x69e8603845a1cc00): 14TL_api_request(0xb400006da4354930)
04-22 11:14:24.272 12182 12249 D tgnet   : messageId for token = 24, 0x69e8603845a1cc04
04-22 11:14:24.272 12182 12249 D tgnet   : connection(0xb400006f19431e00, account0, dc5, type 1) send message (session: 0x81ad4b4ad41639c7, seqno: 47, messageid: 0x69e8603845a1cc04): 14TL_api_request(0xb400006da4352680)
04-22 11:14:24.272 12182 12273 D tgnet   : create new 8 buffer
04-22 11:14:24.272 12182 12249 D tgnet   : send request 0xb400006da43526d0 - 14TL_api_request
04-22 11:14:24.272 12182 12249 D tgnet   : send request wrapped 0xb400006da43526d0 - 14TL_api_request
04-22 11:14:24.272 12182 12249 D tgnet   : messageId for token = 25, 0x69e8603845a1cc08
04-22 11:14:24.272 12182 12249 D tgnet   : connection(0xb400006f19431e00, account0, dc5, type 1) send message (session: 0x81ad4b4ad41639c7, seqno: 49, messageid: 0x69e8603845a1cc08): 14TL_api_request(0xb400006da43526d0)
04-22 11:14:24.272 12182 12271 D tgnet   : send request 0xb400006da5673440 - 14TL_api_request
04-22 11:14:24.272 12182 12271 D tgnet   : send request wrapped 0xb400006da5673440 - 14TL_api_request
04-22 11:14:24.272 12182 12271 D tgnet   : messageId for token = 10, 0x69e8603845a1cc00
04-22 11:14:24.272 12182 12271 D tgnet   : connection(0xb400006deab26800, account8, dc4, type 1) send message (session: 0x857beb2e44a04950, seqno: 19, messageid: 0x69e8603845a1cc00): 14TL_api_request(0xb400006da5673440)
04-22 11:14:24.280 12182 12272 D tgnet   : create new 128 buffer
04-22 11:14:24.280 12182 12249 D tgnet   : send request 0xb400006dd43f45f0 - 14TL_api_request
04-22 11:14:24.281 12182 12249 D tgnet   : send request wrapped 0xb400006dd43f45f0 - 14TL_api_request
04-22 11:14:24.281 12182 12249 D tgnet   : messageId for token = 27, 0x69e8603847efa000
04-22 11:14:24.281 12182 12249 D tgnet   : connection(0xb400006f19431e00, account0, dc5, type 1) send message (session: 0x81ad4b4ad41639c7, seqno: 51, messageid: 0x69e8603847efa000): 14TL_api_request(0xb400006dd43f45f0)
04-22 11:14:24.305 12182 12302 D OplusScrollToTopManager: org.tele.alexgram/org.telegram.messenger.BlueIcon,This com.android.internal.policy.DecorView{509992f V.E...... R......D 0,0-1080,2400 aid=0 alpha=1.0 viewInfo = }[BlueIcon] change focus to true
04-22 11:14:24.379 12182 12255 W NotificationsController$1NotificationHolder: show dialog notification with id 2111992313 -2182974982 user=null chat=org.telegram.tgnet.TLRPC$TL_channel@f2a892
04-22 11:14:24.390 12182 12249 D tgnet   : connection(0xb400006f19431e00, account0, dc5, type 1) received message len 216 equal to packet size
04-22 11:14:24.390 12182 12249 D tgnet   : api request constructor 0x9e8fa6d3, don't parse
04-22 11:14:24.390 12182 12249 D tgnet   : connection(0xb400006f19431e00, account0, dc5, type 1) received object 16TL_msg_container
04-22 11:14:24.390 12182 12249 D tgnet   : process server response 0xb400006da7848e40 - 16TL_msg_container
04-22 11:14:24.390 12182 12249 D tgnet   : received container with 2 items
04-22 11:14:24.390 12182 12249 D tgnet   : inner message 0 id 0x69e860389cb6f801 process
04-22 11:14:24.390 12182 12249 D tgnet   : process server response 0xb400006daf082260 - 13TL_rpc_result
04-22 11:14:24.390 12182 12249 D tgnet   : message_id 0 connection(0xb400006f19431e00, account0, dc5, type 1) received rpc_result with 15TL_api_response
04-22 11:14:24.390 12182 12249 D tgnet   : got response for request 0xb400006daf5b5930, req_id = 18 - 14TL_api_request (messageId = 0x69e86038428f5c08)
04-22 11:14:24.391 12182 12249 D tgnet   : 5) erase request 18 0x69e86038428f5c08
04-22 11:14:24.391 12182 12249 D tgnet   : connection(0xb400006f19431e00, account0, dc5, type 1) send message (session: 0x81ad4b4ad41639c7, seqno: 52, messageid: 0x69e8603864189400): 11TL_msgs_ack(0xb400006da7848f60)
04-22 11:14:24.391 12182 12249 D tgnet   : inner message 1 id 0x69e860389cb6f805 process
04-22 11:14:24.391 12182 12249 D tgnet   : process server response 0xb400006da7848ea0 - 11TL_msgs_ack
04-22 11:14:24.391 12182 12249 D tgnet   : connection(0xb400006f19431e00, account0, dc5, type 1) received message len 88 equal to packet size
04-22 11:14:24.391 12182 12249 D tgnet   : api request constructor 0xf1749a22, don't parse
04-22 11:14:24.391 12182 12249 D tgnet   : connection(0xb400006f19431e00, account0, dc5, type 1) received object 13TL_rpc_result
04-22 11:14:24.391 12182 12249 D tgnet   : process server response 0xb400006daf082260 - 13TL_rpc_result
04-22 11:14:24.391 12182 12249 D tgnet   : message_id 7631455364850632705 connection(0xb400006f19431e00, account0, dc5, type 1) received rpc_result with 15TL_api_response
04-22 11:14:24.391 12182 12249 D tgnet   : got response for request 0xb400006da7704520, req_id = 19 - 14TL_api_request (messageId = 0x69e8603842d0e400)
04-22 11:14:24.392 12182 12249 D tgnet   : 5) erase request 19 0x69e8603842d0e400
04-22 11:14:24.392 12182 12249 D tgnet   : connection(0xb400006f19431e00, account0, dc5, type 1) send message (session: 0x81ad4b4ad41639c7, seqno: 52, messageid: 0x69e86038645a1c00): 11TL_msgs_ack(0xb400006da7848e40)
04-22 11:14:24.397 12182 12255 W NotificationsController$1NotificationHolder: show dialog notification with id 1696812572 -2598154723 user=null chat=org.telegram.tgnet.TLRPC$TL_channel@14df97
04-22 11:14:24.397 12182 12269 D tgnet   : connection(0xb400006deab25e00, account7, dc5, type 1) received message len 152 equal to packet size
04-22 11:14:24.397 12182 12269 D tgnet   : api request constructor 0xbc799737, don't parse
04-22 11:14:24.397 12182 12269 D tgnet   : connection(0xb400006deab25e00, account7, dc5, type 1) received object 16TL_msg_container
04-22 11:14:24.397 12182 12269 D tgnet   : process server response 0xb400006da7848ea0 - 16TL_msg_container
04-22 11:14:24.397 12182 12269 D tgnet   : received container with 2 items
04-22 11:14:24.397 12182 12269 D tgnet   : inner message 0 id 0x69e860389e3ee001 process
04-22 11:14:24.397 12182 12269 D tgnet   : process server response 0xb400006daf082260 - 13TL_rpc_result
04-22 11:14:24.397 12182 12249 D tgnet   : connection(0xb400006f19431e00, account0, dc5, type 1) received message len 152 but packet larger 321
04-22 11:14:24.397 12182 12269 D tgnet   : message_id 0 connection(0xb400006deab25e00, account7, dc5, type 1) received rpc_result with 15TL_api_response
04-22 11:14:24.397 12182 12249 D tgnet   : api request constructor 0x1158fe3e, don't parse
04-22 11:14:24.397 12182 12269 D tgnet   : got response for request 0xb400006da4353da0, req_id = 11 - 14TL_api_request (messageId = 0x69e8603845a1cc00)
04-22 11:14:24.397 12182 12249 D tgnet   : connection(0xb400006f19431e00, account0, dc5, type 1) received object 13TL_rpc_result
04-22 11:14:24.397 12182 12249 D tgnet   : process server response 0xb400006daf082300 - 13TL_rpc_result
04-22 11:14:24.397 12182 12249 D tgnet   : message_id 7631455364865714177 connection(0xb400006f19431e00, account0, dc5, type 1) received rpc_result with 15TL_api_response
04-22 11:14:24.397 12182 12249 D tgnet   : got response for request 0xb400006da7105b60, req_id = 21 - 14TL_api_request (messageId = 0x69e8603844189400)
04-22 11:14:24.398 12182 12269 D tgnet   : 5) erase request 11 0x69e8603845a1cc00
04-22 11:14:24.398 12182 12269 D tgnet   : connection(0xb400006deab25e00, account7, dc5, type 1) send message (session: 0x9d43abceba3dab99, seqno: 22, messageid: 0x69e8603865e35400): 11TL_msgs_ack(0xb400006da7848f60)
04-22 11:14:24.398 12182 12269 D tgnet   : inner message 1 id 0x69e860389e3ee005 process
04-22 11:14:24.398 12182 12269 D tgnet   : process server response 0xb400006da7848f00 - 11TL_msgs_ack
04-22 11:14:24.398 12182 12249 D tgnet   : 5) erase request 21 0x69e8603844189400
04-22 11:14:24.398 12182 12249 D tgnet   : connection(0xb400006f19431e00, account0, dc5, type 1) send message (session: 0x81ad4b4ad41639c7, seqno: 52, messageid: 0x69e8603865e35400): 11TL_msgs_ack(0xb400006da7848ea0)
04-22 11:14:24.399 12182 12249 D tgnet   : connection(0xb400006f19431e00, account0, dc5, type 1) received message len 168 equal to packet size
04-22 11:14:24.399 12182 12249 D tgnet   : api request constructor 0x6efc5e81, don't parse
04-22 11:14:24.399 12182 12249 D tgnet   : connection(0xb400006f19431e00, account0, dc5, type 1) received object 13TL_rpc_result
04-22 11:14:24.399 12182 12249 D tgnet   : process server response 0xb400006daf082260 - 13TL_rpc_result
04-22 11:14:24.399 12182 12249 D tgnet   : message_id 7631455364867067905 connection(0xb400006f19431e00, account0, dc5, type 1) received rpc_result with 15TL_api_response
04-22 11:14:24.399 12182 12249 D tgnet   : got response for request 0xb400006da7105c50, req_id = 22 - 14TL_api_request (messageId = 0x69e8603844189404)
04-22 11:14:24.400 12182 12249 D tgnet   : 5) erase request 22 0x69e8603844189404
04-22 11:14:24.400 12182 12249 D tgnet   : connection(0xb400006f19431e00, account0, dc5, type 1) send message (session: 0x81ad4b4ad41639c7, seqno: 52, messageid: 0x69e8603866666800): 11TL_msgs_ack(0xb400006da7848ea0)
04-22 11:14:24.400 12182 12249 D tgnet   : connection(0xb400006f19431e00, account0, dc5, type 1) received message len 1080 equal to packet size
04-22 11:14:24.400 12182 12249 D tgnet   : connection(0xb400006f19431e00, account0, dc5, type 1) received object 13TL_rpc_result
04-22 11:14:24.400 12182 12249 D tgnet   : process server response 0xb400006daf082260 - 13TL_rpc_result
04-22 11:14:24.400 12182 12249 D tgnet   : message_id 7631455364877102081 connection(0xb400006f19431e00, account0, dc5, type 1) received rpc_result with 14TL_gzip_packed
04-22 11:14:24.400 12182 12249 D tgnet   : got response for request 0xb400006df359e4c0, req_id = 16 - 14TL_api_request (messageId = 0x69e86038428f5c00)
04-22 11:14:24.400 12182 12249 D tgnet   : api request constructor 0x3371c354, don't parse
04-22 11:14:24.404 12182 12249 D tgnet   : 5) erase request 16 0x69e86038428f5c00
04-22 11:14:24.404 12182 12249 D tgnet   : connection(0xb400006f19431e00, account0, dc5, type 1) send message (session: 0x81ad4b4ad41639c7, seqno: 52, messageid: 0x69e86038676c8c00): 11TL_msgs_ack(0xb400006da7848e40)
04-22 11:14:24.404 12182 12249 D tgnet   : connection(0xb400006f19431e00, account0, dc5, type 1) received message len 88 equal to packet size
04-22 11:14:24.404 12182 12249 D tgnet   : api request constructor 0x9f071957, don't parse
04-22 11:14:24.404 12182 12249 D tgnet   : connection(0xb400006f19431e00, account0, dc5, type 1) received object 13TL_rpc_result
04-22 11:14:24.404 12182 12249 D tgnet   : process server response 0xb400006daf082260 - 13TL_rpc_result
04-22 11:14:24.404 12182 12249 D tgnet   : message_id 7631455364905182209 connection(0xb400006f19431e00, account0, dc5, type 1) received rpc_result with 15TL_api_response
04-22 11:14:24.404 12182 12249 D tgnet   : got response for request 0xb400006da7705510, req_id = 20 - 14TL_api_request (messageId = 0x69e8603843958004)
04-22 11:14:24.405 12182 12249 D tgnet   : 5) erase request 20 0x69e8603843958004
04-22 11:14:24.405 12182 12249 D tgnet   : connection(0xb400006f19431e00, account0, dc5, type 1) send message (session: 0x81ad4b4ad41639c7, seqno: 52, messageid: 0x69e8603867ae1400): 11TL_msgs_ack(0xb400006da7848e40)
04-22 11:14:24.406 12182 12249 D tgnet   : connection(0xb400006f19431e00, account0, dc5, type 1) received packet size less(2452) then message size(4632)
04-22 11:14:24.406 12182 12249 D tgnet   : connection(0xb400006f19431e00, account0, dc5, type 1) received message len 4632 equal to packet size
04-22 11:14:24.406 12182 12249 D tgnet   : connection(0xb400006f19431e00, account0, dc5, type 1) received object 13TL_rpc_result
04-22 11:14:24.406 12182 12249 D tgnet   : process server response 0xb400006daf082210 - 13TL_rpc_result
04-22 11:14:24.406 12182 12249 D tgnet   : message_id 7631455364912608257 connection(0xb400006f19431e00, account0, dc5, type 1) received rpc_result with 14TL_gzip_packed
04-22 11:14:24.406 12182 12249 D tgnet   : got response for request 0xb400006da43524f0, req_id = 23 - 14TL_api_request (messageId = 0x69e8603845a1cc00)
04-22 11:14:24.406 12182 12249 D tgnet   : create new 40000 buffer
04-22 11:14:24.407 12182 12249 D tgnet   : api request constructor 0xdd18782e, don't parse
04-22 11:14:24.409 12182 12249 D tgnet   : 5) erase request 23 0x69e8603845a1cc00
04-22 11:14:24.409 12182 12249 D tgnet   : connection(0xb400006f19431e00, account0, dc5, type 1) send message (session: 0x81ad4b4ad41639c7, seqno: 52, messageid: 0x69e8603868b43800): 11TL_msgs_ack(0xb400006da7848d80)
04-22 11:14:24.409 12182 12249 D tgnet   : connection(0xb400006f19431e00, account0, dc5, type 1) received message len 264 equal to packet size
04-22 11:14:24.409 12182 12249 D tgnet   : api request constructor 0x3371c354, don't parse
04-22 11:14:24.409 12182 12249 D tgnet   : connection(0xb400006f19431e00, account0, dc5, type 1) received object 13TL_rpc_result
04-22 11:14:24.409 12182 12249 D tgnet   : process server response 0xb400006daf082260 - 13TL_rpc_result
04-22 11:14:24.409 12182 12249 D tgnet   : message_id 7631455364919804929 connection(0xb400006f19431e00, account0, dc5, type 1) received rpc_result with 15TL_api_response
04-22 11:14:24.409 12182 12249 D tgnet   : got response for request 0xb400006dd43f45f0, req_id = 27 - 14TL_api_request (messageId = 0x69e8603847efa000)
04-22 11:14:24.410 12182 12249 D tgnet   : 5) erase request 27 0x69e8603847efa000
04-22 11:14:24.411 12182 12249 D tgnet   : connection(0xb400006f19431e00, account0, dc5, type 1) send message (session: 0x81ad4b4ad41639c7, seqno: 52, messageid: 0x69e8603869374c00): 11TL_msgs_ack(0xb400006da7848e40)
04-22 11:14:24.411 12182 12249 D tgnet   : connection(0xb400006f19431e00, account0, dc5, type 1) received message len 520 but packet larger 1316
04-22 11:14:24.411 12182 12249 D tgnet   : connection(0xb400006f19431e00, account0, dc5, type 1) received object 13TL_rpc_result
04-22 11:14:24.411 12182 12249 D tgnet   : process server response 0xb400006daf082210 - 13TL_rpc_result
04-22 11:14:24.411 12182 12249 D tgnet   : message_id 7631455364925331457 connection(0xb400006f19431e00, account0, dc5, type 1) received rpc_result with 14TL_gzip_packed
04-22 11:14:24.411 12182 12249 D tgnet   : got response for request 0xb400006da4352680, req_id = 24 - 14TL_api_request (messageId = 0x69e8603845a1cc04)
04-22 11:14:24.411 12182 12249 D tgnet   : api request constructor 0x2064674e, don't parse
04-22 11:14:24.413 12182 12249 D tgnet   : 5) erase request 24 0x69e8603845a1cc04
04-22 11:14:24.413 12182 12249 D tgnet   : connection(0xb400006f19431e00, account0, dc5, type 1) send message (session: 0x81ad4b4ad41639c7, seqno: 52, messageid: 0x69e8603869ba6000): 11TL_msgs_ack(0xb400006da7848d80)
04-22 11:14:24.413 12182 12249 D tgnet   : connection(0xb400006f19431e00, account0, dc5, type 1) received message len 792 equal to packet size
04-22 11:14:24.413 12182 12249 D tgnet   : connection(0xb400006f19431e00, account0, dc5, type 1) received object 13TL_rpc_result
04-22 11:14:24.413 12182 12249 D tgnet   : process server response 0xb400006daf082210 - 13TL_rpc_result
04-22 11:14:24.413 12182 12249 D tgnet   : message_id 7631455364927764481 connection(0xb400006f19431e00, account0, dc5, type 1) received rpc_result with 14TL_gzip_packed
04-22 11:14:24.413 12182 12249 D tgnet   : got response for request 0xb400006daf5b5890, req_id = 17 - 14TL_api_request (messageId = 0x69e86038428f5c04)
04-22 11:14:24.413 12182 12249 D tgnet   : api request constructor 0x3b6d152e, don't parse
04-22 11:14:24.415 12182 12249 D tgnet   : 5) erase request 17 0x69e86038428f5c04
04-22 11:14:24.415 12182 12255 W NotificationsController$1NotificationHolder: show dialog notification with id 1574853360 -2720113935 user=null chat=org.telegram.tgnet.TLRPC$TL_channel@97b119d
04-22 11:14:24.415 12182 12249 D tgnet   : connection(0xb400006f19431e00, account0, dc5, type 1) send message (session: 0x81ad4b4ad41639c7, seqno: 52, messageid: 0x69e860386a3d7000): 11TL_msgs_ack(0xb400006da7848d80)
04-22 11:14:24.415 12182 12249 D tgnet   : create new 1224 buffer
04-22 11:14:24.415 12182 12249 D tgnet   : connection(0xb400006f19431e00, account0, dc5, type 1) received message len 1176 equal to packet size
04-22 11:14:24.415 12182 12249 D tgnet   : connection(0xb400006f19431e00, account0, dc5, type 1) received object 13TL_rpc_result
04-22 11:14:24.415 12182 12249 D tgnet   : process server response 0xb400006daf082210 - 13TL_rpc_result
04-22 11:14:24.416 12182 12249 D tgnet   : message_id 7631455364938454017 connection(0xb400006f19431e00, account0, dc5, type 1) received rpc_result with 14TL_gzip_packed
04-22 11:14:24.416 12182 12249 D tgnet   : got response for request 0xb400006da43526d0, req_id = 25 - 14TL_api_request (messageId = 0x69e8603845a1cc08)
04-22 11:14:24.416 12182 12269 D tgnet   : connection(0xb400006deab25e00, account7, dc5, type 1) received packet size less(2452) then message size(4600)
04-22 11:14:24.416 12182 12249 D tgnet   : api request constructor 0x2064674e, don't parse
04-22 11:14:24.416 12182 12273 D tgnet   : connection(0xb400006deab27700, account9, dc5, type 1) received message len 152 equal to packet size
04-22 11:14:24.416 12182 12273 D tgnet   : api request constructor 0xbc799737, don't parse
04-22 11:14:24.416 12182 12273 D tgnet   : connection(0xb400006deab27700, account9, dc5, type 1) received object 16TL_msg_container
04-22 11:14:24.416 12182 12273 D tgnet   : process server response 0xb400006da7848d80 - 16TL_msg_container
04-22 11:14:24.416 12182 12273 D tgnet   : received container with 2 items
04-22 11:14:24.416 12182 12273 D tgnet   : inner message 0 id 0x69e86038a2475401 process
04-22 11:14:24.416 12182 12273 D tgnet   : process server response 0xb400006daf0822b0 - 13TL_rpc_result
04-22 11:14:24.416 12182 12273 D tgnet   : message_id 0 connection(0xb400006deab27700, account9, dc5, type 1) received rpc_result with 15TL_api_response
04-22 11:14:24.416 12182 12273 D tgnet   : got response for request 0xb400006da4354930, req_id = 10 - 14TL_api_request (messageId = 0x69e8603845a1cc00)
04-22 11:14:24.417 12182 12273 D tgnet   : 5) erase request 10 0x69e8603845a1cc00
04-22 11:14:24.417 12182 12273 D tgnet   : connection(0xb400006deab27700, account9, dc5, type 1) send message (session: 0x242b7627aed780fb, seqno: 20, messageid: 0x69e860386ac08400): 11TL_msgs_ack(0xb400006da7848e40)
04-22 11:14:24.417 12182 12273 D tgnet   : create new 1224 buffer
04-22 11:14:24.417 12182 12269 D tgnet   : connection(0xb400006deab25e00, account7, dc5, type 1) received message len 4600 equal to packet size
04-22 11:14:24.417 12182 12273 D tgnet   : inner message 1 id 0x69e86038a2475405 process
04-22 11:14:24.417 12182 12269 D tgnet   : connection(0xb400006deab25e00, account7, dc5, type 1) received object 13TL_rpc_result
04-22 11:14:24.417 12182 12269 D tgnet   : process server response 0xb400006daf082350 - 13TL_rpc_result
04-22 11:14:24.417 12182 12269 D tgnet   : message_id 7631455364945676289 connection(0xb400006deab25e00, account7, dc5, type 1) received rpc_result with 14TL_gzip_packed
04-22 11:14:24.417 12182 12269 D tgnet   : got response for request 0xb400006da77046b0, req_id = 10 - 14TL_api_request (messageId = 0x69e8603845604400)
04-22 11:14:24.417 12182 12273 D tgnet   : process server response 0xb400006da7848de0 - 11TL_msgs_ack
04-22 11:14:24.417 12182 12269 D tgnet   : api request constructor 0xdd18782e, don't parse
04-22 11:14:24.418 12182 12269 D tgnet   : 5) erase request 10 0x69e8603845604400
04-22 11:14:24.418 12182 12269 D tgnet   : connection(0xb400006deab25e00, account7, dc5, type 1) send message (session: 0x9d43abceba3dab99, seqno: 22, messageid: 0x69e860386b020c00): 11TL_msgs_ack(0xb400006da7848d80)
04-22 11:14:24.422 12182 12249 D tgnet   : 5) erase request 25 0x69e8603845a1cc08
04-22 11:14:24.422 12182 12249 D tgnet   : connection(0xb400006f19431e00, account0, dc5, type 1) send message (session: 0x81ad4b4ad41639c7, seqno: 52, messageid: 0x69e860386c083000): 11TL_msgs_ack(0xb400006da7848d80)
04-22 11:14:24.422 12182 12246 D tgnet   : create new 1224 buffer
04-22 11:14:24.429 12182 12273 D tgnet   : connection(0xb400006deab27700, account9, dc5, type 1) received packet size less(2452) then message size(4632)
04-22 11:14:24.433 12182 12273 D tgnet   : connection(0xb400006deab27700, account9, dc5, type 1) received message len 4632 equal to packet size
04-22 11:14:24.434 12182 12273 D tgnet   : connection(0xb400006deab27700, account9, dc5, type 1) received object 13TL_rpc_result
04-22 11:14:24.434 12182 12273 D tgnet   : process server response 0xb400006daf082210 - 13TL_rpc_result
04-22 11:14:24.434 12182 12273 D tgnet   : message_id 7631455364989321217 connection(0xb400006deab27700, account9, dc5, type 1) received rpc_result with 14TL_gzip_packed
04-22 11:14:24.434 12182 12273 D tgnet   : got response for request 0xb400006da7105e80, req_id = 9 - 14TL_api_request (messageId = 0x69e8603845604400)
04-22 11:14:24.434 12182 12273 D tgnet   : api request constructor 0xdd18782e, don't parse
04-22 11:14:24.436 12182 12273 D tgnet   : 5) erase request 9 0x69e8603845604400
04-22 11:14:24.436 12182 12273 D tgnet   : connection(0xb400006deab27700, account9, dc5, type 1) send message (session: 0x242b7627aed780fb, seqno: 20, messageid: 0x69e860386f9db400): 11TL_msgs_ack(0xb400006da7848540)
04-22 11:14:24.451 12182 12249 D tgnet   : send request 0xb400006daf5b4cb0 - 14TL_api_request
04-22 11:14:24.452 12182 12249 D tgnet   : send request wrapped 0xb400006daf5b4cb0 - 14TL_api_request
04-22 11:14:24.452 12182 12249 D tgnet   : messageId for token = 28, 0x69e8603873b64800
04-22 11:14:24.452 12182 12249 D tgnet   : connection(0xb400006f19431e00, account0, dc5, type 1) send message (session: 0x81ad4b4ad41639c7, seqno: 53, messageid: 0x69e8603873b64800): 14TL_api_request(0xb400006daf5b4cb0)
04-22 11:14:24.492 12182 12249 D tgnet   : connection(0xb400006da787e300) reset last event time, on connect
04-22 11:14:24.492 12182 12249 D tgnet   : connection(0xb400006da787e300, account0, dc2, type 2) connected to 149.154.167.222:443
04-22 11:14:24.492 12182 12249 D tgnet   : connection(0xb400006da787e300, account0, dc2, type 2) send message (session: 0x6aac844ab55e5eae, seqno: 1, messageid: 0x69e8603843958000): 14TL_api_request(0xb400006da7704840)
04-22 11:14:24.511 12182 12249 D tgnet   : send request 0xb400006da577bc00 - 14TL_api_request
04-22 11:14:24.511 12182 12249 D tgnet   : send request wrapped 0xb400006da577bc00 - 14TL_api_request
04-22 11:14:24.512 12182 12249 D tgnet   : messageId for token = 29, 0x69e8603883127000
04-22 11:14:24.512 12182 12249 D tgnet   : connection(0xb400006f19431e00, account0, dc5, type 1) send message (session: 0x81ad4b4ad41639c7, seqno: 55, messageid: 0x69e8603883127000): 14TL_api_request(0xb400006da577bc00)
04-22 11:14:24.536 12182 12271 D tgnet   : connection(0xb400006deab26800, account8, dc4, type 1) received message len 152 equal to packet size
04-22 11:14:24.536 12182 12271 D tgnet   : api request constructor 0xbc799737, don't parse
04-22 11:14:24.536 12182 12271 D tgnet   : connection(0xb400006deab26800, account8, dc4, type 1) received object 16TL_msg_container
04-22 11:14:24.536 12182 12271 D tgnet   : process server response 0xb400006da784a8e0 - 16TL_msg_container
04-22 11:14:24.536 12182 12271 D tgnet   : received container with 2 items
04-22 11:14:24.536 12182 12271 D tgnet   : inner message 0 id 0x69e86038b4ccd401 process
04-22 11:14:24.536 12182 12271 D tgnet   : process server response 0xb400006daf082210 - 13TL_rpc_result
04-22 11:14:24.536 12182 12271 D tgnet   : message_id 0 connection(0xb400006deab26800, account8, dc4, type 1) received rpc_result with 15TL_api_response
04-22 11:14:24.536 12182 12271 D tgnet   : got response for request 0xb400006da5673440, req_id = 10 - 14TL_api_request (messageId = 0x69e8603845a1cc00)
04-22 11:14:24.538 12182 12271 D tgnet   : 5) erase request 10 0x69e8603845a1cc00
04-22 11:14:24.538 12182 12271 D tgnet   : connection(0xb400006deab26800, account8, dc4, type 1) send message (session: 0x857beb2e44a04950, seqno: 20, messageid: 0x69e8603889ba6000): 11TL_msgs_ack(0xb400006da784a9a0)
04-22 11:14:24.538 12182 12271 D tgnet   : inner message 1 id 0x69e86038b4ccd405 process
04-22 11:14:24.538 12182 12271 D tgnet   : process server response 0xb400006da784a940 - 11TL_msgs_ack
04-22 11:14:24.541 12182 12249 D tgnet   : connection(0xb400006f19431e00, account0, dc5, type 1) received message len 88 equal to packet size
04-22 11:14:24.541 12182 12249 D tgnet   : api request constructor 0xbc799737, don't parse
04-22 11:14:24.541 12182 12249 D tgnet   : connection(0xb400006f19431e00, account0, dc5, type 1) received object 13TL_rpc_result
04-22 11:14:24.541 12182 12249 D tgnet   : process server response 0xb400006daf082210 - 13TL_rpc_result
04-22 11:14:24.541 12182 12249 D tgnet   : message_id 7631455365491584001 connection(0xb400006f19431e00, account0, dc5, type 1) received rpc_result with 15TL_api_response
04-22 11:14:24.541 12182 12249 D tgnet   : got response for request 0xb400006daf5b4cb0, req_id = 28 - 14TL_api_request (messageId = 0x69e8603873b64800)
04-22 11:14:24.542 12182 12249 D tgnet   : 5) erase request 28 0x69e8603873b64800
04-22 11:14:24.542 12182 12249 D tgnet   : connection(0xb400006f19431e00, account0, dc5, type 1) send message (session: 0x81ad4b4ad41639c7, seqno: 56, messageid: 0x69e860388ac08400): 11TL_msgs_ack(0xb400006da784a8e0)
04-22 11:14:24.548 12182 12271 D tgnet   : connection(0xb400006deab26800, account8, dc4, type 1) received packet size less(1224) then message size(4632)
04-22 11:14:24.559 12182 12271 D tgnet   : connection(0xb400006deab26800, account8, dc4, type 1) received message len 4632 equal to packet size
04-22 11:14:24.559 12182 12271 D tgnet   : connection(0xb400006deab26800, account8, dc4, type 1) received object 13TL_rpc_result
04-22 11:14:24.559 12182 12271 D tgnet   : process server response 0xb400006daf082210 - 13TL_rpc_result
04-22 11:14:24.559 12182 12271 D tgnet   : message_id 7631455365299077121 connection(0xb400006deab26800, account8, dc4, type 1) received rpc_result with 14TL_gzip_packed
04-22 11:14:24.559 12182 12271 D tgnet   : got response for request 0xb400006da77047a0, req_id = 9 - 14TL_api_request (messageId = 0x69e8603845604400)
04-22 11:14:24.559 12182 12271 D tgnet   : api request constructor 0xdd18782e, don't parse
04-22 11:14:24.560 12182 12271 D tgnet   : 5) erase request 9 0x69e8603845604400
04-22 11:14:24.560 12182 12271 D tgnet   : connection(0xb400006deab26800, account8, dc4, type 1) send message (session: 0x857beb2e44a04950, seqno: 20, messageid: 0x69e860388f5c2800): 11TL_msgs_ack(0xb400006da7848180)
04-22 11:14:24.579 12182 12255 W NotificationsController$1NotificationHolder: show dialog notification with id -1774630142 6815304449 user=org.telegram.tgnet.TLRPC$TL_user@20b6b6f chat=null
04-22 11:14:24.581 12182 12255 W Notification: Bubbles work best with icons of TYPE_URI or TYPE_URI_ADAPTIVE_BITMAP. In the future, using an icon of this type will be required.
04-22 11:14:24.598 12182 12186 I g.tele.alexgram: Background young concurrent mark compact GC freed 11MB AllocSpace bytes, 60(1904KB) LOS objects, 52% free, 17MB/37MB, paused 2.574ms,2.175ms total 229.470ms
04-22 11:14:24.623 12182 12249 D tgnet   : connection(0xb400006f19431e00, account0, dc5, type 1) received message len 536 equal to packet size
04-22 11:14:24.623 12182 12249 D tgnet   : connection(0xb400006f19431e00, account0, dc5, type 1) received object 13TL_rpc_result
04-22 11:14:24.624 12182 12249 D tgnet   : process server response 0xb400006dea8c22d0 - 13TL_rpc_result
04-22 11:14:24.624 12182 12249 D tgnet   : message_id 7631455365842357249 connection(0xb400006f19431e00, account0, dc5, type 1) received rpc_result with 14TL_gzip_packed
04-22 11:14:24.624 12182 12249 D tgnet   : got response for request 0xb400006da577bc00, req_id = 29 - 14TL_api_request (messageId = 0x69e8603883127000)
04-22 11:14:24.624 12182 12249 D tgnet   : api request constructor 0xc776ba4e, don't parse
04-22 11:14:24.625 12182 12249 D tgnet   : 5) erase request 29 0x69e8603883127000
04-22 11:14:24.625 12182 12249 D tgnet   : connection(0xb400006f19431e00, account0, dc5, type 1) send message (session: 0x81ad4b4ad41639c7, seqno: 56, messageid: 0x69e86038a0000000): 11TL_msgs_ack(0xb400006f1943dc60)
04-22 11:14:24.656 12182 12255 W NotificationsController$1NotificationHolder: show dialog notification with id 524544893 -3770422402 user=null chat=org.telegram.tgnet.TLRPC$TL_channel@4e75ff1
04-22 11:14:24.673 12182 12185 I g.tele.alexgram: Compiler allocated 5974KB to compile void org.telegram.ui.Cells.DialogCell.onDraw(android.graphics.Canvas)
04-22 11:14:24.680 12182 12249 D tgnet   : Config(0xb400006eaf0edc80, /data/user/0/org.tele.alexgram/files/dc2conf.dat) start write config
04-22 11:14:24.681 12182 12249 D tgnet   : Config(0xb400006eaf0edc80, /data/user/0/org.tele.alexgram/files/dc2conf.dat) fileno = 449
04-22 11:14:24.681 12182 12249 D tgnet   : Config(0xb400006eaf0edc80, /data/user/0/org.tele.alexgram/files/dc2conf.dat) config write ok
04-22 11:14:24.681 12182 12249 D tgnet   : connection(0xb400006da787e300) set current timeout = 25
04-22 11:14:24.681 12182 12249 D tgnet   : connection(0xb400006da787e300, account0, dc2, type 2) received message len 168 equal to packet size
04-22 11:14:24.681 12182 12249 D tgnet   : connection(0xb400006da787e300, account0, dc2, type 2) received object 16TL_msg_container
04-22 11:14:24.681 12182 12249 D tgnet   : process server response 0xb400006f1943f3a0 - 16TL_msg_container
04-22 11:14:24.681 12182 12249 D tgnet   : received container with 2 items
04-22 11:14:24.681 12182 12249 D tgnet   : inner message 0 id 0x69e86038da6a6801 process
04-22 11:14:24.681 12182 12249 D tgnet   : process server response 0xb400006f1943f4c0 - 22TL_new_session_created
04-22 11:14:24.681 12182 12249 D tgnet   : connection(0xb400006da787e300, account0, dc2, type 2) new session created (first message id: 0x69e8603843958000, server salt: 0xafb3d76c278b535d, unique id: 0x3b6917d1718b9ed1)
04-22 11:14:24.682 12182 12249 D tgnet   : Config(0xb400006eaf0eda40, /data/user/0/org.tele.alexgram/files/tgnet.dat) start write config
04-22 11:14:24.682 12182 12249 D tgnet   : Config(0xb400006eaf0eda40, /data/user/0/org.tele.alexgram/files/tgnet.dat) fileno = 449
04-22 11:14:24.682 12182 12249 D tgnet   : Config(0xb400006eaf0eda40, /data/user/0/org.tele.alexgram/files/tgnet.dat) config write ok
04-22 11:14:24.683 12182 12249 D tgnet   : inner message 1 id 0x69e86038da6aac01 process
04-22 11:14:24.683 12182 12249 D tgnet   : process server response 0xb400006f1943fa00 - 11TL_msgs_ack
04-22 11:14:24.701 12182 12249 D tgnet   : connection(0xb400006da787e300, account0, dc2, type 2) received message len 472 equal to packet size
04-22 11:14:24.702 12182 12249 D tgnet   : api request constructor 0xf18cda44, don't parse
04-22 11:14:24.702 12182 12249 D tgnet   : connection(0xb400006da787e300, account0, dc2, type 2) received object 13TL_rpc_result
04-22 11:14:24.702 12182 12249 D tgnet   : process server response 0xb400006dea8c22d0 - 13TL_rpc_result
04-22 11:14:24.702 12182 12249 D tgnet   : message_id 7631455365963172865 connection(0xb400006da787e300, account0, dc2, type 2) received rpc_result with 15TL_api_response
04-22 11:14:24.702 12182 12249 D tgnet   : got response for request 0xb400006da7704840, req_id = 26 - 14TL_api_request (messageId = 0x69e8603843958000)
04-22 11:14:24.711 12182 12249 D tgnet   : 5) erase request 26 0x69e8603843958000
04-22 11:14:24.713 12182 12249 D tgnet   : send request 0xb400006df340fe40 - 14TL_api_request
04-22 11:14:24.713 12182 12249 D tgnet   : send request wrapped 0xb400006df340fe40 - 14TL_api_request
04-22 11:14:24.713 12182 12249 D tgnet   : connection(0xb400006da72e7d00, account0, dc201, type 2) connecting (91.108.23.100:443)
04-22 11:14:24.713 12182 12249 D tgnet   : connection(0xb400006da72e7d00) socketAddress6, port: 0, family:0
04-22 11:14:24.717 12182 12249 D tgnet   : connection(0xb400006da72e7d00) set current timeout = 12
04-22 11:14:24.717 12182 12255 W NotificationsController$1NotificationHolder: show dialog notification with id 1959117864 -2335849431 user=null chat=org.telegram.tgnet.TLRPC$TL_channel@6213ac8
04-22 11:14:24.717 12182 12249 D tgnet   : messageId for token = 30, 0x69e86038b78d5000
