04-22 11:14:24.718 12182 12249 D tgnet   : connection(0xb400006da72e7d00, account0, dc201, type 2) send message (session: 0x57196182ab034810, seqno: 1, messageid: 0x69e86038b78d5000): 14TL_api_request(0xb400006df340fe40)
04-22 11:14:24.721 12182 12249 D tgnet   : send request 0xb400006df359eec0 - 14TL_api_request
04-22 11:14:24.721 12182 12249 D tgnet   : send request wrapped 0xb400006df359eec0 - 14TL_api_request
04-22 11:14:24.721 12182 12249 D tgnet   : messageId for token = 31, 0x69e86038b8937400
04-22 11:14:24.721 12182 12249 D tgnet   : connection(0xb400006f19431e00, account0, dc5, type 1) send message (session: 0x81ad4b4ad41639c7, seqno: 57, messageid: 0x69e86038b8937400): 14TL_api_request(0xb400006df359eec0)
04-22 11:14:24.767 12182 12249 D tgnet   : connection(0xb400006da72e7d00) reset last event time, on connect
04-22 11:14:24.767 12182 12249 D tgnet   : connection(0xb400006da72e7d00, account0, dc201, type 2) connected to 91.108.23.100:443
04-22 11:14:24.767 12182 12249 D tgnet   : connection(0xb400006da72e7d00, account0, dc201, type 2) send message (session: 0x57196182ab034810, seqno: 1, messageid: 0x69e86038b78d5000): 14TL_api_request(0xb400006df340fe40)
04-22 11:14:24.836 12182 12249 D tgnet   : connection(0xb400006f19431e00, account0, dc5, type 1) received message len 152 equal to packet size
04-22 11:14:24.836 12182 12249 D tgnet   : api request constructor 0x1cb5c415, don't parse
04-22 11:14:24.836 12182 12249 D tgnet   : connection(0xb400006f19431e00, account0, dc5, type 1) received object 13TL_rpc_result
04-22 11:14:24.836 12182 12249 D tgnet   : process server response 0xb400006dea8c2a50 - 13TL_rpc_result
04-22 11:14:24.836 12182 12249 D tgnet   : message_id 7631455366759723009 connection(0xb400006f19431e00, account0, dc5, type 1) received rpc_result with 15TL_api_response
04-22 11:14:24.836 12182 12249 D tgnet   : got response for request 0xb400006df359eec0, req_id = 31 - 14TL_api_request (messageId = 0x69e86038b8937400)
04-22 11:14:24.837 12182 12249 D tgnet   : 5) erase request 31 0x69e86038b8937400
04-22 11:14:24.837 12182 12249 D tgnet   : connection(0xb400006f19431e00, account0, dc5, type 1) send message (session: 0x81ad4b4ad41639c7, seqno: 58, messageid: 0x69e86038d645a400): 11TL_msgs_ack(0xb400006f1943fee0)
04-22 11:14:24.841 12182 12249 D tgnet   : Config(0xb400006eaf1fd200, /data/user/0/org.tele.alexgram/files/dc201conf.dat) start write config
04-22 11:14:24.841 12182 12249 D tgnet   : Config(0xb400006eaf1fd200, /data/user/0/org.tele.alexgram/files/dc201conf.dat) fileno = 459
04-22 11:14:24.844 12182 12249 D tgnet   : Config(0xb400006eaf1fd200, /data/user/0/org.tele.alexgram/files/dc201conf.dat) config write ok
04-22 11:14:24.844 12182 12249 D tgnet   : connection(0xb400006da72e7d00) set current timeout = 25
04-22 11:14:24.844 12182 12249 D tgnet   : connection(0xb400006da72e7d00, account0, dc201, type 2) received message len 168 equal to packet size
04-22 11:14:24.844 12182 12249 D tgnet   : connection(0xb400006da72e7d00, account0, dc201, type 2) received object 16TL_msg_container
04-22 11:14:24.844 12182 12249 D tgnet   : process server response 0xb400006deab146c0 - 16TL_msg_container
04-22 11:14:24.844 12182 12249 D tgnet   : received container with 2 items
04-22 11:14:24.844 12182 12249 D tgnet   : inner message 0 id 0x69e86037a2b89c01 process
04-22 11:14:24.844 12182 12249 D tgnet   : process server response 0xb400006deab14f60 - 22TL_new_session_created
04-22 11:14:24.844 12182 12249 D tgnet   : connection(0xb400006da72e7d00, account0, dc201, type 2) new session created (first message id: 0x69e86038b78d5000, server salt: 0x767b0c226ab7cb63, unique id: 0x53915907e73a247b)
04-22 11:14:24.844 12182 12249 D tgnet   : Config(0xb400006eaf0eda40, /data/user/0/org.tele.alexgram/files/tgnet.dat) start write config
04-22 11:14:24.844 12182 12249 D tgnet   : Config(0xb400006eaf0eda40, /data/user/0/org.tele.alexgram/files/tgnet.dat) fileno = 459
04-22 11:14:24.845 12182 12249 D tgnet   : Config(0xb400006eaf0eda40, /data/user/0/org.tele.alexgram/files/tgnet.dat) config write ok
04-22 11:14:24.845 12182 12249 D tgnet   : inner message 1 id 0x69e86037a2b99001 process
04-22 11:14:24.845 12182 12249 D tgnet   : process server response 0xb400006deab15140 - 11TL_msgs_ack
04-22 11:14:24.845 12182 12249 D tgnet   : connection(0xb400006da72e7d00, account0, dc201, type 2) received message len 6440 equal to packet size
04-22 11:14:24.845 12182 12249 D tgnet   : api request constructor 0xa99fca4f, don't parse
04-22 11:14:24.845 12182 12249 D tgnet   : connection(0xb400006da72e7d00, account0, dc201, type 2) received object 13TL_rpc_result
04-22 11:14:24.845 12182 12249 D tgnet   : process server response 0xb400006dea8c2a50 - 13TL_rpc_result
04-22 11:14:24.845 12182 12249 D tgnet   : message_id 7631455360651859969 connection(0xb400006da72e7d00, account0, dc201, type 2) received rpc_result with 15TL_api_response
04-22 11:14:24.845 12182 12249 D tgnet   : got response for request 0xb400006df340fe40, req_id = 30 - 14TL_api_request (messageId = 0x69e86038b78d5000)
04-22 11:14:24.849 12182 12249 D tgnet   : 5) erase request 30 0x69e86038b78d5000
04-22 11:14:24.928 12182 12249 D tgnet   : connection(0xb400006f19431e00, account0, dc5, type 1) received message len 376 but packet larger 1236
04-22 11:14:24.928 12182 12249 D tgnet   : not found request to parse constructor 0x74ae4240
04-22 11:14:24.928 12182 12249 D tgnet   : connection(0xb400006f19431e00, account0, dc5, type 1) received unparsed packet on 0x0
04-22 11:14:24.937 12182 12249 D tgnet   : connection(0xb400006f19431e00, account0, dc5, type 1) received message len 856 equal to packet size
04-22 11:14:24.937 12182 12249 D tgnet   : not found request to parse constructor 0x74ae4240
04-22 11:14:24.937 12182 12249 D tgnet   : connection(0xb400006f19431e00, account0, dc5, type 1) received unparsed packet on 0x0
04-22 11:14:24.939 12182 12249 D tgnet   : connection(0xb400006f19431e00, account0, dc5, type 1) send message (session: 0x81ad4b4ad41639c7, seqno: 58, messageid: 0x69e86038f020c400): 11TL_msgs_ack(0xb400006f1943e7a0)
04-22 11:14:25.331 12182 12182 D ViewRootImplExtImpl: wrapConfigInfoIntoFlags rotation=0, smallestScreenWidthDp=340, relayoutAsync=true, flags=0, newFlags=22282240, residentWS=false, title=org.tele.alexgram/org.telegram.messenger.BlueIcon
04-22 11:14:25.332 12182 12182 D VRI[BlueIcon]: relayoutWindow result, sizeChanged:false, surfaceControlChanged:false, transformHintChanged:false, mSurfaceSize:Point(1080, 2400), mLastSurfaceSize:Point(1080, 2400), mWidth:1080, mHeight:2400, requestedWidth:1080, requestedHeight:2400, transformHint:0, installOrientation:0, displayRotation:0, isSurfaceValid:true, attr.flag:-2122252032, tmpFrames:ClientWindowFrames{frame=[0,0][1080,2400] display=[0,0][1080,2400] parentFrame=[0,0][1080,2400]}, relayoutAsync:true, mSyncSeqId:0
04-22 11:14:25.332 12182 12182 W VRI[BlueIcon]: updateBlastSurfaceIfNeeded, surfaceSize:Point(1080, 2400), lastSurfaceSize:Point(1080, 2400), format:-3, blastBufferQueue:android.graphics.BLASTBufferQueue@1241e92
04-22 11:14:25.333 12182 12182 I SurfaceControl:  setExtendedRangeBrightness sc=Surface(name=org.tele.alexgram/org.telegram.messenger.BlueIcon)/@0x6496783,currentBufferRatio=1.0,desiredRatio=1.0
04-22 11:14:25.941 12182 12249 D tgnet   : time for push ping
04-22 11:14:25.941 12182 12249 D tgnet   : connection(0xb400006f19431400, account0, dc5, type 8) connecting (91.108.56.144:443)
04-22 11:14:25.941 12182 12249 D tgnet   : connection(0xb400006f19431400) socketAddress6, port: 0, family:0
04-22 11:14:25.942 12182 12249 D tgnet   : connection(0xb400006f19431400) set current timeout = 30
04-22 11:14:25.942 12182 12249 D tgnet   : connection(0xb400006f19431400, account0, dc5, type 8) send message (session: 0x8323e3bd71bd492c, seqno: 0, messageid: 0x69e86039f126ec00): 24TL_ping_delay_disconnect(0xb400006dea8c2a50)
04-22 11:14:25.942 12182 12249 D tgnet   : dc5 send ping to push connection
04-22 11:14:26.062 12182 12249 D tgnet   : connection(0xb400006f19431400) reset last event time, on connect
04-22 11:14:26.063 12182 12249 D tgnet   : connection(0xb400006f19431400, account0, dc5, type 8) connected to 91.108.56.144:443
04-22 11:14:26.063 12182 12249 D tgnet   : connection(0xb400006f19431400, account0, dc5, type 8) send message (session: 0x8323e3bd71bd492c, seqno: 0, messageid: 0x69e8603a1020c400): 24TL_ping_delay_disconnect(0xb400006dea8c2a50)
04-22 11:14:26.063 12182 12249 D tgnet   : dc5 send ping to push connection
04-22 11:14:26.238 12182 12249 D tgnet   : Config(0xb400006eaf1fd0c0, /data/user/0/org.tele.alexgram/files/dc5conf.dat) start write config
04-22 11:14:26.238 12182 12249 D tgnet   : Config(0xb400006eaf1fd0c0, /data/user/0/org.tele.alexgram/files/dc5conf.dat) fileno = 457
04-22 11:14:26.240 12182 12249 D tgnet   : Config(0xb400006eaf1fd0c0, /data/user/0/org.tele.alexgram/files/dc5conf.dat) config write ok
04-22 11:14:26.240 12182 12249 D tgnet   : connection(0xb400006f19431400) set current timeout = 900
04-22 11:14:26.240 12182 12249 D tgnet   : connection(0xb400006f19431400, account0, dc5, type 8) received message len 88 but packet larger 177
04-22 11:14:26.240 12182 12249 D tgnet   : connection(0xb400006f19431400, account0, dc5, type 8) received object 7TL_pong
04-22 11:14:26.240 12182 12249 D tgnet   : process server response 0xb400006dea8c2a50 - 7TL_pong
04-22 11:14:26.240 12182 12249 D tgnet   : connection(0xb400006f19431400, account0, dc5, type 8) received push ping
04-22 11:14:26.240 12182 12249 D tgnet   : connection(0xb400006f19431400, account0, dc5, type 8) received message len 88 equal to packet size
04-22 11:14:26.241 12182 12249 D tgnet   : connection(0xb400006f19431400, account0, dc5, type 8) received object 7TL_pong
04-22 11:14:26.241 12182 12249 D tgnet   : process server response 0xb400006dea8c2a50 - 7TL_pong
04-22 11:14:26.241 12182 12249 D tgnet   : connection(0xb400006f19431400, account0, dc5, type 8) received push ping
04-22 11:14:26.421 12182 12269 D tgnet   : time for push ping
04-22 11:14:26.422 12182 12269 D tgnet   : connection(0xb400006deab25900, account7, dc5, type 8) connecting (91.108.56.185:5222)
04-22 11:14:26.422 12182 12269 D tgnet   : connection(0xb400006deab25900) socketAddress6, port: 0, family:0
04-22 11:14:26.423 12182 12269 D tgnet   : connection(0xb400006deab25900) set current timeout = 30
04-22 11:14:26.423 12182 12269 D tgnet   : connection(0xb400006deab25900, account7, dc5, type 8) send message (session: 0xd8d013765d7dc22b, seqno: 0, messageid: 0x69e8603a6c49bc00): 24TL_ping_delay_disconnect(0xb400006dea8c2a50)
04-22 11:14:26.423 12182 12269 D tgnet   : dc5 send ping to push connection
04-22 11:14:26.439 12182 12273 D tgnet   : time for push ping
04-22 11:14:26.439 12182 12273 D tgnet   : connection(0xb400006deab26d00, account9, dc5, type 8) connecting (91.108.56.160:443)
04-22 11:14:26.439 12182 12273 D tgnet   : connection(0xb400006deab26d00) socketAddress6, port: 0, family:0
04-22 11:14:26.441 12182 12273 D tgnet   : connection(0xb400006deab26d00) set current timeout = 30
04-22 11:14:26.441 12182 12273 D tgnet   : connection(0xb400006deab26d00, account9, dc5, type 8) send message (session: 0x3c0fdbd0ac2fccb5, seqno: 0, messageid: 0x69e8603a70e56000): 24TL_ping_delay_disconnect(0xb400006dea8c2a50)
04-22 11:14:26.441 12182 12273 D tgnet   : dc5 send ping to push connection
04-22 11:14:26.536 12182 12269 D tgnet   : connection(0xb400006deab25900) reset last event time, on connect
04-22 11:14:26.536 12182 12269 D tgnet   : connection(0xb400006deab25900, account7, dc5, type 8) connected to 91.108.56.185:5222
04-22 11:14:26.536 12182 12269 D tgnet   : connection(0xb400006deab25900, account7, dc5, type 8) send message (session: 0xd8d013765d7dc22b, seqno: 0, messageid: 0x69e8603a89374c00): 24TL_ping_delay_disconnect(0xb400006daf0804b0)
04-22 11:14:26.536 12182 12269 D tgnet   : dc5 send ping to push connection
04-22 11:14:26.544 12182 12273 D tgnet   : connection(0xb400006deab26d00) reset last event time, on connect
04-22 11:14:26.544 12182 12273 D tgnet   : connection(0xb400006deab26d00, account9, dc5, type 8) connected to 91.108.56.160:443
04-22 11:14:26.544 12182 12273 D tgnet   : connection(0xb400006deab26d00, account9, dc5, type 8) send message (session: 0x3c0fdbd0ac2fccb5, seqno: 0, messageid: 0x69e8603a8b439800): 24TL_ping_delay_disconnect(0xb400006daf0804b0)
04-22 11:14:26.544 12182 12273 D tgnet   : dc5 send ping to push connection
04-22 11:14:26.547 12182 12182 D OplusInputMethodManagerInternal: get inputMethodManager extension: com.android.internal.view.IInputMethodManager$Stub$Proxy@bb0efbf
04-22 11:14:26.557 12182 12249 D tgnet   : send request 0xb400006dd43f6170 - 14TL_api_request
04-22 11:14:26.557 12182 12249 D tgnet   : send request wrapped 0xb400006dd43f6170 - 14TL_api_request
04-22 11:14:26.557 12182 12249 D tgnet   : messageId for token = 32, 0x69e8603a8e978c00
04-22 11:14:26.557 12182 12249 D tgnet   : connection(0xb400006f19431e00, account0, dc5, type 1) send message (session: 0x81ad4b4ad41639c7, seqno: 59, messageid: 0x69e8603a8e978c00): 14TL_api_request(0xb400006dd43f6170)
04-22 11:14:26.559 12182 12249 D tgnet   : send request 0xb400006dd43f4320 - 14TL_api_request
04-22 11:14:26.559 12182 12249 D tgnet   : send request wrapped 0xb400006dd43f4320 - 14TL_api_request
04-22 11:14:26.559 12182 12249 D tgnet   : messageId for token = 33, 0x69e8603a8f1aa000
04-22 11:14:26.559 12182 12249 D tgnet   : connection(0xb400006f19431e00, account0, dc5, type 1) send message (session: 0x81ad4b4ad41639c7, seqno: 61, messageid: 0x69e8603a8f1aa000): 14TL_api_request(0xb400006dd43f4320)
04-22 11:14:26.570 12182 12271 D tgnet   : time for push ping
04-22 11:14:26.570 12182 12271 D tgnet   : connection(0xb400006deab26300, account8, dc4, type 8) connecting (149.154.167.91:5222)
04-22 11:14:26.570 12182 12271 D tgnet   : connection(0xb400006deab26300) socketAddress6, port: 0, family:0
04-22 11:14:26.572 12182 12271 D tgnet   : connection(0xb400006deab26300) set current timeout = 30
04-22 11:14:26.572 12182 12271 D tgnet   : connection(0xb400006deab26300, account8, dc4, type 8) send message (session: 0x349690ab2aaa2e5c, seqno: 0, messageid: 0x69e8603a926e9800): 24TL_ping_delay_disconnect(0xb400006daf0804b0)
04-22 11:14:26.572 12182 12271 D tgnet   : dc4 send ping to push connection
04-22 11:14:26.584 12182 12249 D tgnet   : send request 0xb400006da577c150 - 14TL_api_request
04-22 11:14:26.585 12182 12249 D tgnet   : send request wrapped 0xb400006da577c150 - 14TL_api_request
04-22 11:14:26.585 12182 12249 D tgnet   : messageId for token = 34, 0x69e8603a95c29000
04-22 11:14:26.585 12182 12249 D tgnet   : connection(0xb400006f19431e00, account0, dc5, type 1) send message (session: 0x81ad4b4ad41639c7, seqno: 63, messageid: 0x69e8603a95c29000): 14TL_api_request(0xb400006da577c150)
04-22 11:14:26.594 12182 12182 I oplus.android.OplusFrameworkFactoryImpl: get feature:IOplusDynamicVsyncFeature
04-22 11:14:26.594 12182 12182 I oplus.android.OplusFrameworkFactoryImpl: get feature:IOplusDynamicVsyncFeature
04-22 11:14:26.594 12182 12182 I oplus.android.OplusFrameworkFactoryImpl: get feature:IOplusDynamicVsyncFeature
04-22 11:14:26.596 12182 12182 I oplus.android.OplusFrameworkFactoryImpl: get feature:IOplusDynamicVsyncFeature
04-22 11:14:26.596 12182 12182 I oplus.android.OplusFrameworkFactoryImpl: get feature:IOplusDynamicVsyncFeature
04-22 11:14:26.596 12182 12182 I oplus.android.OplusFrameworkFactoryImpl: get feature:IOplusDynamicVsyncFeature
04-22 11:14:26.607 12182 12182 I oplus.android.OplusFrameworkFactoryImpl: get feature:IOplusDynamicVsyncFeature
04-22 11:14:26.607 12182 12182 I oplus.android.OplusFrameworkFactoryImpl: get feature:IOplusDynamicVsyncFeature
04-22 11:14:26.607 12182 12182 I oplus.android.OplusFrameworkFactoryImpl: get feature:IOplusDynamicVsyncFeature
04-22 11:14:26.622 12182 12269 D tgnet   : Config(0xb400006df34a8e40, /data/user/0/org.tele.alexgram/files/account7/dc5conf.dat) start write config
04-22 11:14:26.623 12182 12269 D tgnet   : Config(0xb400006df34a8e40, /data/user/0/org.tele.alexgram/files/account7/dc5conf.dat) fileno = 464
04-22 11:14:26.624 12182 12269 D tgnet   : Config(0xb400006df34a8e40, /data/user/0/org.tele.alexgram/files/account7/dc5conf.dat) config write ok
04-22 11:14:26.624 12182 12269 D tgnet   : connection(0xb400006deab25900) set current timeout = 900
04-22 11:14:26.624 12182 12269 D tgnet   : connection(0xb400006deab25900, account7, dc5, type 8) received message len 88 but packet larger 177
04-22 11:14:26.624 12182 12269 D tgnet   : connection(0xb400006deab25900, account7, dc5, type 8) received object 7TL_pong
04-22 11:14:26.624 12182 12269 D tgnet   : process server response 0xb400006daf080500 - 7TL_pong
04-22 11:14:26.624 12182 12269 D tgnet   : connection(0xb400006deab25900, account7, dc5, type 8) received push ping
04-22 11:14:26.624 12182 12269 D tgnet   : connection(0xb400006deab25900, account7, dc5, type 8) received message len 88 equal to packet size
04-22 11:14:26.624 12182 12269 D tgnet   : connection(0xb400006deab25900, account7, dc5, type 8) received object 7TL_pong
04-22 11:14:26.624 12182 12269 D tgnet   : process server response 0xb400006daf0804b0 - 7TL_pong
04-22 11:14:26.624 12182 12269 D tgnet   : connection(0xb400006deab25900, account7, dc5, type 8) received push ping
04-22 11:14:26.626 12182 12182 I oplus.android.OplusFrameworkFactoryImpl: get feature:IOplusDynamicVsyncFeature
04-22 11:14:26.626 12182 12182 I oplus.android.OplusFrameworkFactoryImpl: get feature:IOplusDynamicVsyncFeature
04-22 11:14:26.626 12182 12182 I oplus.android.OplusFrameworkFactoryImpl: get feature:IOplusDynamicVsyncFeature
04-22 11:14:26.639 12182 12246 D tgnet   : create new 1224 buffer
04-22 11:14:26.639 12182 12246 D tgnet   : create new 1224 buffer
04-22 11:14:26.640 12182 12246 D tgnet   : create new 1224 buffer
04-22 11:14:26.641 12182 12246 D tgnet   : create new 1224 buffer
04-22 11:14:26.641 12182 12273 D tgnet   : Config(0xb400006df34caa00, /data/user/0/org.tele.alexgram/files/account9/dc5conf.dat) start write config
04-22 11:14:26.642 12182 12273 D tgnet   : Config(0xb400006df34caa00, /data/user/0/org.tele.alexgram/files/account9/dc5conf.dat) fileno = 365
04-22 11:14:26.642 12182 12246 D tgnet   : create new 1224 buffer
04-22 11:14:26.644 12182 12273 D tgnet   : Config(0xb400006df34caa00, /data/user/0/org.tele.alexgram/files/account9/dc5conf.dat) config write ok
04-22 11:14:26.644 12182 12273 D tgnet   : connection(0xb400006deab26d00) set current timeout = 900
04-22 11:14:26.644 12182 12273 D tgnet   : connection(0xb400006deab26d00, account9, dc5, type 8) received message len 88 but packet larger 177
04-22 11:14:26.644 12182 12273 D tgnet   : connection(0xb400006deab26d00, account9, dc5, type 8) received object 7TL_pong
04-22 11:14:26.644 12182 12273 D tgnet   : process server response 0xb400006daf080a00 - 7TL_pong
04-22 11:14:26.644 12182 12273 D tgnet   : connection(0xb400006deab26d00, account9, dc5, type 8) received push ping
04-22 11:14:26.644 12182 12273 D tgnet   : connection(0xb400006deab26d00, account9, dc5, type 8) received message len 88 equal to packet size
04-22 11:14:26.644 12182 12273 D tgnet   : connection(0xb400006deab26d00, account9, dc5, type 8) received object 7TL_pong
04-22 11:14:26.644 12182 12273 D tgnet   : process server response 0xb400006daf080a00 - 7TL_pong
04-22 11:14:26.644 12182 12273 D tgnet   : connection(0xb400006deab26d00, account9, dc5, type 8) received push ping
04-22 11:14:26.646 12182 12246 D tgnet   : create new 1224 buffer
04-22 11:14:26.649 12182 12182 I oplus.android.OplusFrameworkFactoryImpl: get feature:IOplusDynamicVsyncFeature
04-22 11:14:26.649 12182 12182 I oplus.android.OplusFrameworkFactoryImpl: get feature:IOplusDynamicVsyncFeature
04-22 11:14:26.649 12182 12182 I oplus.android.OplusFrameworkFactoryImpl: get feature:IOplusDynamicVsyncFeature
04-22 11:14:26.657 12182 12182 I oplus.android.OplusFrameworkFactoryImpl: get feature:IOplusDynamicVsyncFeature
04-22 11:14:26.657 12182 12182 I oplus.android.OplusFrameworkFactoryImpl: get feature:IOplusDynamicVsyncFeature
04-22 11:14:26.657 12182 12182 I oplus.android.OplusFrameworkFactoryImpl: get feature:IOplusDynamicVsyncFeature
04-22 11:14:26.664 12182 12182 I oplus.android.OplusFrameworkFactoryImpl: get feature:IOplusDynamicVsyncFeature
04-22 11:14:26.664 12182 12182 I oplus.android.OplusFrameworkFactoryImpl: get feature:IOplusDynamicVsyncFeature
04-22 11:14:26.664 12182 12182 I oplus.android.OplusFrameworkFactoryImpl: get feature:IOplusDynamicVsyncFeature
04-22 11:14:26.706 12182 12249 D tgnet   : connection(0xb400006f19431e00, account0, dc5, type 1) received message len 984 but packet larger 2036
04-22 11:14:26.706 12182 12249 D tgnet   : not found request to parse constructor 0x74ae4240
04-22 11:14:26.706 12182 12249 D tgnet   : connection(0xb400006f19431e00, account0, dc5, type 1) received unparsed packet on 0x0
04-22 11:14:26.707 12182 12249 D tgnet   : connection(0xb400006f19431e00, account0, dc5, type 1) received message len 1048 equal to packet size
04-22 11:14:26.707 12182 12249 D tgnet   : not found request to parse constructor 0x74ae4240
04-22 11:14:26.707 12182 12249 D tgnet   : not found request to parse constructor 0x74ae4240
04-22 11:14:26.707 12182 12249 D tgnet   : connection(0xb400006f19431e00, account0, dc5, type 1) received object 16TL_msg_container
04-22 11:14:26.707 12182 12249 D tgnet   : process server response 0xb400006f1943dcc0 - 16TL_msg_container
04-22 11:14:26.707 12182 12249 D tgnet   : received container with 3 items
04-22 11:14:26.707 12182 12249 D tgnet   : inner message 0 id 0x69e8603aecf8dc01 is unparsed
04-22 11:14:26.708 12182 12249 D tgnet   : inner message 1 id 0x69e8603aecf8dc05 is unparsed
04-22 11:14:26.709 12182 12249 D tgnet   : inner message 2 id 0x69e8603aecfccc01 process
04-22 11:14:26.709 12182 12249 D tgnet   : process server response 0xb400006f1943dd80 - 11TL_msgs_ack
04-22 11:14:26.709 12182 12249 D tgnet   : connection(0xb400006f19431e00, account0, dc5, type 1) send message (session: 0x81ad4b4ad41639c7, seqno: 64, messageid: 0x69e8603ab5810800): 11TL_msgs_ack(0xb400006f1943dcc0)
04-22 11:14:26.726 12182 12249 D tgnet   : connection(0xb400006f19431e00, account0, dc5, type 1) received message len 168 equal to packet size
04-22 11:14:26.726 12182 12249 D tgnet   : api request constructor 0x3e11affb, don't parse
04-22 11:14:26.726 12182 12249 D tgnet   : connection(0xb400006f19431e00, account0, dc5, type 1) received object 16TL_msg_container
04-22 11:14:26.727 12182 12249 D tgnet   : process server response 0xb400006f1943dcc0 - 16TL_msg_container
04-22 11:14:26.727 12182 12249 D tgnet   : received container with 2 items
04-22 11:14:26.727 12182 12249 D tgnet   : inner message 0 id 0x69e8603af2adf001 process
04-22 11:14:26.727 12182 12249 D tgnet   : process server response 0xb400006daf080960 - 13TL_rpc_result
04-22 11:14:26.727 12182 12249 D tgnet   : message_id 0 connection(0xb400006f19431e00, account0, dc5, type 1) received rpc_result with 15TL_api_response
04-22 11:14:26.727 12182 12249 D tgnet   : got response for request 0xb400006dd43f6170, req_id = 32 - 14TL_api_request (messageId = 0x69e8603a8e978c00)
04-22 11:14:26.727 12182 12249 D tgnet   : 5) erase request 32 0x69e8603a8e978c00
04-22 11:14:26.727 12182 12249 D tgnet   : connection(0xb400006f19431e00, account0, dc5, type 1) send message (session: 0x81ad4b4ad41639c7, seqno: 64, messageid: 0x69e8603aba1cac00): 11TL_msgs_ack(0xb400006deab15500)
04-22 11:14:26.727 12182 12249 D tgnet   : inner message 1 id 0x69e8603af2adf005 process
04-22 11:14:26.727 12182 12249 D tgnet   : process server response 0xb400006deab154a0 - 11TL_msgs_ack
04-22 11:14:26.727 12182 12249 D tgnet   : connection(0xb400006f19431e00, account0, dc5, type 1) received message len 120 but packet larger 209
04-22 11:14:26.728 12182 12249 D tgnet   : api request constructor 0x1d73e7ea, don't parse
04-22 11:14:26.728 12182 12249 D tgnet   : connection(0xb400006f19431e00, account0, dc5, type 1) received object 13TL_rpc_result
04-22 11:14:26.728 12182 12249 D tgnet   : process server response 0xb400006daf080960 - 13TL_rpc_result
04-22 11:14:26.728 12182 12249 D tgnet   : message_id 7631455374883570689 connection(0xb400006f19431e00, account0, dc5, type 1) received rpc_result with 15TL_api_response
04-22 11:14:26.728 12182 12249 D tgnet   : got response for request 0xb400006da577c150, req_id = 34 - 14TL_api_request (messageId = 0x69e8603a95c29000)
04-22 11:14:26.728 12182 12249 D tgnet   : 5) erase request 34 0x69e8603a95c29000
04-22 11:14:26.728 12182 12249 D tgnet   : connection(0xb400006f19431e00, account0, dc5, type 1) send message (session: 0x81ad4b4ad41639c7, seqno: 64, messageid: 0x69e8603aba5e3400): 11TL_msgs_ack(0xb400006f1943dcc0)
04-22 11:14:26.728 12182 12249 D tgnet   : connection(0xb400006f19431e00, account0, dc5, type 1) received message len 88 equal to packet size
04-22 11:14:26.728 12182 12249 D tgnet   : api request constructor 0xf041e250, don't parse
04-22 11:14:26.728 12182 12249 D tgnet   : connection(0xb400006f19431e00, account0, dc5, type 1) received object 13TL_rpc_result
04-22 11:14:26.728 12182 12249 D tgnet   : process server response 0xb400006daf080960 - 13TL_rpc_result
04-22 11:14:26.728 12182 12249 D tgnet   : message_id 7631455374884296705 connection(0xb400006f19431e00, account0, dc5, type 1) received rpc_result with 15TL_api_response
04-22 11:14:26.728 12182 12249 D tgnet   : got response for request 0xb400006dd43f4320, req_id = 33 - 14TL_api_request (messageId = 0x69e8603a8f1aa000)
04-22 11:14:26.728 12182 12249 D tgnet   : 5) erase request 33 0x69e8603a8f1aa000
04-22 11:14:26.728 12182 12249 D tgnet   : connection(0xb400006f19431e00, account0, dc5, type 1) send message (session: 0x81ad4b4ad41639c7, seqno: 64, messageid: 0x69e8603aba5e3404): 11TL_msgs_ack(0xb400006f1943dcc0)
04-22 11:14:26.728 12182 12249 D tgnet   : create new 1224 buffer
04-22 11:14:26.729 12182 12182 I oplus.android.OplusFrameworkFactoryImpl: get feature:IOplusDynamicVsyncFeature
04-22 11:14:26.729 12182 12182 I oplus.android.OplusFrameworkFactoryImpl: get feature:IOplusDynamicVsyncFeature
04-22 11:14:26.729 12182 12182 I oplus.android.OplusFrameworkFactoryImpl: get feature:IOplusDynamicVsyncFeature
04-22 11:14:26.745 12182 12182 I oplus.android.OplusFrameworkFactoryImpl: get feature:IOplusDynamicVsyncFeature
04-22 11:14:26.745 12182 12182 I oplus.android.OplusFrameworkFactoryImpl: get feature:IOplusDynamicVsyncFeature
04-22 11:14:26.745 12182 12182 I oplus.android.OplusFrameworkFactoryImpl: get feature:IOplusDynamicVsyncFeature
04-22 11:14:26.775 12182 12231 V SystemSensorManagerExtImpl: RegisterListener gravity type:9 delay:30000us by org.telegram.messenger.MediaController@5876f75 from org.tele.alexgram
04-22 11:14:26.777 12182 12182 D ViewRootImplExtImpl: the up motion event handled by client, just return
04-22 11:14:26.778 12182 12231 V SystemSensorManagerExtImpl: RegisterListener linear_acc type:10 delay:30000us by org.telegram.messenger.MediaController@5876f75 from org.tele.alexgram
04-22 11:14:26.781 12182 12231 V SystemSensorManagerExtImpl: RegisterListener stk33502 ps type:8 delay:200000us by org.telegram.messenger.MediaController@5876f75 from org.tele.alexgram
04-22 11:14:26.790 12182 12182 D ViewRootImplExtImpl: wrapConfigInfoIntoFlags rotation=0, smallestScreenWidthDp=340, relayoutAsync=true, flags=0, newFlags=22282240, residentWS=false, title=org.tele.alexgram/org.telegram.messenger.BlueIcon
04-22 11:14:26.790 12182 12182 D VRI[BlueIcon]: relayoutWindow result, sizeChanged:false, surfaceControlChanged:false, transformHintChanged:false, mSurfaceSize:Point(1080, 2400), mLastSurfaceSize:Point(1080, 2400), mWidth:1080, mHeight:2400, requestedWidth:1080, requestedHeight:2400, transformHint:0, installOrientation:0, displayRotation:0, isSurfaceValid:true, attr.flag:-2122252032, tmpFrames:ClientWindowFrames{frame=[0,0][1080,2400] display=[0,0][1080,2400] parentFrame=[0,0][1080,2400]}, relayoutAsync:true, mSyncSeqId:0
04-22 11:14:26.790 12182 12182 W VRI[BlueIcon]: updateBlastSurfaceIfNeeded, surfaceSize:Point(1080, 2400), lastSurfaceSize:Point(1080, 2400), format:-3, blastBufferQueue:android.graphics.BLASTBufferQueue@1241e92
04-22 11:14:26.792 12182 12182 I LIST_DEBUG: start list: 
04-22 11:14:26.795 12182 12182 I SurfaceControl:  setExtendedRangeBrightness sc=Surface(name=org.tele.alexgram/org.telegram.messenger.BlueIcon)/@0x6496783,currentBufferRatio=1.0,desiredRatio=1.0
04-22 11:14:26.806 12182 12271 D tgnet   : connection(0xb400006deab26300) reset last event time, on connect
04-22 11:14:26.807 12182 12271 D tgnet   : connection(0xb400006deab26300, account8, dc4, type 8) connected to 149.154.167.91:5222
04-22 11:14:26.807 12182 12271 D tgnet   : connection(0xb400006deab26300, account8, dc4, type 8) send message (session: 0x349690ab2aaa2e5c, seqno: 0, messageid: 0x69e8603ace978c00): 24TL_ping_delay_disconnect(0xb400006daf080aa0)
04-22 11:14:26.807 12182 12271 D tgnet   : dc4 send ping to push connection
04-22 11:14:26.817 12182 12182 E SpannableStringBuilder: SPAN_EXCLUSIVE_EXCLUSIVE spans cannot have a zero length
04-22 11:14:26.819 12182 12182 I oplus.android.OplusFrameworkFactoryImpl: get feature:IOplusDynamicVsyncFeature
04-22 11:14:26.819 12182 12182 I oplus.android.OplusFrameworkFactoryImpl: get feature:IOplusDynamicVsyncFeature
04-22 11:14:26.819 12182 12182 I oplus.android.OplusFrameworkFactoryImpl: get feature:IOplusDynamicVsyncFeature
04-22 11:14:26.821 12182 12273 D tgnet   : connection(0xb400006deab27700, account9, dc5, type 1) received message len 104 equal to packet size
04-22 11:14:26.821 12182 12249 D tgnet   : send request 0xb400006da57e1c60 - 14TL_api_request
04-22 11:14:26.821 12182 12273 D tgnet   : not found request to parse constructor 0x78d4dec1
04-22 11:14:26.821 12182 12273 D tgnet   : connection(0xb400006deab27700, account9, dc5, type 1) received unparsed packet on 0x0
04-22 11:14:26.822 12182 12249 D tgnet   : send request wrapped 0xb400006da57e1c60 - 14TL_api_request
04-22 11:14:26.822 12182 12249 D tgnet   : messageId for token = 35, 0x69e8603ad26e9800
04-22 11:14:26.822 12182 12273 D tgnet   : connection(0xb400006deab27700, account9, dc5, type 1) send message (session: 0x242b7627aed780fb, seqno: 20, messageid: 0x69e8603ad26e9800): 11TL_msgs_ack(0xb400006da78480c0)
04-22 11:14:26.823 12182 12249 D tgnet   : connection(0xb400006f19431e00, account0, dc5, type 1) send message (session: 0x81ad4b4ad41639c7, seqno: 65, messageid: 0x69e8603ad26e9800): 14TL_api_request(0xb400006da57e1c60)
04-22 11:14:26.823 12182 12249 D tgnet   : send request 0xb400006da57e1b20 - 14TL_api_request
04-22 11:14:26.823 12182 12249 D tgnet   : send request wrapped 0xb400006da57e1b20 - 14TL_api_request
04-22 11:14:26.823 12182 12249 D tgnet   : messageId for token = 36, 0x69e8603ad2b02000
04-22 11:14:26.823 12182 12249 D tgnet   : connection(0xb400006f19431e00, account0, dc5, type 1) send message (session: 0x81ad4b4ad41639c7, seqno: 67, messageid: 0x69e8603ad2b02000): 14TL_api_request(0xb400006da57e1b20)
04-22 11:14:26.823 12182 12249 D tgnet   : send request 0xb400006da57e1d50 - 14TL_api_request
04-22 11:14:26.824 12182 12249 D tgnet   : send request wrapped 0xb400006da57e1d50 - 14TL_api_request
04-22 11:14:26.824 12182 12249 D tgnet   : messageId for token = 37, 0x69e8603ad2f1ac00
04-22 11:14:26.824 12182 12249 D tgnet   : connection(0xb400006f19431e00, account0, dc5, type 1) send message (session: 0x81ad4b4ad41639c7, seqno: 69, messageid: 0x69e8603ad2f1ac00): 14TL_api_request(0xb400006da57e1d50)
04-22 11:14:26.824 12182 12249 D tgnet   : create new 1224 buffer
04-22 11:14:26.824 12182 12249 D tgnet   : send request 0xb400006da57e1df0 - 14TL_api_request
04-22 11:14:26.824 12182 12249 D tgnet   : send request wrapped 0xb400006da57e1df0 - 14TL_api_request
04-22 11:14:26.824 12182 12249 D tgnet   : messageId for token = 38, 0x69e8603ad2f1ac04
04-22 11:14:26.824 12182 12249 D tgnet   : connection(0xb400006f19431e00, account0, dc5, type 1) send message (session: 0x81ad4b4ad41639c7, seqno: 71, messageid: 0x69e8603ad2f1ac04): 14TL_api_request(0xb400006da57e1df0)
04-22 11:14:26.824 12182 12249 D tgnet   : create new 1224 buffer
04-22 11:14:26.824 12182 12249 D tgnet   : send request 0xb400006da57e1940 - 14TL_api_request
04-22 11:14:26.824 12182 12249 D tgnet   : send request wrapped 0xb400006da57e1940 - 14TL_api_request
04-22 11:14:26.824 12182 12249 D tgnet   : messageId for token = 39, 0x69e8603ad2f1ac08
04-22 11:14:26.824 12182 12249 D tgnet   : connection(0xb400006f19431e00, account0, dc5, type 1) send message (session: 0x81ad4b4ad41639c7, seqno: 73, messageid: 0x69e8603ad2f1ac08): 14TL_api_request(0xb400006da57e1940)
04-22 11:14:26.824 12182 12249 D tgnet   : create new 1224 buffer
04-22 11:14:26.825 12182 12249 D tgnet   : send request 0xb400006da57e1da0 - 14TL_api_request
04-22 11:14:26.825 12182 12249 D tgnet   : send request wrapped 0xb400006da57e1da0 - 14TL_api_request
04-22 11:14:26.825 12182 12249 D tgnet   : messageId for token = 40, 0x69e8603ad3333400
04-22 11:14:26.825 12182 12249 D tgnet   : connection(0xb400006f19431e00, account0, dc5, type 1) send message (session: 0x81ad4b4ad41639c7, seqno: 75, messageid: 0x69e8603ad3333400): 14TL_api_request(0xb400006da57e1da0)
04-22 11:14:26.825 12182 12249 D tgnet   : create new 1224 buffer
04-22 11:14:26.833 12182 12249 D tgnet   : send request 0xb400006da57e20c0 - 14TL_api_request
04-22 11:14:26.834 12182 12249 D tgnet   : send request wrapped 0xb400006da57e20c0 - 14TL_api_request
04-22 11:14:26.834 12182 12249 D tgnet   : messageId for token = 41, 0x69e8603ad5810800
04-22 11:14:26.834 12182 12249 D tgnet   : connection(0xb400006f19431e00, account0, dc5, type 1) send message (session: 0x81ad4b4ad41639c7, seqno: 77, messageid: 0x69e8603ad5810800): 14TL_api_request(0xb400006da57e20c0)
04-22 11:14:26.844 12182 12249 D tgnet   : send request 0xb400006da57e0680 - 14TL_api_request
04-22 11:14:26.844 12182 12249 D tgnet   : send request wrapped 0xb400006da57e0680 - 14TL_api_request
04-22 11:14:26.844 12182 12249 D tgnet   : messageId for token = 42, 0x69e8603ad8106400
04-22 11:14:26.844 12182 12249 D tgnet   : connection(0xb400006f19431e00, account0, dc5, type 1) send message (session: 0x81ad4b4ad41639c7, seqno: 79, messageid: 0x69e8603ad8106400): 14TL_api_request(0xb400006da57e0680)
04-22 11:14:26.904 12182 12182 E g.tele.alexgram: hiddenapi: Accessing hidden method Landroid/view/ViewRootImpl;->getSurfaceControl()Landroid/view/SurfaceControl; (runtime_flags=0, domain=platform, api=blocked) from Lorg/telegram/messenger/AndroidUtilities; (domain=app, TargetSdkVersion=36) using reflection: denied
04-22 11:14:26.907 12182 12182 D ViewRootImplExtImpl: wrapConfigInfoIntoFlags rotation=0, smallestScreenWidthDp=340, relayoutAsync=true, flags=0, newFlags=22282240, residentWS=false, title=org.tele.alexgram/org.telegram.messenger.BlueIcon
04-22 11:14:26.907 12182 12182 D VRI[BlueIcon]: relayoutWindow result, sizeChanged:false, surfaceControlChanged:false, transformHintChanged:false, mSurfaceSize:Point(1080, 2400), mLastSurfaceSize:Point(1080, 2400), mWidth:1080, mHeight:2400, requestedWidth:1080, requestedHeight:2400, transformHint:0, installOrientation:0, displayRotation:0, isSurfaceValid:true, attr.flag:-2122252032, tmpFrames:ClientWindowFrames{frame=[0,0][1080,2400] display=[0,0][1080,2400] parentFrame=[0,0][1080,2400]}, relayoutAsync:true, mSyncSeqId:0
04-22 11:14:26.907 12182 12182 W VRI[BlueIcon]: updateBlastSurfaceIfNeeded, surfaceSize:Point(1080, 2400), lastSurfaceSize:Point(1080, 2400), format:-3, blastBufferQueue:android.graphics.BLASTBufferQueue@1241e92
04-22 11:14:26.908 12182 12182 I SurfaceControl:  setExtendedRangeBrightness sc=Surface(name=org.tele.alexgram/org.telegram.messenger.BlueIcon)/@0x6496783,currentBufferRatio=1.0,desiredRatio=1.0
04-22 11:14:26.913 12182 12249 D tgnet   : connection(0xb400006f19431e00, account0, dc5, type 1) received message len 456 equal to packet size
04-22 11:14:26.914 12182 12249 D tgnet   : not found request to parse constructor 0x74ae4240
04-22 11:14:26.914 12182 12249 D tgnet   : connection(0xb400006f19431e00, account0, dc5, type 1) received object 16TL_msg_container
04-22 11:14:26.914 12182 12249 D tgnet   : process server response 0xb400006f1943fee0 - 16TL_msg_container
04-22 11:14:26.914 12182 12249 D tgnet   : received container with 2 items
04-22 11:14:26.914 12182 12249 D tgnet   : inner message 0 id 0x69e8603b22b8b801 is unparsed
04-22 11:14:26.916 12182 12249 D tgnet   : inner message 1 id 0x69e8603b22c1cc01 process
04-22 11:14:26.917 12182 12249 D tgnet   : process server response 0xb400006deab15fe0 - 11TL_msgs_ack
04-22 11:14:26.917 12182 12249 D tgnet   : connection(0xb400006f19431e00, account0, dc5, type 1) send message (session: 0x81ad4b4ad41639c7, seqno: 80, messageid: 0x69e8603aeac08400): 11TL_msgs_ack(0xb400006f1943fee0)
04-22 11:14:26.925 12182 12249 D tgnet   : connection(0xb400006f19431e00, account0, dc5, type 1) received message len 184 equal to packet size
04-22 11:14:26.926 12182 12249 D tgnet   : api request constructor 0xc01f6fe8, don't parse
04-22 11:14:26.926 12182 12249 D tgnet   : connection(0xb400006f19431e00, account0, dc5, type 1) received object 16TL_msg_container
04-22 11:14:26.926 12182 12249 D tgnet   : process server response 0xb400006f1943fee0 - 16TL_msg_container
04-22 11:14:26.926 12182 12249 D tgnet   : received container with 2 items
04-22 11:14:26.926 12182 12249 D tgnet   : inner message 0 id 0x69e8603b258f1c01 process
04-22 11:14:26.926 12182 12249 D tgnet   : process server response 0xb400006daf081f40 - 13TL_rpc_result
04-22 11:14:26.926 12182 12249 D tgnet   : message_id 0 connection(0xb400006f19431e00, account0, dc5, type 1) received rpc_result with 15TL_api_response
04-22 11:14:26.926 12182 12249 D tgnet   : got response for request 0xb400006da57e20c0, req_id = 41 - 14TL_api_request (messageId = 0x69e8603ad5810800)
04-22 11:14:26.926 12182 12249 D tgnet   : 5) erase request 41 0x69e8603ad5810800
04-22 11:14:26.927 12182 12249 D tgnet   : connection(0xb400006f19431e00, account0, dc5, type 1) send message (session: 0x81ad4b4ad41639c7, seqno: 80, messageid: 0x69e8603aed4fe000): 11TL_msgs_ack(0xb400006deab16ac0)
04-22 11:14:26.927 12182 12249 D tgnet   : inner message 1 id 0x69e8603b258f1c05 process
04-22 11:14:26.927 12182 12249 D tgnet   : process server response 0xb400006deab15fe0 - 11TL_msgs_ack
04-22 11:14:26.927 12182 12249 D tgnet   : connection(0xb400006f19431e00, account0, dc5, type 1) received message len 168 equal to packet size
04-22 11:14:26.928 12182 12249 D tgnet   : api request constructor 0x4959427a, don't parse
04-22 11:14:26.928 12182 12249 D tgnet   : connection(0xb400006f19431e00, account0, dc5, type 1) received object 13TL_rpc_result
04-22 11:14:26.928 12182 12249 D tgnet   : process server response 0xb400006daf081ef0 - 13TL_rpc_result
04-22 11:14:26.928 12182 12249 D tgnet   : message_id 7631455375736760321 connection(0xb400006f19431e00, account0, dc5, type 1) received rpc_result with 15TL_api_response
04-22 11:14:26.928 12182 12249 D tgnet   : got response for request 0xb400006da57e1df0, req_id = 38 - 14TL_api_request (messageId = 0x69e8603ad2f1ac04)
04-22 11:14:26.928 12182 12249 D tgnet   : 5) erase request 38 0x69e8603ad2f1ac04
04-22 11:14:26.928 12182 12249 D tgnet   : connection(0xb400006f19431e00, account0, dc5, type 1) send message (session: 0x81ad4b4ad41639c7, seqno: 80, messageid: 0x69e8603aed916800): 11TL_msgs_ack(0xb400006f1943fee0)
04-22 11:14:26.929 12182 12249 D tgnet   : connection(0xb400006f19431e00, account0, dc5, type 1) received message len 152 equal to packet size
04-22 11:14:26.929 12182 12249 D tgnet   : api request constructor 0x9e727aad, don't parse
04-22 11:14:26.929 12182 12249 D tgnet   : connection(0xb400006f19431e00, account0, dc5, type 1) received object 13TL_rpc_result
04-22 11:14:26.929 12182 12249 D tgnet   : process server response 0xb400006daf081ef0 - 13TL_rpc_result
04-22 11:14:26.929 12182 12249 D tgnet   : message_id 7631455375741102081 connection(0xb400006f19431e00, account0, dc5, type 1) received rpc_result with 15TL_api_response
04-22 11:14:26.929 12182 12249 D tgnet   : got response for request 0xb400006da57e1940, req_id = 39 - 14TL_api_request (messageId = 0x69e8603ad2f1ac08)
04-22 11:14:26.930 12182 12249 D tgnet   : 5) erase request 39 0x69e8603ad2f1ac08
04-22 11:14:26.930 12182 12249 D tgnet   : connection(0xb400006f19431e00, account0, dc5, type 1) send message (session: 0x81ad4b4ad41639c7, seqno: 80, messageid: 0x69e8603aee147c00): 11TL_msgs_ack(0xb400006f1943fee0)
04-22 11:14:26.931 12182 12249 D tgnet   : connection(0xb400006f19431e00, account0, dc5, type 1) received message len 552 equal to packet size
04-22 11:14:26.931 12182 12249 D tgnet   : connection(0xb400006f19431e00, account0, dc5, type 1) received object 13TL_rpc_result
04-22 11:14:26.931 12182 12249 D tgnet   : process server response 0xb400006daf081ef0 - 13TL_rpc_result
04-22 11:14:26.931 12182 12249 D tgnet   : message_id 7631455375756834817 connection(0xb400006f19431e00, account0, dc5, type 1) received rpc_result with 14TL_gzip_packed
04-22 11:14:26.931 12182 12249 D tgnet   : got response for request 0xb400006da57e1d50, req_id = 37 - 14TL_api_request (messageId = 0x69e8603ad2f1ac00)
04-22 11:14:26.931 12182 12249 D tgnet   : api request constructor 0x9ab0feaf, don't parse
04-22 11:14:26.934 12182 12249 D tgnet   : 5) erase request 37 0x69e8603ad2f1ac00
04-22 11:14:26.934 12182 12249 D tgnet   : connection(0xb400006f19431e00, account0, dc5, type 1) send message (session: 0x81ad4b4ad41639c7, seqno: 80, messageid: 0x69e8603aef1aa000): 11TL_msgs_ack(0xb400006deab16b20)
04-22 11:14:26.940 12182 12249 D tgnet   : connection(0xb400006f19431e00, account0, dc5, type 1) received message len 552 equal to packet size
04-22 11:14:26.940 12182 12249 D tgnet   : connection(0xb400006f19431e00, account0, dc5, type 1) received object 13TL_rpc_result
04-22 11:14:26.940 12182 12249 D tgnet   : process server response 0xb400006daf081f40 - 13TL_rpc_result
04-22 11:14:26.941 12182 12249 D tgnet   : message_id 7631455375777646593 connection(0xb400006f19431e00, account0, dc5, type 1) received rpc_result with 14TL_gzip_packed
04-22 11:14:26.941 12182 12249 D tgnet   : got response for request 0xb400006da57e1c60, req_id = 35 - 14TL_api_request (messageId = 0x69e8603ad26e9800)
04-22 11:14:26.941 12182 12249 D tgnet   : api request constructor 0x9ab0feaf, don't parse
04-22 11:14:26.942 12182 12182 I LIST_DEBUG: start list: 
04-22 11:14:26.942 12182 12182 I LIST_DEBUG: show item: pinned message view 3
04-22 11:14:26.944 12182 12249 D tgnet   : 5) erase request 35 0x69e8603ad26e9800
04-22 11:14:26.944 12182 12249 D tgnet   : connection(0xb400006f19431e00, account0, dc5, type 1) send message (session: 0x81ad4b4ad41639c7, seqno: 80, messageid: 0x69e8603af1a9fc00): 11TL_msgs_ack(0xb400006da7848b40)
04-22 11:14:26.953 12182 12249 D tgnet   : connection(0xb400006f19431e00, account0, dc5, type 1) received message len 136 equal to packet size
04-22 11:14:26.953 12182 12249 D tgnet   : api request constructor 0xc776ba4e, don't parse
04-22 11:14:26.953 12182 12249 D tgnet   : connection(0xb400006f19431e00, account0, dc5, type 1) received object 13TL_rpc_result
04-22 11:14:26.953 12182 12249 D tgnet   : process server response 0xb400006daf081ef0 - 13TL_rpc_result
04-22 11:14:26.953 12182 12249 D tgnet   : message_id 7631455375853268993 connection(0xb400006f19431e00, account0, dc5, type 1) received rpc_result with 15TL_api_response
04-22 11:14:26.953 12182 12249 D tgnet   : got response for request 0xb400006da57e0680, req_id = 42 - 14TL_api_request (messageId = 0x69e8603ad8106400)
04-22 11:14:26.954 12182 12249 D tgnet   : 5) erase request 42 0x69e8603ad8106400
04-22 11:14:26.954 12182 12249 D tgnet   : connection(0xb400006f19431e00, account0, dc5, type 1) send message (session: 0x81ad4b4ad41639c7, seqno: 80, messageid: 0x69e8603af4395800): 11TL_msgs_ack(0xb400006deab15020)
04-22 11:14:26.961 12182 12249 D tgnet   : connection(0xb400006f19431e00, account0, dc5, type 1) received message len 392 equal to packet size
04-22 11:14:26.961 12182 12249 D tgnet   : connection(0xb400006f19431e00, account0, dc5, type 1) received object 13TL_rpc_result
04-22 11:14:26.961 12182 12249 D tgnet   : process server response 0xb400006daf081ef0 - 13TL_rpc_result
04-22 11:14:26.961 12182 12249 D tgnet   : message_id 7631455375885004801 connection(0xb400006f19431e00, account0, dc5, type 1) received rpc_result with 14TL_gzip_packed
04-22 11:14:26.961 12182 12249 D tgnet   : got response for request 0xb400006da57e1da0, req_id = 40 - 14TL_api_request (messageId = 0x69e8603ad3333400)
04-22 11:14:26.961 12182 12249 D tgnet   : api request constructor 0xf496b0c6, don't parse
04-22 11:14:26.965 12182 12249 D tgnet   : 5) erase request 40 0x69e8603ad3333400
04-22 11:14:26.965 12182 12249 D tgnet   : connection(0xb400006f19431e00, account0, dc5, type 1) send message (session: 0x81ad4b4ad41639c7, seqno: 80, messageid: 0x69e8603af70a4000): 11TL_msgs_ack(0xb400006deab15020)
04-22 11:14:26.965 12182 12249 D tgnet   : connection(0xb400006f19431e00, account0, dc5, type 1) received message len 1800 equal to packet size
04-22 11:14:26.966 12182 12249 D tgnet   : connection(0xb400006f19431e00, account0, dc5, type 1) received object 13TL_rpc_result
04-22 11:14:26.966 12182 12249 D tgnet   : process server response 0xb400006daf081ef0 - 13TL_rpc_result
04-22 11:14:26.966 12182 12249 D tgnet   : message_id 7631455375899099137 connection(0xb400006f19431e00, account0, dc5, type 1) received rpc_result with 14TL_gzip_packed
04-22 11:14:26.966 12182 12249 D tgnet   : got response for request 0xb400006da57e1b20, req_id = 36 - 14TL_api_request (messageId = 0x69e8603ad2b02000)
04-22 11:14:26.966 12182 12249 D tgnet   : api request constructor 0xe5d7d19c, don't parse
04-22 11:14:26.969 12182 12249 D tgnet   : 5) erase request 36 0x69e8603ad2b02000
04-22 11:14:26.969 12182 12249 D tgnet   : connection(0xb400006f19431e00, account0, dc5, type 1) send message (session: 0x81ad4b4ad41639c7, seqno: 80, messageid: 0x69e8603af8106400): 11TL_msgs_ack(0xb400006deab16f40)
04-22 11:14:27.006 12182 12271 D tgnet   : Config(0xb400006df349c280, /data/user/0/org.tele.alexgram/files/account8/dc4conf.dat) start write config
04-22 11:14:27.023 12182 12271 D tgnet   : Config(0xb400006df349c280, /data/user/0/org.tele.alexgram/files/account8/dc4conf.dat) fileno = 477
04-22 11:14:27.026 12182 12271 D tgnet   : Config(0xb400006df349c280, /data/user/0/org.tele.alexgram/files/account8/dc4conf.dat) config write ok
04-22 11:14:27.026 12182 12271 D tgnet   : connection(0xb400006deab26300) set current timeout = 900
04-22 11:14:27.026 12182 12271 D tgnet   : connection(0xb400006deab26300, account8, dc4, type 8) received message len 88 but packet larger 177
04-22 11:14:27.026 12182 12271 D tgnet   : connection(0xb400006deab26300, account8, dc4, type 8) received object 7TL_pong
04-22 11:14:27.026 12182 12271 D tgnet   : process server response 0xb400006daf081ef0 - 7TL_pong
04-22 11:14:27.026 12182 12271 D tgnet   : connection(0xb400006deab26300, account8, dc4, type 8) received push ping
04-22 11:14:27.026 12182 12271 D tgnet   : connection(0xb400006deab26300, account8, dc4, type 8) received message len 88 equal to packet size
04-22 11:14:27.026 12182 12271 D tgnet   : connection(0xb400006deab26300, account8, dc4, type 8) received object 7TL_pong
04-22 11:14:27.026 12182 12271 D tgnet   : process server response 0xb400006daf081ef0 - 7TL_pong
04-22 11:14:27.026 12182 12271 D tgnet   : connection(0xb400006deab26300, account8, dc4, type 8) received push ping
04-22 11:14:27.097 12182 12249 D tgnet   : send request 0xb400006d8849ad20 - 14TL_api_request
04-22 11:14:27.097 12182 12249 D tgnet   : send request wrapped 0xb400006d8849ad20 - 14TL_api_request
04-22 11:14:27.104 12182 12249 D tgnet   : messageId for token = 43, 0x69e8603b18d50000
04-22 11:14:27.104 12182 12249 D tgnet   : connection(0xb400006f19431e00, account0, dc5, type 1) send message (session: 0x81ad4b4ad41639c7, seqno: 81, messageid: 0x69e8603b18d50000): 14TL_api_request(0xb400006d8849ad20)
04-22 11:14:27.175 12182 12402 D nativeloader: Load /data/app/~~zmnH72g3sAedw2NCKCLr5w==/org.tele.alexgram-fRW6sADH9CvYLGPgaAAKOA==/lib/arm64/liblanguage_id_l2c_jni.so using class loader ns clns-7 (caller=/data/app/~~zmnH72g3sAedw2NCKCLr5w==/org.tele.alexgram-fRW6sADH9CvYLGPgaAAKOA==/base.apk!classes3.dex): ok
04-22 11:14:27.182 12182 12249 D tgnet   : send request 0xb400006d8849bc20 - 14TL_api_request
04-22 11:14:27.183 12182 12249 D tgnet   : send request wrapped 0xb400006d8849bc20 - 14TL_api_request
04-22 11:14:27.183 12182 12249 D tgnet   : messageId for token = 45, 0x69e8603b2ed91800
04-22 11:14:27.183 12182 12249 D tgnet   : connection(0xb400006f19431e00, account0, dc5, type 1) send message (session: 0x81ad4b4ad41639c7, seqno: 83, messageid: 0x69e8603b2ed91800): 14TL_api_request(0xb400006d8849bc20)
04-22 11:14:27.183 12182 12249 D tgnet   : send request 0xb400006d8849be50 - 14TL_api_request
04-22 11:14:27.183 12182 12249 D tgnet   : send request wrapped 0xb400006d8849be50 - 14TL_api_request
04-22 11:14:27.183 12182 12249 D tgnet   : messageId for token = 46, 0x69e8603b2ed91804
04-22 11:14:27.184 12182 12249 D tgnet   : connection(0xb400006f19431e00, account0, dc5, type 1) send message (session: 0x81ad4b4ad41639c7, seqno: 85, messageid: 0x69e8603b2ed91804): 14TL_api_request(0xb400006d8849be50)
04-22 11:14:27.185 12182 12402 I tflite  : Initialized TensorFlow Lite runtime.
04-22 11:14:27.185 12182 12402 W libc    : Access denied finding property "ro.hardware.chipname"
04-22 11:14:27.191 12182 12249 D tgnet   : connection(0xb400006f19431e00, account0, dc5, type 1) received message len 120 equal to packet size
04-22 11:14:27.192 12182 12249 D tgnet   : api request constructor 0x74ae4240, don't parse
