04-22 11:14:30.440 12182 12448 D CCodecBufferChannel: enable output slot check
04-22 11:14:30.441 12182 12448 D Codec2-OutputBufferQueue: remote graphic buffer migration 0/0
04-22 11:14:30.441 12182 12448 D Codec2Client: setOutputSurface -- generation=12474369 consumer usage=0x900
04-22 11:14:30.450 12182 12448 D Codec2Client: Surface configure completed
04-22 11:14:30.451 12182 12448 I DMABUFHEAPS: Using DMA-BUF heap named: mtk_mm
04-22 11:14:30.456 12182 12447 D MediaCodec: [0xb400006d76488000] setState: 6
04-22 11:14:30.457 12182 12447 D CCodecBufferChannel: [c2.mtk.avc.decoder#14] send inputSlots:4
04-22 11:14:30.458 12182 12439 I DMCodecAdapterFactory: Creating an asynchronous MediaCodec adapter for track type audio
04-22 11:14:30.458 12182 12439 D MediaCodec: CreateByComponentName: name c2.android.aac.decoder
04-22 11:14:30.479 12182 12439 W libc    : Access denied finding property "vendor.oplus.media.vpp.stutter"
04-22 11:14:30.479 12182 12439 D OplusFeedbackInfo: OVFR is supported in video side
04-22 11:14:30.480 12182 12439 D MediaCodec: [0xb400006d76489800] init: CCodec 0xb400006d883a4200, CCodecBufferChannel 0xb400006d76530518
04-22 11:14:30.489 12182 12470 D MediaCodec: [0xb400006d76489800] setState: 1
04-22 11:14:30.489 12182 12470 D CCodec  : allocate(c2.android.aac.decoder)
04-22 11:14:30.500 12182 12182 I Process : Sending signal. PID: 12182 SIG: 9
04-22 11:14:32.741 12516 12516 E g.tele.alexgram: Unknown bits set in runtime_flags: 0x40000000
04-22 11:14:32.741 12516 12516 I g.tele.alexgram: Using CollectorTypeCMC GC.
04-22 11:14:32.756 12516 12516 D nativeloader: Load libframework-connectivity-tiramisu-jni.so using APEX ns com_android_tethering for caller /apex/com.android.tethering/javalib/framework-connectivity-t.jar: ok
04-22 11:14:32.771 12516 12516 D OplusActivityThreadExtImpl: java.lang.NoSuchMethodException: dalvik.system.VMRuntime.SupressionGC [int, int]
04-22 11:14:32.772 12516 12516 I OneTrace: Mark active for pid=12516? true
04-22 11:14:32.772 12516 12516 D cutils-dev: otrace_set_tracing_enabled? true tag:0
04-22 11:14:32.773 12516 12516 D cutils-dev: properties changed in otrace_seq_number_changed!
04-22 11:14:32.775 12516 12527 E g.tele.alexgram: Could not write anonymous vdex /system_ext/framework/oat/arm64/mediatek-framework.vdex: Could not open /system_ext/framework/oat/arm64/mediatek-framework.vdex for writing
04-22 11:14:32.794 12516 12526 D OplusAppHeapManager: java.lang.NoSuchMethodException: dalvik.system.VMRuntime.updateProcessValue [int, int, int]
04-22 11:14:32.812 12516 12516 D OplusActivityManager: get AMS extension: android.os.BinderProxy@3995ab4
04-22 11:14:32.814 12516 12516 D callGcSupression: java.lang.NullPointerException: Attempt to invoke virtual method 'java.lang.Object java.lang.reflect.Method.invoke(java.lang.Object, java.lang.Object[])' on a null object reference
04-22 11:14:32.816 12516 12516 D CompactWindowAppManager: initCompactApplicationInfo CompactMode: , NormalMode: 
04-22 11:14:32.819 12516 12516 D OplusScrollToTopManager: setIsInWhiteList false
04-22 11:14:32.819 12516 12516 D OplusViewDebugManager: OplusViewDebugManager Constructor android.view.debug.OplusViewDebugManager@c3a9252 [mHasViewDebugProperty true] [mHasMsgDebugProperty false] [DEBUG false] [EXTRAINFOENABLE false] [LIGHT_OS true]
04-22 11:14:32.823 12516 12516 D OplusViewDragManager: For this package, DragConfig = null
04-22 11:14:32.829 12516 12516 W libc    : Access denied finding property "ro.odm.prev.product.name"
04-22 11:14:32.829 12516 12516 W libc    : Access denied finding property "ro.vendor.oplus.gundam"
04-22 11:14:33.411 12516 12516 D nativeloader: Configuring clns-7 for other apk /data/app/~~zmnH72g3sAedw2NCKCLr5w==/org.tele.alexgram-fRW6sADH9CvYLGPgaAAKOA==/base.apk. target_sdk_version=36, uses_libraries=, library_path=/data/app/~~zmnH72g3sAedw2NCKCLr5w==/org.tele.alexgram-fRW6sADH9CvYLGPgaAAKOA==/lib/arm64:/data/app/~~zmnH72g3sAedw2NCKCLr5w==/org.tele.alexgram-fRW6sADH9CvYLGPgaAAKOA==/base.apk!/lib/arm64-v8a, permitted_path=/data:/mnt/expand:/data/user/0/org.tele.alexgram
04-22 11:14:33.413 12516 12516 I Quality : ActivityThread: createClassLoader delay 582 /data/app/~~zmnH72g3sAedw2NCKCLr5w==/org.tele.alexgram-fRW6sADH9CvYLGPgaAAKOA==/base.apk 12516
04-22 11:14:33.416 12516 12516 I Quality : ActivityThread: createOrUpdateClassLoaderLocked delay 586 org.tele.alexgram 12516
04-22 11:14:33.425 12516 12516 V GraphicsEnvironment: Currently set values for:
04-22 11:14:33.425 12516 12516 V GraphicsEnvironment:   angle_gl_driver_selection_pkgs=[]
04-22 11:14:33.425 12516 12516 V GraphicsEnvironment:   angle_gl_driver_selection_values=[]
04-22 11:14:33.425 12516 12516 V GraphicsEnvironment: Global.Settings values are invalid: number of packages: 0, number of values: 0
04-22 11:14:33.425 12516 12516 V GraphicsEnvironment: Neither updatable production driver nor prerelease driver is supported.
04-22 11:14:33.427 12516 12516 D ResourcesManagerExtImpl: applyConfigurationToAppResourcesLocked app.getDisplayId() return callback.displayId:-1
04-22 11:14:33.477 12516 12516 I FirebaseApp: Device unlocked: initializing all Firebase APIs for app [DEFAULT]
04-22 11:14:33.505 12516 12516 D nativeloader: Load /data/app/~~zmnH72g3sAedw2NCKCLr5w==/org.tele.alexgram-fRW6sADH9CvYLGPgaAAKOA==/lib/arm64/libdatastore_shared_counter.so using class loader ns clns-7 (caller=/data/app/~~zmnH72g3sAedw2NCKCLr5w==/org.tele.alexgram-fRW6sADH9CvYLGPgaAAKOA==/base.apk!classes3.dex): ok
04-22 11:14:33.538 12516 12516 I FirebaseCrashlytics: Initializing Firebase Crashlytics 20.0.4 for org.tele.alexgram
04-22 11:14:33.598 12516 12516 I FirebaseInitProvider: FirebaseApp initialization successful
04-22 11:14:33.646 12516 12536 I FirebaseCrashlytics: Saved version control info
04-22 11:14:33.677 12516 12516 D nativeloader: Load libSchedAssistJni.so using system ns (caller=/system/framework/oplus-framework.jar): ok
04-22 11:14:33.677 12516 12516 D ExtensionsLoader: createInstance(64bit) : createExtendedFactory
04-22 11:14:33.678 12516 12516 D ExtensionsLoader: Opened libSchedAssistExtImpl.so
04-22 11:14:33.678 12516 12516 E SchedAssist: sysOpen failed with error=Permission denied
04-22 11:14:33.679 12516 12516 E SchedAssist: open sharedFd failed with error=Permission denied
04-22 11:14:33.679 12516 12516 E SchedAssist: open sharedFd failed with error=Permission denied
04-22 11:14:33.679 12516 12516 E SchedAssist: open sharedFd failed with error=Permission denied
04-22 11:14:33.679 12516 12516 E SchedAssist: open sharedFd failed with error=No such file or directory
04-22 11:14:33.682 12516 12516 D OplusGraphicsEvent: OplusGraphicsEventListener create now!
04-22 11:14:33.684 12516 12516 D OplusGraphicsEvent: addEventListener success!
04-22 11:14:33.685 12516 12516 D ScrollOptim [ConfigManager]: initOptConfig: pkg= org.tele.alexgram, mOptEnable= true, mAnimAheadEnable= true, mInsertDefaultNum= 1, mFrameInsertEnableList= {}, mSCEnableList= []
04-22 11:14:33.694 12516 12516 D nativeloader: Load libpowerhalwrap_jni.so using system ns (caller=/system_ext/framework/mediatek-framework.jar): ok
04-22 11:14:33.694 12516 12516 I PowerHalWrapper: PowerHalWrapper.getInstance 
04-22 11:14:33.694 12516 12516 I M-ProMotion: M-ProMotion is disabled
04-22 11:14:33.765 12516 12516 E AndroidUtilities: density = 3.175 display size = 1080 2400 391.885x390.769, screen layout: 268435810, statusbar height: 110, navbar height: 51
04-22 11:14:33.773 12516 12516 D nativeloader: Load /data/app/~~zmnH72g3sAedw2NCKCLr5w==/org.tele.alexgram-fRW6sADH9CvYLGPgaAAKOA==/lib/arm64/libtmessages.49.so using class loader ns clns-7 (caller=/data/app/~~zmnH72g3sAedw2NCKCLr5w==/org.tele.alexgram-fRW6sADH9CvYLGPgaAAKOA==/base.apk!classes3.dex): ok
04-22 11:14:33.792 12516 12516 D callGcSupression: java.lang.NullPointerException: Attempt to invoke virtual method 'java.lang.Object java.lang.reflect.Method.invoke(java.lang.Object, java.lang.Object[])' on a null object reference
04-22 11:14:33.794 12516 12516 I HWUI    : SupportApps size 0
04-22 11:14:33.798 12516 12559 D ExtensionsLoader: createInstance(64bit) : createExtendedFactory
04-22 11:14:33.798 12516 12559 D ExtensionsLoader: Opened libSchedAssistExtImpl.so
04-22 11:14:33.799 12516 12516 D ResourcesManagerExtImpl: applyConfigurationToAppResourcesLocked app.getDisplayId() return callback.displayId:0
04-22 11:14:33.801 12516 12561 D libMEOW : meow new tls: 0xb400006eaf1c4d80
04-22 11:14:33.801 12516 12561 D libMEOW : meow reload base cfg path: na
04-22 11:14:33.801 12516 12561 D libMEOW : meow reload overlay cfg path: na
04-22 11:14:33.801 12516 12561 W QT      : qt_process_init() called
04-22 11:14:33.801 12516 12561 E QT      : [QT]file does not exist
04-22 11:14:33.801 12516 12561 W QT      : Support!!
04-22 11:14:33.801 12516 12561 D libMEOW : applied 0 plugin for [org.tele.alexgram].
04-22 11:14:33.801 12516 12561 D libMEOW : meow delete tls: 0xb400006eaf1c4d80
04-22 11:14:34.162 12516 12576 V ActivityThread: Recovering failed rename /storage/emulated/0/Android/data/org.tele.alexgram/cache/000000000_999999_temp.f to /storage/emulated/0/Android/data/org.tele.alexgram/files/Telegram/Telegram Images/000000000_999999.f
04-22 11:14:34.200 12516 12576 V ActivityThread: Recovering failed rename /storage/emulated/0/Android/data/org.tele.alexgram/cache/000000000_999999_temp.f to /storage/emulated/0/Android/data/org.tele.alexgram/files/Telegram/Telegram Video/000000000_999999.f
04-22 11:14:34.203 12516 12576 V ActivityThread: Recovering failed rename /storage/emulated/0/Android/data/org.tele.alexgram/cache/000000000_999999_temp.f to /storage/emulated/0/Android/data/org.tele.alexgram/files/Telegram/Telegram Audio/000000000_999999.f
04-22 11:14:34.206 12516 12576 V ActivityThread: Recovering failed rename /storage/emulated/0/Android/data/org.tele.alexgram/cache/000000000_999999_temp.f to /storage/emulated/0/Android/data/org.tele.alexgram/files/Telegram/Telegram Documents/000000000_999999.f
04-22 11:14:34.210 12516 12576 V ActivityThread: Recovering failed rename /storage/emulated/0/Android/data/org.tele.alexgram/cache/000000000_999999_temp.f to /storage/emulated/0/Android/data/org.tele.alexgram/files/Telegram/Telegram Files/000000000_999999.f
04-22 11:14:34.216 12516 12576 V ActivityThread: Recovering failed rename /storage/emulated/0/Android/data/org.tele.alexgram/cache/000000000_999999_temp.f to /storage/emulated/0/Android/data/org.tele.alexgram/files/Telegram/Telegram Stories/000000000_999999.f
04-22 11:14:34.224 12516 12576 V ActivityThread: Recovering failed rename /storage/emulated/0/Android/data/org.tele.alexgram/cache/000000000_999999_temp.f to /storage/emulated/0/Android/media/org.tele.alexgram/Telegram/Telegram Images/000000000_999999.f
04-22 11:14:34.266 12516 12576 V ActivityThread: Recovering failed rename /storage/emulated/0/Android/data/org.tele.alexgram/cache/000000000_999999_temp.f to /storage/emulated/0/Android/media/org.tele.alexgram/Telegram/Telegram Video/000000000_999999.f
04-22 11:14:34.344 12516 12516 D tgnet   : Config(0xb400006e825ab280, /data/user/0/org.tele.alexgram/files/tgnet.dat) load, size = 6852, fileSize = 6856
04-22 11:14:34.344 12516 12516 D tgnet   : create new 16584 buffer
04-22 11:14:34.344 12516 12516 D tgnet   : config version = 5
04-22 11:14:34.344 12516 12516 D tgnet   : current dc id = 5, time difference = 0, registered for push = 1
04-22 11:14:34.344 12516 12516 D tgnet   : Config(0xb400006e825ab380, /data/user/0/org.tele.alexgram/files/dc1conf.dat) load, size = 36, fileSize = 40
04-22 11:14:34.344 12516 12516 D tgnet   : datacenter(0xb400006e8256f200) 1 loaded (hasAuthKey = 1, 0xa3d7261922f79fd9)
04-22 11:14:34.344 12516 12516 D tgnet   : Config(0xb400006e825ab480, /data/user/0/org.tele.alexgram/files/dc2conf.dat) load, size = 36, fileSize = 40
04-22 11:14:34.344 12516 12516 D tgnet   : datacenter(0xb400006e8256f400) 2 loaded (hasAuthKey = 1, 0x3d6ca84e657c65dd)
04-22 11:14:34.344 12516 12516 D tgnet   : Config(0xb400006e825ab6c0, /data/user/0/org.tele.alexgram/files/dc3conf.dat) load, size = 36, fileSize = 40
04-22 11:14:34.344 12516 12516 D tgnet   : datacenter(0xb400006e8256f600) 3 loaded (hasAuthKey = 1, 0x9210cf294fca28f6)
04-22 11:14:34.344 12516 12516 D tgnet   : Config(0xb400006e825ab880, /data/user/0/org.tele.alexgram/files/dc4conf.dat) load, size = 36, fileSize = 40
04-22 11:14:34.344 12516 12516 D tgnet   : datacenter(0xb400006e8256f800) 4 loaded (hasAuthKey = 1, 0xd3319281c838d522)
04-22 11:14:34.344 12516 12516 D tgnet   : Config(0xb400006e825ab9c0, /data/user/0/org.tele.alexgram/files/dc5conf.dat) load, size = 36, fileSize = 40
04-22 11:14:34.344 12516 12516 D tgnet   : datacenter(0xb400006e8256fa00) 5 loaded (hasAuthKey = 1, 0x32994828ebd0250a)
04-22 11:14:34.344 12516 12516 D tgnet   : Config(0xb400006e825abb00, /data/user/0/org.tele.alexgram/files/dc201conf.dat) load, size = 36, fileSize = 40
04-22 11:14:34.344 12516 12516 D tgnet   : datacenter(0xb400006e8256fc00) 201 loaded (hasAuthKey = 1, 0xfc5282547e29b870)
04-22 11:14:34.345 12516 12580 D tgnet   : network thread started
04-22 11:14:34.346 12516 12580 D tgnet   : connection(0xb400006f19430500, account0, dc5, type 8) connecting (91.108.56.144:443)
04-22 11:14:34.346 12516 12580 D tgnet   : connection(0xb400006f19430500) socketAddress6, port: 0, family:0
04-22 11:14:34.350 12516 12580 D tgnet   : connection(0xb400006f19430500) set current timeout = 30
04-22 11:14:34.350 12516 12580 D tgnet   : connection(0xb400006f19430500, account0, dc5, type 8) send message (session: 0x8323e3bd71bd492c, seqno: 0, messageid: 0x69e8604259999c00): 24TL_ping_delay_disconnect(0xb400006f1942adc0)
04-22 11:14:34.350 12516 12580 D tgnet   : dc5 send ping to push connection
04-22 11:14:34.350 12516 12577 D tgnet   : create new 1224 buffer
04-22 11:14:34.352 12516 12580 D tgnet   : connection(0xb400006f19430500, account0, dc5, type 8) suspend
04-22 11:14:34.352 12516 12580 D tgnet   : connection(0xb400006f19430500, account0, dc5, type 8) disconnected with reason 0
04-22 11:14:34.352 12516 12580 D tgnet   : connection(0xb400006f19430500) push connection closed
04-22 11:14:34.352 12516 12580 D tgnet   : connection(0xb400006f19430500) push connection closed
04-22 11:14:34.352 12516 12580 D tgnet   : push ping timeout
04-22 11:14:34.353 12516 12580 D tgnet   : connection(0xb400006f19430a00, account0, dc5, type 1) connecting (91.108.56.144:443)
04-22 11:14:34.354 12516 12580 D tgnet   : connection(0xb400006f19430a00) socketAddress6, port: 0, family:0
04-22 11:14:34.356 12516 12580 D tgnet   : connection(0xb400006f19430a00) set current timeout = 12
04-22 11:14:34.422 12516 12516 D tgnet   : Config(0xb400006df1058680, /data/user/0/org.tele.alexgram/files/account1/tgnet.dat) load, size = 1808, fileSize = 1812
04-22 11:14:34.422 12516 12516 D tgnet   : create new 4296 buffer
04-22 11:14:34.422 12516 12516 D tgnet   : config version = 5
04-22 11:14:34.423 12516 12516 D tgnet   : current dc id = 2, time difference = 0, registered for push = 0
04-22 11:14:34.423 12516 12516 D tgnet   : datacenter(0xb400006df1047000) 1 loaded (hasAuthKey = 0, 0x0)
04-22 11:14:34.423 12516 12516 D tgnet   : Config(0xb400006df1058c00, /data/user/0/org.tele.alexgram/files/account1/dc2conf.dat) load, size = 36, fileSize = 40
04-22 11:14:34.423 12516 12516 D tgnet   : datacenter(0xb400006df1047200) 2 loaded (hasAuthKey = 1, 0x503fb61d6f14a5aa)
04-22 11:14:34.423 12516 12516 D tgnet   : datacenter(0xb400006df1047400) 3 loaded (hasAuthKey = 0, 0x0)
04-22 11:14:34.423 12516 12516 D tgnet   : datacenter(0xb400006df1047600) 4 loaded (hasAuthKey = 0, 0x0)
04-22 11:14:34.423 12516 12516 D tgnet   : datacenter(0xb400006df1047800) 5 loaded (hasAuthKey = 0, 0x0)
04-22 11:14:34.424 12516 12584 D tgnet   : network thread started
04-22 11:14:34.430 12516 12584 D tgnet   : push ping timeout
04-22 11:14:34.430 12516 12584 D tgnet   : time for push ping
04-22 11:14:34.430 12516 12584 D tgnet   : connection(0xb400006f19431900, account1, dc2, type 1) connecting (149.154.167.50:5222)
04-22 11:14:34.431 12516 12584 D tgnet   : connection(0xb400006f19431900) socketAddress6, port: 0, family:0
04-22 11:14:34.433 12516 12584 D tgnet   : connection(0xb400006f19431900) set current timeout = 12
04-22 11:14:34.447 12516 12516 D tgnet   : Config(0xb400006df106dbc0, /data/user/0/org.tele.alexgram/files/account2/tgnet.dat) load, size = 2080, fileSize = 2084
04-22 11:14:34.447 12516 12516 D tgnet   : config version = 5
04-22 11:14:34.447 12516 12516 D tgnet   : current dc id = 2, time difference = 0, registered for push = 0
04-22 11:14:34.447 12516 12516 D tgnet   : datacenter(0xb400006df1047c00) 1 loaded (hasAuthKey = 0, 0x0)
04-22 11:14:34.447 12516 12516 D tgnet   : Config(0xb400006df106df00, /data/user/0/org.tele.alexgram/files/account2/dc2conf.dat) load, size = 36, fileSize = 40
04-22 11:14:34.447 12516 12516 D tgnet   : datacenter(0xb400006df1047e00) 2 loaded (hasAuthKey = 1, 0x4f481ff13a0f2513)
04-22 11:14:34.447 12516 12516 D tgnet   : datacenter(0xb400006df108f000) 3 loaded (hasAuthKey = 0, 0x0)
04-22 11:14:34.447 12516 12516 D tgnet   : datacenter(0xb400006df108f200) 4 loaded (hasAuthKey = 0, 0x0)
04-22 11:14:34.447 12516 12516 D tgnet   : datacenter(0xb400006df108f400) 5 loaded (hasAuthKey = 0, 0x0)
04-22 11:14:34.448 12516 12586 D tgnet   : network thread started
04-22 11:14:34.455 12516 12586 D tgnet   : push ping timeout
04-22 11:14:34.455 12516 12586 D tgnet   : time for push ping
04-22 11:14:34.456 12516 12586 D tgnet   : connection(0xb400006f19432300, account2, dc2, type 1) connecting (149.154.167.50:5222)
04-22 11:14:34.456 12516 12586 D tgnet   : connection(0xb400006f19432300) socketAddress6, port: 0, family:0
04-22 11:14:34.458 12516 12586 D tgnet   : connection(0xb400006f19432300) set current timeout = 12
04-22 11:14:34.468 12516 12516 D tgnet   : Config(0xb400006df10bafc0, /data/user/0/org.tele.alexgram/files/account3/tgnet.dat) load, size = 1808, fileSize = 1812
04-22 11:14:34.468 12516 12516 D tgnet   : config version = 5
04-22 11:14:34.468 12516 12516 D tgnet   : current dc id = 2, time difference = 0, registered for push = 0
04-22 11:14:34.468 12516 12516 D tgnet   : datacenter(0xb400006df108f800) 1 loaded (hasAuthKey = 0, 0x0)
04-22 11:14:34.468 12516 12516 D tgnet   : Config(0xb400006df10e6280, /data/user/0/org.tele.alexgram/files/account3/dc2conf.dat) load, size = 36, fileSize = 40
04-22 11:14:34.468 12516 12516 D tgnet   : datacenter(0xb400006df108fa00) 2 loaded (hasAuthKey = 1, 0xa2bdf9084825848c)
04-22 11:14:34.468 12516 12516 D tgnet   : datacenter(0xb400006df108fc00) 3 loaded (hasAuthKey = 0, 0x0)
04-22 11:14:34.468 12516 12516 D tgnet   : Config(0xb400006df10e65c0, /data/user/0/org.tele.alexgram/files/account3/dc4conf.dat) load, size = 36, fileSize = 40
04-22 11:14:34.468 12516 12516 D tgnet   : datacenter(0xb400006df108fe00) 4 loaded (hasAuthKey = 0, 0x0)
04-22 11:14:34.468 12516 12516 D tgnet   : datacenter(0xb400006df10b4200) 5 loaded (hasAuthKey = 0, 0x0)
04-22 11:14:34.469 12516 12588 D tgnet   : network thread started
04-22 11:14:34.476 12516 12588 D tgnet   : push ping timeout
04-22 11:14:34.476 12516 12588 D tgnet   : time for push ping
04-22 11:14:34.476 12516 12588 D tgnet   : connection(0xb400006f19432800, account3, dc2, type 1) connecting (149.154.167.41:443)
04-22 11:14:34.477 12516 12588 D tgnet   : connection(0xb400006f19432800) socketAddress6, port: 0, family:0
04-22 11:14:34.479 12516 12584 D tgnet   : send request 0xb400006e825c1970 - 14TL_api_request
04-22 11:14:34.480 12516 12588 D tgnet   : connection(0xb400006f19432800) set current timeout = 12
04-22 11:14:34.480 12516 12588 D tgnet   : send request 0xb400006e825c1a10 - 14TL_api_request
04-22 11:14:34.480 12516 12588 D tgnet   : send request wrapped 0xb400006e825c1a10 - 14TL_api_request
04-22 11:14:34.480 12516 12588 D tgnet   : can't do request without login 14TL_api_request, reschedule token 1
04-22 11:14:34.480 12516 12586 D tgnet   : send request 0xb400006e825c19c0 - 14TL_api_request
04-22 11:14:34.480 12516 12586 D tgnet   : send request wrapped 0xb400006e825c19c0 - 14TL_api_request
04-22 11:14:34.480 12516 12586 D tgnet   : can't do request without login 14TL_api_request, reschedule token 1
04-22 11:14:34.493 12516 12516 D tgnet   : Config(0xb400006df1122400, /data/user/0/org.tele.alexgram/files/account4/tgnet.dat) load, size = 1808, fileSize = 1812
04-22 11:14:34.493 12516 12516 D tgnet   : config version = 5
04-22 11:14:34.493 12516 12516 D tgnet   : current dc id = 2, time difference = 0, registered for push = 0
04-22 11:14:34.493 12516 12516 D tgnet   : datacenter(0xb400006df10b4400) 1 loaded (hasAuthKey = 0, 0x0)
04-22 11:14:34.493 12516 12584 W libc    : Access denied finding property "qemu.hw.mainkeys"
04-22 11:14:34.493 12516 12516 D tgnet   : Config(0xb400006df11226c0, /data/user/0/org.tele.alexgram/files/account4/dc2conf.dat) load, size = 36, fileSize = 40
04-22 11:14:34.493 12516 12516 D tgnet   : datacenter(0xb400006df10b4600) 2 loaded (hasAuthKey = 1, 0x247f23082d1f3f0b)
04-22 11:14:34.493 12516 12516 D tgnet   : datacenter(0xb400006df10b4800) 3 loaded (hasAuthKey = 0, 0x0)
04-22 11:14:34.493 12516 12516 D tgnet   : datacenter(0xb400006df10b4a00) 4 loaded (hasAuthKey = 0, 0x0)
04-22 11:14:34.493 12516 12516 D tgnet   : datacenter(0xb400006df10b4c00) 5 loaded (hasAuthKey = 0, 0x0)
04-22 11:14:34.493 12516 12584 W libc    : Access denied finding property "qemu.sf.lcd_density"
04-22 11:14:34.494 12516 12584 W libc    : Access denied finding property "ro.serialno"
04-22 11:14:34.494 12516 12592 D tgnet   : network thread started
04-22 11:14:34.501 12516 12592 D tgnet   : push ping timeout
04-22 11:14:34.501 12516 12592 D tgnet   : time for push ping
04-22 11:14:34.502 12516 12592 D tgnet   : connection(0xb400006f0d9ec100, account4, dc2, type 1) connecting (149.154.167.41:443)
04-22 11:14:34.502 12516 12592 D tgnet   : connection(0xb400006f0d9ec100) socketAddress6, port: 0, family:0
04-22 11:14:34.505 12516 12592 D tgnet   : connection(0xb400006f0d9ec100) set current timeout = 12
04-22 11:14:34.505 12516 12592 D tgnet   : send request 0xb400006df11429b0 - 14TL_api_request
04-22 11:14:34.506 12516 12592 D tgnet   : send request wrapped 0xb400006df11429b0 - 14TL_api_request
04-22 11:14:34.506 12516 12592 D tgnet   : can't do request without login 14TL_api_request, reschedule token 1
04-22 11:14:34.518 12516 12516 D tgnet   : Config(0xb400006df1148600, /data/user/0/org.tele.alexgram/files/account5/tgnet.dat) load, size = 1808, fileSize = 1812
04-22 11:14:34.518 12516 12516 D tgnet   : config version = 5
04-22 11:14:34.518 12516 12516 D tgnet   : current dc id = 2, time difference = 0, registered for push = 0
04-22 11:14:34.518 12516 12516 D tgnet   : datacenter(0xb400006df10b4e00) 1 loaded (hasAuthKey = 0, 0x0)
04-22 11:14:34.518 12516 12516 D tgnet   : Config(0xb400006df1148a80, /data/user/0/org.tele.alexgram/files/account5/dc2conf.dat) load, size = 36, fileSize = 40
04-22 11:14:34.518 12516 12516 D tgnet   : datacenter(0xb400006df116f000) 2 loaded (hasAuthKey = 1, 0x9fd101c3e2174ddf)
04-22 11:14:34.518 12516 12516 D tgnet   : datacenter(0xb400006df116f200) 3 loaded (hasAuthKey = 0, 0x0)
04-22 11:14:34.518 12516 12516 D tgnet   : datacenter(0xb400006df116f400) 4 loaded (hasAuthKey = 0, 0x0)
04-22 11:14:34.518 12516 12516 D tgnet   : datacenter(0xb400006df116f600) 5 loaded (hasAuthKey = 0, 0x0)
04-22 11:14:34.519 12516 12594 D tgnet   : network thread started
04-22 11:14:34.520 12516 12593 D tgnet   : create new 8 buffer
04-22 11:14:34.527 12516 12594 D tgnet   : push ping timeout
04-22 11:14:34.527 12516 12594 D tgnet   : time for push ping
04-22 11:14:34.527 12516 12594 D tgnet   : connection(0xb400006f0d9ecb00, account5, dc2, type 1) connecting (149.154.167.41:443)
04-22 11:14:34.528 12516 12594 D tgnet   : connection(0xb400006f0d9ecb00) socketAddress6, port: 0, family:0
04-22 11:14:34.528 12516 12584 D tgnet   : wrap in layer 14TL_api_request, flags = 2
04-22 11:14:34.528 12516 12584 D tgnet   : send request wrapped 0xb400006f1942c440 - 15invokeWithLayer
04-22 11:14:34.528 12516 12584 D tgnet   : can't do request without login 14TL_api_request, reschedule token 1
04-22 11:14:34.530 12516 12594 D tgnet   : connection(0xb400006f0d9ecb00) set current timeout = 12
04-22 11:14:34.531 12516 12594 D tgnet   : send request 0xb400006df1142b40 - 14TL_api_request
04-22 11:14:34.531 12516 12594 D tgnet   : wrap in layer 14TL_api_request, flags = 2
04-22 11:14:34.531 12516 12594 D tgnet   : send request wrapped 0xb400006df1143090 - 15invokeWithLayer
04-22 11:14:34.531 12516 12594 D tgnet   : can't do request without login 14TL_api_request, reschedule token 1
04-22 11:14:34.542 12516 12516 D tgnet   : Config(0xb400006df118d600, /data/user/0/org.tele.alexgram/files/account6/tgnet.dat) load, size = 1808, fileSize = 1812
04-22 11:14:34.542 12516 12516 D tgnet   : config version = 5
04-22 11:14:34.542 12516 12516 D tgnet   : current dc id = 2, time difference = 0, registered for push = 0
04-22 11:14:34.542 12516 12516 D tgnet   : datacenter(0xb400006df116f800) 1 loaded (hasAuthKey = 0, 0x0)
04-22 11:14:34.542 12516 12516 D tgnet   : Config(0xb400006df118d880, /data/user/0/org.tele.alexgram/files/account6/dc2conf.dat) load, size = 36, fileSize = 40
04-22 11:14:34.542 12516 12516 D tgnet   : datacenter(0xb400006df116fa00) 2 loaded (hasAuthKey = 1, 0x9d47b37707773989)
04-22 11:14:34.542 12516 12516 D tgnet   : datacenter(0xb400006df116fc00) 3 loaded (hasAuthKey = 0, 0x0)
04-22 11:14:34.542 12516 12516 D tgnet   : datacenter(0xb400006df116fe00) 4 loaded (hasAuthKey = 0, 0x0)
04-22 11:14:34.542 12516 12516 D tgnet   : datacenter(0xb400006df119e000) 5 loaded (hasAuthKey = 0, 0x0)
04-22 11:14:34.542 12516 12596 D tgnet   : network thread started
04-22 11:14:34.544 12516 12595 D tgnet   : create new 8 buffer
04-22 11:14:34.545 12516 12580 D tgnet   : connection(0xb400006f19430a00) reset last event time, on connect
04-22 11:14:34.556 12516 12580 D tgnet   : connection(0xb400006f19430a00, account0, dc5, type 1) connected to 91.108.56.144:443
04-22 11:14:34.556 12516 12580 D tgnet   : connection(0xb400006f19430a00, account0, dc5, type 1) send message (session: 0xcc94dc3c790b6b52, seqno: 0, messageid: 0x69e860428e560400): 18TL_destroy_session(0xb400006f1942cee0)
04-22 11:14:34.557 12516 12596 D tgnet   : push ping timeout
04-22 11:14:34.558 12516 12596 D tgnet   : time for push ping
04-22 11:14:34.558 12516 12596 D tgnet   : connection(0xb400006df119f000, account6, dc2, type 1) connecting (149.154.167.41:443)
04-22 11:14:34.558 12516 12596 D tgnet   : connection(0xb400006df119f000) socketAddress6, port: 0, family:0
04-22 11:14:34.561 12516 12596 D tgnet   : connection(0xb400006df119f000) set current timeout = 12
04-22 11:14:34.561 12516 12596 D tgnet   : send request 0xb400006df1143220 - 14TL_api_request
04-22 11:14:34.561 12516 12596 D tgnet   : send request wrapped 0xb400006df1143220 - 14TL_api_request
04-22 11:14:34.561 12516 12596 D tgnet   : can't do request without login 14TL_api_request, reschedule token 1
04-22 11:14:34.564 12516 12597 D tgnet   : create new 8 buffer
04-22 11:14:34.569 12516 12516 D tgnet   : Config(0xb400006df118dec0, /data/user/0/org.tele.alexgram/files/account7/tgnet.dat) load, size = 6792, fileSize = 6796
04-22 11:14:34.569 12516 12516 D tgnet   : config version = 5
04-22 11:14:34.569 12516 12516 D tgnet   : current dc id = 5, time difference = 0, registered for push = 1
04-22 11:14:34.569 12516 12516 D tgnet   : Config(0xb400006df11a4640, /data/user/0/org.tele.alexgram/files/account7/dc1conf.dat) load, size = 36, fileSize = 40
04-22 11:14:34.569 12516 12516 D tgnet   : datacenter(0xb400006df119e400) 1 loaded (hasAuthKey = 1, 0x7878933d3a7ae8ae)
04-22 11:14:34.569 12516 12516 D tgnet   : Config(0xb400006df11a4800, /data/user/0/org.tele.alexgram/files/account7/dc2conf.dat) load, size = 36, fileSize = 40
04-22 11:14:34.569 12516 12516 D tgnet   : datacenter(0xb400006df119e600) 2 loaded (hasAuthKey = 1, 0xd16658165e0200ea)
04-22 11:14:34.569 12516 12516 D tgnet   : datacenter(0xb400006df119e800) 3 loaded (hasAuthKey = 0, 0x0)
04-22 11:14:34.569 12516 12516 D tgnet   : Config(0xb400006df11a4b00, /data/user/0/org.tele.alexgram/files/account7/dc4conf.dat) load, size = 36, fileSize = 40
04-22 11:14:34.569 12516 12516 D tgnet   : datacenter(0xb400006df119ea00) 4 loaded (hasAuthKey = 1, 0xade6b770a0b3396)
04-22 11:14:34.569 12516 12516 D tgnet   : Config(0xb400006df11a4c40, /data/user/0/org.tele.alexgram/files/account7/dc5conf.dat) load, size = 36, fileSize = 40
04-22 11:14:34.569 12516 12516 D tgnet   : datacenter(0xb400006df119ec00) 5 loaded (hasAuthKey = 1, 0xcf36ac6268e0e7f5)
04-22 11:14:34.569 12516 12516 D tgnet   : Config(0xb400006df11a4d80, /data/user/0/org.tele.alexgram/files/account7/dc201conf.dat) load, size = 36, fileSize = 40
04-22 11:14:34.569 12516 12516 D tgnet   : datacenter(0xb400006df119ee00) 201 loaded (hasAuthKey = 1, 0xa7775378766c1276)
04-22 11:14:34.573 12516 12599 D tgnet   : network thread started
04-22 11:14:34.574 12516 12599 D tgnet   : connection(0xb400006f19434b00, account7, dc5, type 8) connecting (91.108.56.185:5222)
04-22 11:14:34.574 12516 12599 D tgnet   : connection(0xb400006f19434b00) socketAddress6, port: 0, family:0
04-22 11:14:34.584 12516 12599 D tgnet   : connection(0xb400006f19434b00) set current timeout = 30
04-22 11:14:34.584 12516 12599 D tgnet   : connection(0xb400006f19434b00, account7, dc5, type 8) send message (session: 0xd8d013765d7dc22b, seqno: 0, messageid: 0x69e8604295810800): 24TL_ping_delay_disconnect(0xb400006f1942d890)
04-22 11:14:34.584 12516 12599 D tgnet   : dc5 send ping to push connection
04-22 11:14:34.585 12516 12599 D tgnet   : connection(0xb400006f19434b00, account7, dc5, type 8) suspend
04-22 11:14:34.585 12516 12599 D tgnet   : connection(0xb400006f19434b00, account7, dc5, type 8) disconnected with reason 0
04-22 11:14:34.585 12516 12599 D tgnet   : connection(0xb400006f19434b00) push connection closed
04-22 11:14:34.585 12516 12599 D tgnet   : connection(0xb400006f19434b00) push connection closed
04-22 11:14:34.585 12516 12599 D tgnet   : push ping timeout
04-22 11:14:34.591 12516 12599 D tgnet   : connection(0xb400006f195c0000, account7, dc5, type 1) connecting (91.108.56.185:5222)
04-22 11:14:34.591 12516 12599 D tgnet   : connection(0xb400006f195c0000) socketAddress6, port: 0, family:0
04-22 11:14:34.594 12516 12599 D tgnet   : connection(0xb400006f195c0000) set current timeout = 12
04-22 11:14:34.594 12516 12599 D tgnet   : send request 0xb400006df1143680 - 14TL_api_request
04-22 11:14:34.595 12516 12599 D tgnet   : send request wrapped 0xb400006df1143680 - 14TL_api_request
04-22 11:14:34.595 12516 12600 D tgnet   : create new 8 buffer
04-22 11:14:34.596 12516 12516 D tgnet   : Config(0xb400006df11a7c40, /data/user/0/org.tele.alexgram/files/account8/tgnet.dat) load, size = 6284, fileSize = 6288
04-22 11:14:34.596 12516 12516 D tgnet   : config version = 5
04-22 11:14:34.596 12516 12516 D tgnet   : current dc id = 4, time difference = 0, registered for push = 1
04-22 11:14:34.596 12516 12516 D tgnet   : Config(0xb400006df11a7e00, /data/user/0/org.tele.alexgram/files/account8/dc1conf.dat) load, size = 36, fileSize = 40
04-22 11:14:34.596 12516 12516 D tgnet   : datacenter(0xb400006df11a6200) 1 loaded (hasAuthKey = 1, 0x1353ac86f8d99eb2)
04-22 11:14:34.597 12516 12516 D tgnet   : Config(0xb400006df11a7fc0, /data/user/0/org.tele.alexgram/files/account8/dc2conf.dat) load, size = 36, fileSize = 40
04-22 11:14:34.597 12516 12516 D tgnet   : datacenter(0xb400006df11a6400) 2 loaded (hasAuthKey = 1, 0x5352c0efb89d9e08)
04-22 11:14:34.597 12516 12516 D tgnet   : datacenter(0xb400006df11a6600) 3 loaded (hasAuthKey = 0, 0x0)
04-22 11:14:34.597 12516 12516 D tgnet   : Config(0xb400006ddbe132c0, /data/user/0/org.tele.alexgram/files/account8/dc4conf.dat) load, size = 36, fileSize = 40
04-22 11:14:34.597 12516 12516 D tgnet   : datacenter(0xb400006df11a6800) 4 loaded (hasAuthKey = 1, 0x5823874f836ce7ed)
04-22 11:14:34.597 12516 12516 D tgnet   : Config(0xb400006ddbe13400, /data/user/0/org.tele.alexgram/files/account8/dc5conf.dat) load, size = 36, fileSize = 40
04-22 11:14:34.597 12516 12516 D tgnet   : datacenter(0xb400006df11a6a00) 5 loaded (hasAuthKey = 1, 0x293faf59aa5117d3)
04-22 11:14:34.597 12516 12516 D tgnet   : Config(0xb400006ddbe13540, /data/user/0/org.tele.alexgram/files/account8/dc201conf.dat) load, size = 36, fileSize = 40
04-22 11:14:34.597 12516 12516 D tgnet   : datacenter(0xb400006df11a6c00) 201 loaded (hasAuthKey = 1, 0x8af1d340c3b1fc32)
04-22 11:14:34.597 12516 12601 D tgnet   : network thread started
04-22 11:14:34.600 12516 12601 D tgnet   : connection(0xb400006f195c0a00, account8, dc4, type 8) connecting (149.154.167.91:5222)
04-22 11:14:34.601 12516 12601 D tgnet   : connection(0xb400006f195c0a00) socketAddress6, port: 0, family:0
04-22 11:14:34.603 12516 12601 D tgnet   : connection(0xb400006f195c0a00) set current timeout = 30
04-22 11:14:34.603 12516 12601 D tgnet   : connection(0xb400006f195c0a00, account8, dc4, type 8) send message (session: 0x349690ab2aaa2e5c, seqno: 0, messageid: 0x69e860429a5e3400): 24TL_ping_delay_disconnect(0xb400006f1942d8e0)
04-22 11:14:34.603 12516 12601 D tgnet   : dc4 send ping to push connection
04-22 11:14:34.606 12516 12601 D tgnet   : connection(0xb400006f195c0a00, account8, dc4, type 8) suspend
04-22 11:14:34.606 12516 12601 D tgnet   : connection(0xb400006f195c0a00, account8, dc4, type 8) disconnected with reason 0
04-22 11:14:34.606 12516 12601 D tgnet   : connection(0xb400006f195c0a00) push connection closed
04-22 11:14:34.606 12516 12601 D tgnet   : connection(0xb400006f195c0a00) push connection closed
04-22 11:14:34.606 12516 12601 D tgnet   : push ping timeout
04-22 11:14:34.606 12516 12601 D tgnet   : connection(0xb400006f195c0500, account8, dc4, type 1) connecting (149.154.167.91:5222)
04-22 11:14:34.606 12516 12601 D tgnet   : connection(0xb400006f195c0500) socketAddress6, port: 0, family:0
04-22 11:14:34.610 12516 12601 D tgnet   : connection(0xb400006f195c0500) set current timeout = 12
04-22 11:14:34.610 12516 12601 D tgnet   : send request 0xb400006df11b2780 - 14TL_api_request
04-22 11:14:34.610 12516 12601 D tgnet   : send request wrapped 0xb400006df11b2780 - 14TL_api_request
04-22 11:14:34.621 12516 12603 D tgnet   : create new 8 buffer
04-22 11:14:34.624 12516 12603 D tgnet   : create new 1224 buffer
04-22 11:14:34.626 12516 12516 D tgnet   : Config(0xb400006ddbe644c0, /data/user/0/org.tele.alexgram/files/account9/tgnet.dat) load, size = 8052, fileSize = 8056
04-22 11:14:34.626 12516 12516 D tgnet   : config version = 5
04-22 11:14:34.626 12516 12516 D tgnet   : current dc id = 5, time difference = 0, registered for push = 1
04-22 11:14:34.626 12516 12516 D tgnet   : Config(0xb400006ddbe645c0, /data/user/0/org.tele.alexgram/files/account9/dc1conf.dat) load, size = 36, fileSize = 40
04-22 11:14:34.626 12516 12516 D tgnet   : datacenter(0xb400006ddbe83000) 1 loaded (hasAuthKey = 1, 0x66dc899bf8e37304)
04-22 11:14:34.626 12516 12516 D tgnet   : Config(0xb400006ddbe64740, /data/user/0/org.tele.alexgram/files/account9/dc2conf.dat) load, size = 36, fileSize = 40
04-22 11:14:34.626 12516 12516 D tgnet   : datacenter(0xb400006ddbe83200) 2 loaded (hasAuthKey = 1, 0xc6bda5a23f66fb7d)
04-22 11:14:34.626 12516 12516 D tgnet   : Config(0xb400006ddbe64900, /data/user/0/org.tele.alexgram/files/account9/dc3conf.dat) load, size = 36, fileSize = 40
04-22 11:14:34.626 12516 12516 D tgnet   : datacenter(0xb400006ddbe83400) 3 loaded (hasAuthKey = 1, 0xa20cf0b8e1baae70)
04-22 11:14:34.626 12516 12516 D tgnet   : Config(0xb400006ddbe64a40, /data/user/0/org.tele.alexgram/files/account9/dc4conf.dat) load, size = 36, fileSize = 40
04-22 11:14:34.626 12516 12516 D tgnet   : datacenter(0xb400006ddbe83600) 4 loaded (hasAuthKey = 1, 0x2e83f2289cdc7851)
04-22 11:14:34.626 12516 12516 D tgnet   : Config(0xb400006ddbe64b80, /data/user/0/org.tele.alexgram/files/account9/dc5conf.dat) load, size = 36, fileSize = 40
04-22 11:14:34.626 12516 12516 D tgnet   : datacenter(0xb400006ddbe83800) 5 loaded (hasAuthKey = 1, 0x3251639be98faa7e)
04-22 11:14:34.626 12516 12516 D tgnet   : Config(0xb400006ddbe64cc0, /data/user/0/org.tele.alexgram/files/account9/dc201conf.dat) load, size = 36, fileSize = 40
04-22 11:14:34.626 12516 12516 D tgnet   : datacenter(0xb400006ddbe83a00) 201 loaded (hasAuthKey = 1, 0xb9c152beb34c90f1)
04-22 11:14:34.628 12516 12605 D tgnet   : network thread started
04-22 11:14:34.629 12516 12605 D tgnet   : connection(0xb400006f195c0f00, account9, dc5, type 8) connecting (91.108.56.160:443)
04-22 11:14:34.630 12516 12605 D tgnet   : connection(0xb400006f195c0f00) socketAddress6, port: 0, family:0
04-22 11:14:34.634 12516 12605 D tgnet   : connection(0xb400006f195c0f00) set current timeout = 30
04-22 11:14:34.634 12516 12605 D tgnet   : connection(0xb400006f195c0f00, account9, dc5, type 8) send message (session: 0x3c0fdbd0ac2fccb5, seqno: 0, messageid: 0x69e86042a24dd400): 24TL_ping_delay_disconnect(0xb400006f1942dac0)
04-22 11:14:34.634 12516 12605 D tgnet   : dc5 send ping to push connection
04-22 11:14:34.635 12516 12605 D tgnet   : connection(0xb400006f195c0f00, account9, dc5, type 8) suspend
04-22 11:14:34.635 12516 12605 D tgnet   : connection(0xb400006f195c0f00, account9, dc5, type 8) disconnected with reason 0
04-22 11:14:34.635 12516 12605 D tgnet   : connection(0xb400006f195c0f00) push connection closed
04-22 11:14:34.635 12516 12605 D tgnet   : connection(0xb400006f195c0f00) push connection closed
04-22 11:14:34.635 12516 12605 D tgnet   : push ping timeout
04-22 11:14:34.637 12516 12605 D tgnet   : connection(0xb400006f195c1400, account9, dc5, type 1) connecting (91.108.56.160:443)
04-22 11:14:34.638 12516 12605 D tgnet   : connection(0xb400006f195c1400) socketAddress6, port: 0, family:0
04-22 11:14:34.640 12516 12605 D tgnet   : connection(0xb400006f195c1400) set current timeout = 12
04-22 11:14:34.641 12516 12605 D tgnet   : send request 0xb400006df11b5e80 - 14TL_api_request
04-22 11:14:34.641 12516 12605 D tgnet   : send request wrapped 0xb400006df11b5e80 - 14TL_api_request
04-22 11:14:34.646 12516 12586 D tgnet   : connection(0xb400006f19432300) reset last event time, on connect
04-22 11:14:34.647 12516 12586 D tgnet   : connection(0xb400006f19432300, account2, dc2, type 1) connected to 149.154.167.50:5222
04-22 11:14:34.647 12516 12586 D tgnet   : connection(0xb400006f19432300, account2, dc2, type 1) send message (session: 0xfc0b54ca05ba61a8, seqno: 0, messageid: 0x69e86042a5a1cc00): 18TL_destroy_session(0xb400006f1942db10)
04-22 11:14:34.678 12516 12566 D ExtensionsLoader: createInstance(64bit) : createExtendedFactory
04-22 11:14:34.682 12516 12607 D AudioRecord: getMinFrameCount 1920
04-22 11:14:34.683 12516 12566 D ExtensionsLoader: Opened libsensorextimpl.so
04-22 11:14:34.686 12516 12580 D tgnet   : Config(0xb400006e825ab9c0, /data/user/0/org.tele.alexgram/files/dc5conf.dat) start write config
04-22 11:14:34.687 12516 12580 D tgnet   : Config(0xb400006e825ab9c0, /data/user/0/org.tele.alexgram/files/dc5conf.dat) fileno = 273
04-22 11:14:34.688 12516 12566 E FileLog : SecurityException: listen
04-22 11:14:34.688 12516 12566 W System.err: java.lang.SecurityException: listen
04-22 11:14:34.689 12516 12566 W System.err: 	at android.os.Parcel.createExceptionOrNull(Parcel.java:3271)
04-22 11:14:34.689 12516 12566 W System.err: 	at android.os.Parcel.createException(Parcel.java:3255)
04-22 11:14:34.689 12516 12566 W System.err: 	at android.os.Parcel.readException(Parcel.java:3238)
04-22 11:14:34.689 12516 12566 W System.err: 	at android.os.Parcel.readException(Parcel.java:3180)
04-22 11:14:34.689 12516 12566 W System.err: 	at com.android.internal.telephony.ITelephonyRegistry$Stub$Proxy.listenWithEventList(ITelephonyRegistry.java:1218)
04-22 11:14:34.689 12516 12566 W System.err: 	at android.telephony.TelephonyRegistryManager.listenFromListener(TelephonyRegistryManager.java:322)
04-22 11:14:34.689 12516 12566 W System.err: 	at android.telephony.TelephonyManager.listen(TelephonyManager.java:6886)
04-22 11:14:34.689 12516 12566 W System.err: 	at org.telegram.messenger.MediaController.lambda$new$3(MediaController.java:1486)
04-22 11:14:34.689 12516 12566 W System.err: 	at org.telegram.messenger.MediaController.$r8$lambda$QWe00RaIbvpbhYrPaZcDeBgI2ug(MediaController.java:0)
04-22 11:14:34.689 12516 12566 W System.err: 	at org.telegram.messenger.MediaController$$ExternalSyntheticLambda46.run(R8$$SyntheticClass:0)
04-22 11:14:34.689 12516 12566 W System.err: 	at android.os.Handler.handleCallback(Handler.java:973)
04-22 11:14:34.689 12516 12566 W System.err: 	at android.os.Handler.dispatchMessage(Handler.java:100)
04-22 11:14:34.689 12516 12566 W System.err: 	at android.os.Looper.loopOnce(Looper.java:282)
04-22 11:14:34.689 12516 12566 W System.err: 	at android.os.Looper.loop(Looper.java:387)
04-22 11:14:34.689 12516 12566 W System.err: 	at org.telegram.messenger.DispatchQueue.run(DispatchQueue.java:141)
04-22 11:14:34.689 12516 12566 W System.err: Caused by: android.os.RemoteException: Remote stack trace:
04-22 11:14:34.689 12516 12566 W System.err: 	at com.android.internal.telephony.TelephonyPermissions.enforceCarrierPrivilege(TelephonyPermissions.java:694)
04-22 11:14:34.689 12516 12566 W System.err: 	at com.android.internal.telephony.TelephonyPermissions.checkReadPhoneState(TelephonyPermissions.java:186)
04-22 11:14:34.689 12516 12566 W System.err: 	at com.android.internal.telephony.TelephonyPermissions.checkCallingOrSelfReadPhoneState(TelephonyPermissions.java:96)
04-22 11:14:34.689 12516 12566 W System.err: 	at com.android.server.TelephonyRegistry.checkListenerPermission(TelephonyRegistry.java:4104)
04-22 11:14:34.689 12516 12566 W System.err: 	at com.android.server.TelephonyRegistry.listen(TelephonyRegistry.java:1148)
04-22 11:14:34.697 12516 12599 D tgnet   : connection(0xb400006f195c0000) reset last event time, on connect
04-22 11:14:34.697 12516 12599 D tgnet   : connection(0xb400006f195c0000, account7, dc5, type 1) connected to 91.108.56.185:5222
04-22 11:14:34.698 12516 12580 D tgnet   : Config(0xb400006e825ab9c0, /data/user/0/org.tele.alexgram/files/dc5conf.dat) config write ok
04-22 11:14:34.698 12516 12599 D tgnet   : messageId for token = 1, 0x69e86042b2b02004
04-22 11:14:34.767 12516 12516 W LOG_FLOWCTRL: ==LOGS OVER PROC QUOTA(300), rows(43) bytes(3857) org.tele.alexgram DROPPED==
04-22 11:14:34.767 12516 12516 E FileLog : IllegalArgumentException: View=com.android.internal.policy.DecorView{ed18af9 V.E...... R.....ID 0,0-0,0 alpha=1.0 viewInfo = }[] not attached to window manager
04-22 11:14:34.767 12516 12516 W System.err: java.lang.IllegalArgumentException: View=com.android.internal.policy.DecorView{ed18af9 V.E...... R.....ID 0,0-0,0 alpha=1.0 viewInfo = }[] not attached to window manager
04-22 11:14:34.767 12516 12516 W System.err: 	at android.view.WindowManagerGlobal.findViewLocked(WindowManagerGlobal.java:596)
04-22 11:14:34.767 12516 12516 W System.err: 	at android.view.WindowManagerGlobal.updateViewLayout(WindowManagerGlobal.java:488)
04-22 11:14:34.767 12516 12516 W System.err: 	at android.view.WindowManagerImpl.updateViewLayout(WindowManagerImpl.java:165)
04-22 11:14:34.767 12516 12516 W System.err: 	at org.telegram.messenger.AndroidUtilities.setPreferredMaxRefreshRate(AndroidUtilities.java:2977)
04-22 11:14:34.767 12516 12516 W System.err: 	at org.telegram.messenger.AndroidUtilities.setPreferredMaxRefreshRate(AndroidUtilities.java:2903)
04-22 11:14:34.767 12516 12516 W System.err: 	at org.telegram.ui.LaunchActivity.onCreate(LaunchActivity.java:460)
04-22 11:14:34.767 12516 12516 W System.err: 	at android.app.Activity.performCreate(Activity.java:9196)
04-22 11:14:34.767 12516 12516 W System.err: 	at android.app.Activity.performCreate(Activity.java:9168)
04-22 11:14:34.768 12516 12516 W System.err: 	at android.app.Instrumentation.callActivityOnCreate(Instrumentation.java:1544)
04-22 11:14:34.768 12516 12516 W System.err: 	at android.app.ActivityThread.performLaunchActivity(ActivityThread.java:4346)
04-22 11:14:34.768 12516 12516 W System.err: 	at android.app.ActivityThread.handleLaunchActivity(ActivityThread.java:4569)
04-22 11:14:34.768 12516 12516 W System.err: 	at android.app.servertransaction.LaunchActivityItem.execute(LaunchActivityItem.java:126)
04-22 11:14:34.768 12516 12516 W System.err: 	at android.app.servertransaction.TransactionExecutor.executeNonLifecycleItem(TransactionExecutor.java:179)
04-22 11:14:34.768 12516 12516 W System.err: 	at android.app.servertransaction.TransactionExecutor.executeTransactionItems(TransactionExecutor.java:114)
04-22 11:14:34.768 12516 12516 W System.err: 	at android.app.servertransaction.TransactionExecutor.execute(TransactionExecutor.java:86)
04-22 11:14:34.768 12516 12516 W System.err: 	at android.app.ActivityThread$H.handleMessage(ActivityThread.java:2902)
04-22 11:14:34.768 12516 12516 W System.err: 	at android.os.Handler.dispatchMessage(Handler.java:107)
04-22 11:14:34.768 12516 12516 W System.err: 	at android.os.Looper.loopOnce(Looper.java:282)
04-22 11:14:34.768 12516 12516 W System.err: 	at android.os.Looper.loop(Looper.java:387)
04-22 11:14:34.768 12516 12516 W System.err: 	at android.app.ActivityThread.main(ActivityThread.java:9500)
04-22 11:14:34.768 12516 12516 W System.err: 	at java.lang.reflect.Method.invoke(Native Method)
04-22 11:14:34.768 12516 12516 W System.err: 	at com.android.internal.os.RuntimeInit$MethodAndArgsCaller.run(RuntimeInit.java:600)
04-22 11:14:34.768 12516 12516 W System.err: 	at com.android.internal.os.ZygoteInit.main(ZygoteInit.java:1005)
04-22 11:14:34.782 12516 12596 D tgnet   : connection(0xb400006df119f000) reset last event time, on connect
04-22 11:14:34.783 12516 12596 D tgnet   : connection(0xb400006df119f000, account6, dc2, type 1) connected to 149.154.167.41:443
04-22 11:14:34.783 12516 12596 D tgnet   : connection(0xb400006df119f000, account6, dc2, type 1) send message (session: 0x478d95a72a28270a, seqno: 0, messageid: 0x69e86042c872b000): 18TL_destroy_session(0xb400006ddbf25130)
04-22 11:14:34.808 12516 12599 D tgnet   : Config(0xb400006df11a4c40, /data/user/0/org.tele.alexgram/files/account7/dc5conf.dat) start write config
04-22 11:14:34.809 12516 12599 D tgnet   : Config(0xb400006df11a4c40, /data/user/0/org.tele.alexgram/files/account7/dc5conf.dat) fileno = 281
04-22 11:14:34.812 12516 12599 D tgnet   : Config(0xb400006df11a4c40, /data/user/0/org.tele.alexgram/files/account7/dc5conf.dat) config write ok
04-22 11:14:34.812 12516 12599 D tgnet   : connection(0xb400006f195c0000) set current timeout = 4
04-22 11:14:34.812 12516 12599 D tgnet   : connection(0xb400006f195c0000, account7, dc5, type 1) received message len 184 equal to packet size
04-22 11:14:34.812 12516 12599 D tgnet   : connection(0xb400006f195c0000, account7, dc5, type 1) received object 16TL_msg_container
04-22 11:14:34.812 12516 12599 D tgnet   : process server response 0xb400006f19439c20 - 16TL_msg_container
04-22 11:14:34.812 12516 12599 D tgnet   : received container with 3 items
04-22 11:14:34.812 12516 12599 D tgnet   : inner message 0 id 0x69e860430794b401 process
04-22 11:14:34.812 12516 12599 D tgnet   : process server response 0xb400006f19439c80 - 22TL_new_session_created
04-22 11:14:34.812 12516 12599 D tgnet   : connection(0xb400006f195c0000, account7, dc5, type 1) new session created (first message id: 0x69e86042b2b02000, server salt: 0x14cbb01b6a5f8bbd, unique id: 0x5f4283f7a01525eb)
04-22 11:14:34.812 12516 12599 D tgnet   : Config(0xb400006df118dec0, /data/user/0/org.tele.alexgram/files/account7/tgnet.dat) start write config
04-22 11:14:34.813 12516 12599 D tgnet   : Config(0xb400006df118dec0, /data/user/0/org.tele.alexgram/files/account7/tgnet.dat) fileno = 281
04-22 11:14:34.815 12516 12599 D tgnet   : Config(0xb400006df118dec0, /data/user/0/org.tele.alexgram/files/account7/tgnet.dat) config write ok
04-22 11:14:34.815 12516 12599 D tgnet   : inner message 1 id 0x69e860430794b405 process
04-22 11:14:34.815 12516 12599 D tgnet   : process server response 0xb400006f195f8cc0 - 21TL_destroy_session_ok
04-22 11:14:34.815 12516 12599 D tgnet   : destroyed session 0x9d43abceba3dab99 (ok)
04-22 11:14:34.815 12516 12599 D tgnet   : inner message 2 id 0x69e8604307965801 process
04-22 11:14:34.815 12516 12599 D tgnet   : process server response 0xb400006f19439ce0 - 11TL_msgs_ack
04-22 11:14:34.816 12516 12599 D tgnet   : connection(0xb400006f195c0000, account7, dc5, type 1) send message (session: 0xaf37c8ffbe0f3858, seqno: 2, messageid: 0x69e86042d0e56000): 11TL_msgs_ack(0xb400006f19439c20)
04-22 11:14:34.816 12516 12599 D tgnet   : send request 0xb400006ddbf264e0 - 14TL_api_request
04-22 11:14:34.816 12516 12599 D tgnet   : send request wrapped 0xb400006ddbf264e0 - 14TL_api_request
04-22 11:14:34.816 12516 12599 D tgnet   : messageId for token = 2, 0x69e86042d0e56004
04-22 11:14:34.817 12516 12599 D tgnet   : connection(0xb400006f195c0000, account7, dc5, type 1) send message (session: 0xaf37c8ffbe0f3858, seqno: 3, messageid: 0x69e86042d0e56004): 14TL_api_request(0xb400006ddbf264e0)
04-22 11:14:34.826 12516 12601 D tgnet   : connection(0xb400006f195c0500) reset last event time, on connect
04-22 11:14:34.826 12516 12601 D tgnet   : connection(0xb400006f195c0500, account8, dc4, type 1) connected to 149.154.167.91:5222
04-22 11:14:34.826 12516 12601 D tgnet   : messageId for token = 1, 0x69e86042d374bc04
04-22 11:14:34.826 12516 12601 D tgnet   : start write messages to container
04-22 11:14:34.826 12516 12601 D tgnet   : connection(0xb400006f195c0500, account8, dc4, type 1) send message (session: 0x8641089e1232f263, seqno: 0, messageid: 0x69e86042d374bc00): 18TL_destroy_session(0xb400006f195f8cc0)
