04-22 11:14:36.084 12516 12599 D tgnet   : 5) erase request 4 0x69e86043f74bc800
04-22 11:14:36.085 12516 12599 D tgnet   : connection(0xb400006f195c0000, account7, dc5, type 1) send message (session: 0xaf37c8ffbe0f3858, seqno: 14, messageid: 0x69e8604415c29000): 11TL_msgs_ack(0xb400006db17ae6e0)
04-22 11:14:36.085 12516 12599 D tgnet   : create new 8 buffer
04-22 11:14:36.085 12516 12599 D tgnet   : connection(0xb400006f195c0000, account7, dc5, type 1) received message len 88 equal to packet size
04-22 11:14:36.085 12516 12599 D tgnet   : api request constructor 0x481eadfa, don't parse
04-22 11:14:36.085 12516 12599 D tgnet   : connection(0xb400006f195c0000, account7, dc5, type 1) received object 13TL_rpc_result
04-22 11:14:36.085 12516 12599 D tgnet   : process server response 0xb400006db11fd170 - 13TL_rpc_result
04-22 11:14:36.085 12516 12599 D tgnet   : message_id 7631455415053687809 connection(0xb400006f195c0000, account7, dc5, type 1) received rpc_result with 15TL_api_response
04-22 11:14:36.085 12516 12599 D tgnet   : got response for request 0xb400006dcecf4b00, req_id = 5 - 14TL_api_request (messageId = 0x69e86043f74bc804)
04-22 11:14:36.086 12516 12599 D tgnet   : 5) erase request 5 0x69e86043f74bc804
04-22 11:14:36.086 12516 12599 D tgnet   : connection(0xb400006f195c0000, account7, dc5, type 1) send message (session: 0xaf37c8ffbe0f3858, seqno: 14, messageid: 0x69e8604416041800): 11TL_msgs_ack(0xb400006db17ae6e0)
04-22 11:14:36.086 12516 12599 D tgnet   : create new 8 buffer
04-22 11:14:36.101 12516 12605 D tgnet   : connection(0xb400006f195c1400, account9, dc5, type 1) received message len 280 equal to packet size
04-22 11:14:36.101 12516 12605 D tgnet   : not found request to parse constructor 0x78d4dec1
04-22 11:14:36.102 12516 12605 D tgnet   : connection(0xb400006f195c1400, account9, dc5, type 1) received object 16TL_msg_container
04-22 11:14:36.102 12516 12605 D tgnet   : process server response 0xb400006db17ae740 - 16TL_msg_container
04-22 11:14:36.102 12516 12605 D tgnet   : received container with 2 items
04-22 11:14:36.102 12516 12605 D tgnet   : inner message 0 id 0x69e860444e324c01 is unparsed
04-22 11:14:36.103 12516 12605 D tgnet   : inner message 1 id 0x69e860444e379801 process
04-22 11:14:36.104 12516 12605 D tgnet   : process server response 0xb400006db17ae7a0 - 11TL_msgs_ack
04-22 11:14:36.105 12516 12605 D tgnet   : connection(0xb400006f195c1400, account9, dc5, type 1) send message (session: 0xb8b32be116273aa2, seqno: 12, messageid: 0x69e860441ae14800): 11TL_msgs_ack(0xb400006db1bf1660)
04-22 11:14:36.106 12516 12605 D tgnet   : connection(0xb400006f195c1400, account9, dc5, type 1) received message len 168 but packet larger 257
04-22 11:14:36.106 12516 12605 D tgnet   : api request constructor 0xb06fdbdf, don't parse
04-22 11:14:36.106 12516 12605 D tgnet   : connection(0xb400006f195c1400, account9, dc5, type 1) received object 16TL_msg_container
04-22 11:14:36.106 12516 12605 D tgnet   : process server response 0xb400006db1bf1660 - 16TL_msg_container
04-22 11:14:36.106 12516 12605 D tgnet   : received container with 2 items
04-22 11:14:36.106 12516 12605 D tgnet   : inner message 0 id 0x69e860444f8fcc01 process
04-22 11:14:36.107 12516 12605 D tgnet   : process server response 0xb400006db11fd350 - 13TL_rpc_result
04-22 11:14:36.107 12516 12605 D tgnet   : message_id 0 connection(0xb400006f195c1400, account9, dc5, type 1) received rpc_result with 15TL_api_response
04-22 11:14:36.107 12516 12605 D tgnet   : got response for request 0xb400006dcecf4ce0, req_id = 3 - 14TL_api_request (messageId = 0x69e86043fef9dc00)
04-22 11:14:36.109 12516 12605 D tgnet   : 5) erase request 3 0x69e86043fef9dc00
04-22 11:14:36.109 12516 12605 D tgnet   : connection(0xb400006f195c1400, account9, dc5, type 1) send message (session: 0xb8b32be116273aa2, seqno: 12, messageid: 0x69e860441be76c00): 11TL_msgs_ack(0xb400006db17ae7a0)
04-22 11:14:36.109 12516 12605 D tgnet   : inner message 1 id 0x69e860444f8fcc05 process
04-22 11:14:36.109 12516 12605 D tgnet   : process server response 0xb400006db17ae740 - 11TL_msgs_ack
04-22 11:14:36.109 12516 12605 D tgnet   : connection(0xb400006f195c1400, account9, dc5, type 1) received message len 88 equal to packet size
04-22 11:14:36.109 12516 12605 D tgnet   : api request constructor 0x481eadfa, don't parse
04-22 11:14:36.109 12516 12605 D tgnet   : connection(0xb400006f195c1400, account9, dc5, type 1) received object 13TL_rpc_result
04-22 11:14:36.109 12516 12605 D tgnet   : process server response 0xb400006db11fd170 - 13TL_rpc_result
04-22 11:14:36.109 12516 12605 D tgnet   : message_id 7631455415090527233 connection(0xb400006f195c1400, account9, dc5, type 1) received rpc_result with 15TL_api_response
04-22 11:14:36.109 12516 12605 D tgnet   : got response for request 0xb400006dcecf4f10, req_id = 6 - 14TL_api_request (messageId = 0x69e86043ff7cf000)
04-22 11:14:36.110 12516 12605 D tgnet   : 5) erase request 6 0x69e86043ff7cf000
04-22 11:14:36.110 12516 12605 D tgnet   : connection(0xb400006f195c1400, account9, dc5, type 1) send message (session: 0xb8b32be116273aa2, seqno: 12, messageid: 0x69e860441c28f800): 11TL_msgs_ack(0xb400006db1bf1660)
04-22 11:14:36.110 12516 12605 D tgnet   : connection(0xb400006f195c1400, account9, dc5, type 1) received message len 88 but packet larger 177
04-22 11:14:36.110 12516 12605 D tgnet   : api request constructor 0x481eadfa, don't parse
04-22 11:14:36.110 12516 12605 D tgnet   : connection(0xb400006f195c1400, account9, dc5, type 1) received object 13TL_rpc_result
04-22 11:14:36.110 12516 12605 D tgnet   : process server response 0xb400006db11fd170 - 13TL_rpc_result
04-22 11:14:36.110 12516 12605 D tgnet   : message_id 7631455415096175617 connection(0xb400006f195c1400, account9, dc5, type 1) received rpc_result with 15TL_api_response
04-22 11:14:36.110 12516 12605 D tgnet   : got response for request 0xb400006dcecf4e70, req_id = 5 - 14TL_api_request (messageId = 0x69e86043ff3b6400)
04-22 11:14:36.110 12516 12605 D tgnet   : 5) erase request 5 0x69e86043ff3b6400
04-22 11:14:36.111 12516 12605 D tgnet   : connection(0xb400006f195c1400, account9, dc5, type 1) send message (session: 0xb8b32be116273aa2, seqno: 12, messageid: 0x69e860441c6a8000): 11TL_msgs_ack(0xb400006db1bf1660)
04-22 11:14:36.111 12516 12605 D tgnet   : connection(0xb400006f195c1400, account9, dc5, type 1) received message len 88 equal to packet size
04-22 11:14:36.111 12516 12605 D tgnet   : api request constructor 0xb06fdbdf, don't parse
04-22 11:14:36.111 12516 12605 D tgnet   : connection(0xb400006f195c1400, account9, dc5, type 1) received object 13TL_rpc_result
04-22 11:14:36.111 12516 12605 D tgnet   : process server response 0xb400006db11fd170 - 13TL_rpc_result
04-22 11:14:36.111 12516 12605 D tgnet   : message_id 7631455415098867713 connection(0xb400006f195c1400, account9, dc5, type 1) received rpc_result with 15TL_api_response
04-22 11:14:36.111 12516 12605 D tgnet   : got response for request 0xb400006dcecf4e20, req_id = 4 - 14TL_api_request (messageId = 0x69e86043fef9dc04)
04-22 11:14:36.112 12516 12605 D tgnet   : 5) erase request 4 0x69e86043fef9dc04
04-22 11:14:36.112 12516 12605 D tgnet   : connection(0xb400006f195c1400, account9, dc5, type 1) send message (session: 0xb8b32be116273aa2, seqno: 12, messageid: 0x69e860441cac0800): 11TL_msgs_ack(0xb400006db1bf1660)
04-22 11:14:36.112 12516 12605 D tgnet   : create new 1224 buffer
04-22 11:14:36.112 12516 12605 D tgnet   : create new 8 buffer
04-22 11:14:36.113 12516 12580 D tgnet   : 5) erase request 7 0x69e860438b85200c
04-22 11:14:36.113 12516 12580 D tgnet   : connection(0xb400006f19430a00, account0, dc5, type 1) send message (session: 0xcc94dc3c790b6b52, seqno: 26, messageid: 0x69e860441ced9400): 11TL_msgs_ack(0xb400006db1bf1660)
04-22 11:14:36.113 12516 12580 D tgnet   : connection(0xb400006f19430a00, account0, dc5, type 1) received message len 312 but packet larger 1183
04-22 11:14:36.113 12516 12580 D tgnet   : api request constructor 0x7f077ad9, don't parse
04-22 11:14:36.114 12516 12580 D tgnet   : connection(0xb400006f19430a00, account0, dc5, type 1) received object 16TL_msg_container
04-22 11:14:36.114 12516 12580 D tgnet   : process server response 0xb400006db1bf1660 - 16TL_msg_container
04-22 11:14:36.114 12516 12580 D tgnet   : received container with 2 items
04-22 11:14:36.114 12516 12580 D tgnet   : inner message 0 id 0x69e860440a84dc01 process
04-22 11:14:36.114 12516 12580 D tgnet   : process server response 0xb400006db17b30c0 - 13TL_rpc_result
04-22 11:14:36.114 12516 12580 D tgnet   : message_id 0 connection(0xb400006f19430a00, account0, dc5, type 1) received rpc_result with 15TL_api_response
04-22 11:14:36.115 12516 12580 D tgnet   : got response for request 0xb400006dcecf3c50, req_id = 11 - 14TL_api_request (messageId = 0x69e86043b6c8b404)
04-22 11:14:36.117 12516 12580 D tgnet   : 5) erase request 11 0x69e86043b6c8b404
04-22 11:14:36.117 12516 12580 D tgnet   : connection(0xb400006f19430a00, account0, dc5, type 1) send message (session: 0xcc94dc3c790b6b52, seqno: 26, messageid: 0x69e860441df3b800): 11TL_msgs_ack(0xb400006db1bf1360)
04-22 11:14:36.117 12516 12580 D tgnet   : inner message 1 id 0x69e860440a84dc05 process
04-22 11:14:36.117 12516 12580 D tgnet   : process server response 0xb400006db17ae740 - 11TL_msgs_ack
04-22 11:14:36.117 12516 12580 D tgnet   : connection(0xb400006f19430a00, account0, dc5, type 1) received message len 232 but packet larger 870
04-22 11:14:36.117 12516 12580 D tgnet   : api request constructor 0x7f077ad9, don't parse
04-22 11:14:36.117 12516 12580 D tgnet   : connection(0xb400006f19430a00, account0, dc5, type 1) received object 13TL_rpc_result
04-22 11:14:36.117 12516 12580 D tgnet   : process server response 0xb400006f1942a000 - 13TL_rpc_result
04-22 11:14:36.117 12516 12580 D tgnet   : message_id 7631455413935019009 connection(0xb400006f19430a00, account0, dc5, type 1) received rpc_result with 15TL_api_response
04-22 11:14:36.117 12516 12580 D tgnet   : got response for request 0xb400006dcecf3c00, req_id = 10 - 14TL_api_request (messageId = 0x69e86043b6c8b400)
04-22 11:14:36.118 12516 12580 D tgnet   : 5) erase request 10 0x69e86043b6c8b400
04-22 11:14:36.118 12516 12580 D tgnet   : connection(0xb400006f19430a00, account0, dc5, type 1) send message (session: 0xcc94dc3c790b6b52, seqno: 26, messageid: 0x69e860441e354000): 11TL_msgs_ack(0xb400006db1bf1360)
04-22 11:14:36.118 12516 12580 D tgnet   : connection(0xb400006f19430a00, account0, dc5, type 1) received message len 88 but packet larger 637
04-22 11:14:36.118 12516 12580 D tgnet   : api request constructor 0xbc799737, don't parse
04-22 11:14:36.118 12516 12580 D tgnet   : connection(0xb400006f19430a00, account0, dc5, type 1) received object 13TL_rpc_result
04-22 11:14:36.118 12516 12580 D tgnet   : process server response 0xb400006f1942a000 - 13TL_rpc_result
04-22 11:14:36.118 12516 12580 D tgnet   : message_id 7631455413938288641 connection(0xb400006f19430a00, account0, dc5, type 1) received rpc_result with 15TL_api_response
04-22 11:14:36.118 12516 12580 D tgnet   : got response for request 0xb400006dcecf3f20, req_id = 13 - 14TL_api_request (messageId = 0x69e86043b7ced804)
04-22 11:14:36.118 12516 12580 D tgnet   : 5) erase request 13 0x69e86043b7ced804
04-22 11:14:36.118 12516 12580 D tgnet   : connection(0xb400006f19430a00, account0, dc5, type 1) send message (session: 0xcc94dc3c790b6b52, seqno: 26, messageid: 0x69e860441e354004): 11TL_msgs_ack(0xb400006db1bf1360)
04-22 11:14:36.118 12516 12580 D tgnet   : connection(0xb400006f19430a00, account0, dc5, type 1) received packet size less(545) then message size(824)
04-22 11:14:36.118 12516 12580 D tgnet   : connection(0xb400006f19430a00, account0, dc5, type 1) received message len 824 equal to packet size
04-22 11:14:36.118 12516 12580 D tgnet   : connection(0xb400006f19430a00, account0, dc5, type 1) received object 13TL_rpc_result
04-22 11:14:36.119 12516 12580 D tgnet   : process server response 0xb400006f1942a000 - 13TL_rpc_result
04-22 11:14:36.119 12516 12580 D tgnet   : message_id 7631455414002288641 connection(0xb400006f19430a00, account0, dc5, type 1) received rpc_result with 14TL_gzip_packed
04-22 11:14:36.119 12516 12580 D tgnet   : got response for request 0xb400006dcecf3e80, req_id = 12 - 14TL_api_request (messageId = 0x69e86043b7ced800)
04-22 11:14:36.119 12516 12580 D tgnet   : api request constructor 0x2064674e, don't parse
04-22 11:14:36.120 12516 12580 D tgnet   : 5) erase request 12 0x69e86043b7ced800
04-22 11:14:36.120 12516 12580 D tgnet   : connection(0xb400006f19430a00, account0, dc5, type 1) send message (session: 0xcc94dc3c790b6b52, seqno: 26, messageid: 0x69e860441eb85400): 11TL_msgs_ack(0xb400006db1bf1360)
04-22 11:14:36.120 12516 12580 D tgnet   : create new 1224 buffer
04-22 11:14:36.120 12516 12580 D tgnet   : send request 0xb400006dbf783af0 - 14TL_api_request
04-22 11:14:36.120 12516 12580 D tgnet   : send request wrapped 0xb400006dbf783af0 - 14TL_api_request
04-22 11:14:36.120 12516 12580 D tgnet   : messageId for token = 14, 0x69e860441eb85404
04-22 11:14:36.120 12516 12580 D tgnet   : connection(0xb400006f19430a00, account0, dc5, type 1) send message (session: 0xcc94dc3c790b6b52, seqno: 27, messageid: 0x69e860441eb85404): 14TL_api_request(0xb400006dbf783af0)
04-22 11:14:36.121 12516 12580 D tgnet   : send request 0xb400006dbf783b40 - 14TL_api_request
04-22 11:14:36.121 12516 12580 D tgnet   : send request wrapped 0xb400006dbf783b40 - 14TL_api_request
04-22 11:14:36.121 12516 12580 D tgnet   : messageId for token = 15, 0x69e860441ef9dc00
04-22 11:14:36.121 12516 12580 D tgnet   : connection(0xb400006f19430a00, account0, dc5, type 1) send message (session: 0xcc94dc3c790b6b52, seqno: 29, messageid: 0x69e860441ef9dc00): 14TL_api_request(0xb400006dbf783b40)
04-22 11:14:36.121 12516 12580 D tgnet   : create new 8 buffer
04-22 11:14:36.121 12516 12580 D tgnet   : send request 0xb400006dbf783b90 - 14TL_api_request
04-22 11:14:36.121 12516 12580 D tgnet   : send request wrapped 0xb400006dbf783b90 - 14TL_api_request
04-22 11:14:36.121 12516 12580 D tgnet   : messageId for token = 16, 0x69e860441ef9dc04
04-22 11:14:36.121 12516 12580 D tgnet   : connection(0xb400006f19430a00, account0, dc5, type 1) send message (session: 0xcc94dc3c790b6b52, seqno: 31, messageid: 0x69e860441ef9dc04): 14TL_api_request(0xb400006dbf783b90)
04-22 11:14:36.121 12516 12580 D tgnet   : create new 1224 buffer
04-22 11:14:36.121 12516 12580 D tgnet   : create new 8 buffer
04-22 11:14:36.121 12516 12580 D tgnet   : send request 0xb400006dbf783be0 - 14TL_api_request
04-22 11:14:36.121 12516 12580 D tgnet   : send request wrapped 0xb400006dbf783be0 - 14TL_api_request
04-22 11:14:36.121 12516 12580 D tgnet   : messageId for token = 17, 0x69e860441ef9dc08
04-22 11:14:36.121 12516 12580 D tgnet   : connection(0xb400006f19430a00, account0, dc5, type 1) send message (session: 0xcc94dc3c790b6b52, seqno: 33, messageid: 0x69e860441ef9dc08): 14TL_api_request(0xb400006dbf783be0)
04-22 11:14:36.121 12516 12580 D tgnet   : create new 1224 buffer
04-22 11:14:36.121 12516 12580 D tgnet   : create new 8 buffer
04-22 11:14:36.121 12516 12580 D tgnet   : send request 0xb400006dbf783c30 - 14TL_api_request
04-22 11:14:36.121 12516 12580 D tgnet   : send request wrapped 0xb400006dbf783c30 - 14TL_api_request
04-22 11:14:36.121 12516 12580 D tgnet   : messageId for token = 18, 0x69e860441ef9dc0c
04-22 11:14:36.121 12516 12580 D tgnet   : connection(0xb400006f19430a00, account0, dc5, type 1) send message (session: 0xcc94dc3c790b6b52, seqno: 35, messageid: 0x69e860441ef9dc0c): 14TL_api_request(0xb400006dbf783c30)
04-22 11:14:36.121 12516 12580 D tgnet   : create new 1224 buffer
04-22 11:14:36.121 12516 12580 D tgnet   : create new 8 buffer
04-22 11:14:36.121 12516 12580 D tgnet   : send request 0xb400006dcecf3ed0 - 14TL_api_request
04-22 11:14:36.121 12516 12580 D tgnet   : send request wrapped 0xb400006dcecf3ed0 - 14TL_api_request
04-22 11:14:36.121 12516 12580 D tgnet   : messageId for token = 19, 0x69e860441ef9dc10
04-22 11:14:36.121 12516 12580 D tgnet   : connection(0xb400006f19430a00, account0, dc5, type 1) send message (session: 0xcc94dc3c790b6b52, seqno: 37, messageid: 0x69e860441ef9dc10): 14TL_api_request(0xb400006dcecf3ed0)
04-22 11:14:36.121 12516 12580 D tgnet   : create new 1224 buffer
04-22 11:14:36.121 12516 12580 D tgnet   : create new 8 buffer
04-22 11:14:36.121 12516 12580 D tgnet   : send request 0xb400006dbf783eb0 - 14TL_api_request
04-22 11:14:36.121 12516 12580 D tgnet   : send request wrapped 0xb400006dbf783eb0 - 14TL_api_request
04-22 11:14:36.121 12516 12580 D tgnet   : messageId for token = 20, 0x69e860441ef9dc14
04-22 11:14:36.121 12516 12580 D tgnet   : connection(0xb400006f19430a00, account0, dc5, type 1) send message (session: 0xcc94dc3c790b6b52, seqno: 39, messageid: 0x69e860441ef9dc14): 14TL_api_request(0xb400006dbf783eb0)
04-22 11:14:36.121 12516 12580 D tgnet   : create new 1224 buffer
04-22 11:14:36.121 12516 12580 D tgnet   : create new 8 buffer
04-22 11:14:36.121 12516 12580 D tgnet   : send request 0xb400006dcecf3c00 - 14TL_api_request
04-22 11:14:36.121 12516 12580 D tgnet   : send request wrapped 0xb400006dcecf3c00 - 14TL_api_request
04-22 11:14:36.121 12516 12580 D tgnet   : messageId for token = 21, 0x69e860441ef9dc18
04-22 11:14:36.121 12516 12580 D tgnet   : connection(0xb400006f19430a00, account0, dc5, type 1) send message (session: 0xcc94dc3c790b6b52, seqno: 41, messageid: 0x69e860441ef9dc18): 14TL_api_request(0xb400006dcecf3c00)
04-22 11:14:36.121 12516 12580 D tgnet   : create new 1224 buffer
04-22 11:14:36.121 12516 12580 D tgnet   : create new 8 buffer
04-22 11:14:36.121 12516 12580 D tgnet   : send request 0xb400006dcecf4e20 - 14TL_api_request
04-22 11:14:36.121 12516 12580 D tgnet   : send request wrapped 0xb400006dcecf4e20 - 14TL_api_request
04-22 11:14:36.121 12516 12580 D tgnet   : messageId for token = 22, 0x69e860441ef9dc1c
04-22 11:14:36.121 12516 12580 D tgnet   : connection(0xb400006f19430a00, account0, dc5, type 1) send message (session: 0xcc94dc3c790b6b52, seqno: 43, messageid: 0x69e860441ef9dc1c): 14TL_api_request(0xb400006dcecf4e20)
04-22 11:14:36.122 12516 12580 D tgnet   : create new 1224 buffer
04-22 11:14:36.823 12516 12605 W LOG_FLOWCTRL: ==LOGS OVER PROC QUOTA(300), rows(357) bytes(29374) org.tele.alexgram DROPPED==
04-22 11:14:36.823 12516 12605 D tgnet   : connection(0xb400006f195c1400, account9, dc5, type 1) received message len 88 equal to packet size
04-22 11:14:36.823 12516 12605 D tgnet   : api request constructor 0x7cde641d, don't parse
04-22 11:14:36.823 12516 12605 D tgnet   : connection(0xb400006f195c1400, account9, dc5, type 1) received object 13TL_rpc_result
04-22 11:14:36.823 12516 12605 D tgnet   : process server response 0xb400006da76aca40 - 13TL_rpc_result
04-22 11:14:36.823 12516 12605 D tgnet   : message_id 7631455418167532545 connection(0xb400006f195c1400, account9, dc5, type 1) received rpc_result with 15TL_api_response
04-22 11:14:36.823 12516 12605 D tgnet   : got response for request 0xb400006ddbf26df0, req_id = 10 - 14TL_api_request (messageId = 0x69e86044b0a3d800)
04-22 11:14:36.824 12516 12605 D tgnet   : 5) erase request 10 0x69e86044b0a3d800
04-22 11:14:36.824 12516 12605 D tgnet   : connection(0xb400006f195c1400, account9, dc5, type 1) send message (session: 0xb8b32be116273aa2, seqno: 20, messageid: 0x69e86044d2f1ac00): 11TL_msgs_ack(0xb400006daae4a960)
04-22 11:14:36.826 12516 12580 D tgnet   : send request 0xb400006e825bf990 - 14TL_api_request
04-22 11:14:36.826 12516 12580 D tgnet   : send request wrapped 0xb400006e825bf990 - 14TL_api_request
04-22 11:14:36.826 12516 12580 D tgnet   : messageId for token = 28, 0x69e86044d374bc00
04-22 11:14:36.826 12516 12580 D tgnet   : connection(0xb400006f19430a00, account0, dc5, type 1) send message (session: 0xcc94dc3c790b6b52, seqno: 51, messageid: 0x69e86044d374bc00): 14TL_api_request(0xb400006e825bf990)
04-22 11:14:36.826 12516 12580 D tgnet   : Config(0xb400006e825abb00, /data/user/0/org.tele.alexgram/files/dc201conf.dat) start write config
04-22 11:14:36.827 12516 12580 D tgnet   : Config(0xb400006e825abb00, /data/user/0/org.tele.alexgram/files/dc201conf.dat) fileno = 337
04-22 11:14:36.829 12516 12580 D tgnet   : Config(0xb400006e825abb00, /data/user/0/org.tele.alexgram/files/dc201conf.dat) config write ok
04-22 11:14:36.829 12516 12580 D tgnet   : connection(0xb400006de270c800) set current timeout = 25
04-22 11:14:36.829 12516 12580 D tgnet   : connection(0xb400006de270c800, account0, dc201, type 2) received message len 168 equal to packet size
04-22 11:14:36.830 12516 12580 D tgnet   : connection(0xb400006de270c800, account0, dc201, type 2) received object 16TL_msg_container
04-22 11:14:36.830 12516 12580 D tgnet   : process server response 0xb400006db1bf1900 - 16TL_msg_container
04-22 11:14:36.830 12516 12580 D tgnet   : received container with 2 items
04-22 11:14:36.830 12516 12580 D tgnet   : inner message 0 id 0x69e860439ee30001 process
04-22 11:14:36.830 12516 12580 D tgnet   : process server response 0xb400006daae4a960 - 22TL_new_session_created
04-22 11:14:36.830 12516 12580 D tgnet   : connection(0xb400006de270c800, account0, dc201, type 2) new session created (first message id: 0x69e86044b6872c00, server salt: 0x767b0c226ab7cb63, unique id: 0xa9ba5733c252e8e2)
04-22 11:14:36.830 12516 12580 D tgnet   : Config(0xb400006e825ab280, /data/user/0/org.tele.alexgram/files/tgnet.dat) start write config
04-22 11:14:36.831 12516 12580 D tgnet   : Config(0xb400006e825ab280, /data/user/0/org.tele.alexgram/files/tgnet.dat) fileno = 337
04-22 11:14:36.833 12516 12580 D tgnet   : Config(0xb400006e825ab280, /data/user/0/org.tele.alexgram/files/tgnet.dat) config write ok
04-22 11:14:36.833 12516 12580 D tgnet   : inner message 1 id 0x69e860439ee35401 process
04-22 11:14:36.833 12516 12580 D tgnet   : process server response 0xb400006daae4acc0 - 11TL_msgs_ack
04-22 11:14:36.833 12516 12580 D tgnet   : connection(0xb400006de270c800, account0, dc201, type 2) received packet size less(11048) then message size(16616)
04-22 11:14:36.834 12516 12580 D tgnet   : create new 40000 buffer
04-22 11:14:36.853 12516 12599 D tgnet   : connection(0xb400006f195c0000, account7, dc5, type 1) received message len 152 but packet larger 241
04-22 11:14:36.854 12516 12599 D tgnet   : api request constructor 0x997275b5, don't parse
04-22 11:14:36.854 12516 12599 D tgnet   : connection(0xb400006f195c0000, account7, dc5, type 1) received object 16TL_msg_container
04-22 11:14:36.854 12516 12599 D tgnet   : process server response 0xb400006daae4b0e0 - 16TL_msg_container
04-22 11:14:36.854 12516 12599 D tgnet   : received container with 2 items
04-22 11:14:36.854 12516 12599 D tgnet   : inner message 0 id 0x69e86045120ba401 process
04-22 11:14:36.854 12516 12599 D tgnet   : process server response 0xb400006da76adda0 - 13TL_rpc_result
04-22 11:14:36.854 12516 12599 D tgnet   : message_id 0 connection(0xb400006f195c0000, account7, dc5, type 1) received rpc_result with 15TL_api_response
04-22 11:14:36.854 12516 12599 D tgnet   : got response for request 0xb400006e825c0d40, req_id = 8 - 14TL_api_request (messageId = 0x69e86044a2d0e400)
04-22 11:14:36.854 12516 12599 D tgnet   : 5) erase request 8 0x69e86044a2d0e400
04-22 11:14:36.855 12516 12599 D tgnet   : connection(0xb400006f195c0000, account7, dc5, type 1) send message (session: 0xaf37c8ffbe0f3858, seqno: 20, messageid: 0x69e86044dae14800): 11TL_msgs_ack(0xb400006daae4c7c0)
04-22 11:14:36.855 12516 12599 D tgnet   : inner message 1 id 0x69e86045120ba405 process
04-22 11:14:36.855 12516 12599 D tgnet   : process server response 0xb400006da7688340 - 11TL_msgs_ack
04-22 11:14:36.855 12516 12599 D tgnet   : connection(0xb400006f195c0000, account7, dc5, type 1) received message len 88 equal to packet size
04-22 11:14:36.855 12516 12599 D tgnet   : api request constructor 0xbc799737, don't parse
04-22 11:14:36.855 12516 12599 D tgnet   : connection(0xb400006f195c0000, account7, dc5, type 1) received object 13TL_rpc_result
04-22 11:14:36.855 12516 12599 D tgnet   : process server response 0xb400006da76adda0 - 13TL_rpc_result
04-22 11:14:36.856 12516 12599 D tgnet   : message_id 7631455418352593921 connection(0xb400006f195c0000, account7, dc5, type 1) received rpc_result with 15TL_api_response
04-22 11:14:36.856 12516 12599 D tgnet   : got response for request 0xb400006ddbf26e40, req_id = 10 - 14TL_api_request (messageId = 0x69e86044aac08400)
04-22 11:14:36.856 12516 12599 D tgnet   : 5) erase request 10 0x69e86044aac08400
04-22 11:14:36.856 12516 12599 D tgnet   : connection(0xb400006f195c0000, account7, dc5, type 1) send message (session: 0xaf37c8ffbe0f3858, seqno: 20, messageid: 0x69e86044db22d000): 11TL_msgs_ack(0xb400006da7687f80)
04-22 11:14:36.857 12516 12599 D tgnet   : connection(0xb400006f195c0000, account7, dc5, type 1) received message len 88 equal to packet size
04-22 11:14:36.858 12516 12599 D tgnet   : api request constructor 0x7cde641d, don't parse
04-22 11:14:36.858 12516 12599 D tgnet   : connection(0xb400006f195c0000, account7, dc5, type 1) received object 13TL_rpc_result
04-22 11:14:36.858 12516 12599 D tgnet   : process server response 0xb400006da76ae2a0 - 13TL_rpc_result
04-22 11:14:36.858 12516 12599 D tgnet   : message_id 7631455418384959489 connection(0xb400006f195c0000, account7, dc5, type 1) received rpc_result with 15TL_api_response
04-22 11:14:36.859 12516 12599 D tgnet   : got response for request 0xb400006ddbf25b80, req_id = 9 - 14TL_api_request (messageId = 0x69e86044a2d0e404)
04-22 11:14:36.859 12516 12599 D tgnet   : 5) erase request 9 0x69e86044a2d0e404
04-22 11:14:36.859 12516 12599 D tgnet   : connection(0xb400006f195c0000, account7, dc5, type 1) send message (session: 0xaf37c8ffbe0f3858, seqno: 20, messageid: 0x69e86044dbe76c00): 11TL_msgs_ack(0xb400006daae4c7c0)
04-22 11:14:36.878 12516 12580 D tgnet   : connection(0xb400006de270c800, account0, dc201, type 2) received message len 16616 equal to packet size
04-22 11:14:36.878 12516 12580 D tgnet   : api request constructor 0xa99fca4f, don't parse
04-22 11:14:36.878 12516 12580 D tgnet   : connection(0xb400006de270c800, account0, dc201, type 2) received object 13TL_rpc_result
04-22 11:14:36.878 12516 12580 D tgnet   : process server response 0xb400006da76ad8f0 - 13TL_rpc_result
04-22 11:14:36.878 12516 12580 D tgnet   : message_id 7631455412126970881 connection(0xb400006de270c800, account0, dc201, type 2) received rpc_result with 15TL_api_response
04-22 11:14:36.878 12516 12580 D tgnet   : got response for request 0xb400006ddbf26e90, req_id = 27 - 14TL_api_request (messageId = 0x69e86044b6872c00)
04-22 11:14:36.880 12516 12580 D tgnet   : 5) erase request 27 0x69e86044b6872c00
04-22 11:14:36.882 12516 12601 D tgnet   : connection(0xb400006f195c0500, account8, dc4, type 1) received message len 152 equal to packet size
04-22 11:14:36.882 12516 12601 D tgnet   : api request constructor 0xbc799737, don't parse
04-22 11:14:36.883 12516 12601 D tgnet   : connection(0xb400006f195c0500, account8, dc4, type 1) received object 16TL_msg_container
04-22 11:14:36.883 12516 12601 D tgnet   : process server response 0xb400006da7687f80 - 16TL_msg_container
04-22 11:14:36.883 12516 12601 D tgnet   : received container with 2 items
04-22 11:14:36.883 12516 12601 D tgnet   : inner message 0 id 0x69e86045076d8001 process
04-22 11:14:36.883 12516 12601 D tgnet   : process server response 0xb400006da76adf30 - 13TL_rpc_result
04-22 11:14:36.883 12516 12601 D tgnet   : message_id 0 connection(0xb400006f195c0500, account8, dc4, type 1) received rpc_result with 15TL_api_response
04-22 11:14:36.883 12516 12601 D tgnet   : got response for request 0xb400006ddbf25cc0, req_id = 9 - 14TL_api_request (messageId = 0x69e86044a0000000)
04-22 11:14:36.884 12516 12601 D tgnet   : 5) erase request 9 0x69e86044a0000000
04-22 11:14:36.884 12516 12601 D tgnet   : connection(0xb400006f195c0500, account8, dc4, type 1) send message (session: 0x8641089e1232f263, seqno: 20, messageid: 0x69e86044e24dd400): 11TL_msgs_ack(0xb400006daae4cfa0)
04-22 11:14:36.884 12516 12601 D tgnet   : inner message 1 id 0x69e86045076d8005 process
04-22 11:14:36.884 12516 12601 D tgnet   : process server response 0xb400006da7688100 - 11TL_msgs_ack
04-22 11:14:36.884 12516 12601 D tgnet   : connection(0xb400006f195c0500, account8, dc4, type 1) received message len 88 equal to packet size
04-22 11:14:36.885 12516 12601 D tgnet   : api request constructor 0x997275b5, don't parse
04-22 11:14:36.885 12516 12601 D tgnet   : connection(0xb400006f195c0500, account8, dc4, type 1) received object 13TL_rpc_result
04-22 11:14:36.885 12516 12601 D tgnet   : process server response 0xb400006da76ad530 - 13TL_rpc_result
04-22 11:14:36.885 12516 12601 D tgnet   : message_id 7631455418181679105 connection(0xb400006f195c0500, account8, dc4, type 1) received rpc_result with 15TL_api_response
04-22 11:14:36.885 12516 12601 D tgnet   : got response for request 0xb400006e825c1bf0, req_id = 8 - 14TL_api_request (messageId = 0x69e860449e354000)
04-22 11:14:36.885 12516 12601 D tgnet   : 5) erase request 8 0x69e860449e354000
04-22 11:14:36.886 12516 12601 D tgnet   : connection(0xb400006f195c0500, account8, dc4, type 1) send message (session: 0x8641089e1232f263, seqno: 20, messageid: 0x69e86044e2d0e400): 11TL_msgs_ack(0xb400006daae4c880)
04-22 11:14:36.893 12516 12601 D tgnet   : connection(0xb400006f195c0500, account8, dc4, type 1) received message len 88 equal to packet size
04-22 11:14:36.894 12516 12601 D tgnet   : api request constructor 0x7cde641d, don't parse
04-22 11:14:36.894 12516 12601 D tgnet   : connection(0xb400006f195c0500, account8, dc4, type 1) received object 13TL_rpc_result
04-22 11:14:36.894 12516 12601 D tgnet   : process server response 0xb400006da76acc70 - 13TL_rpc_result
04-22 11:14:36.894 12516 12601 D tgnet   : message_id 7631455418223607809 connection(0xb400006f195c0500, account8, dc4, type 1) received rpc_result with 15TL_api_response
04-22 11:14:36.894 12516 12601 D tgnet   : got response for request 0xb400006ddbf25d60, req_id = 10 - 14TL_api_request (messageId = 0x69e86044a0000004)
04-22 11:14:36.894 12516 12601 D tgnet   : 5) erase request 10 0x69e86044a0000004
04-22 11:14:36.895 12516 12601 D tgnet   : connection(0xb400006f195c0500, account8, dc4, type 1) send message (session: 0x8641089e1232f263, seqno: 20, messageid: 0x69e86044e51eb800): 11TL_msgs_ack(0xb400006da7688400)
04-22 11:14:36.949 12516 12580 D tgnet   : connection(0xb400006f19430a00, account0, dc5, type 1) received message len 152 equal to packet size
04-22 11:14:36.949 12516 12580 D tgnet   : api request constructor 0x1cb5c415, don't parse
04-22 11:14:36.949 12516 12580 D tgnet   : connection(0xb400006f19430a00, account0, dc5, type 1) received object 13TL_rpc_result
04-22 11:14:36.949 12516 12580 D tgnet   : process server response 0xb400006da76ad490 - 13TL_rpc_result
04-22 11:14:36.949 12516 12580 D tgnet   : message_id 7631455418773167105 connection(0xb400006f19430a00, account0, dc5, type 1) received rpc_result with 15TL_api_response
04-22 11:14:36.949 12516 12580 D tgnet   : got response for request 0xb400006e825bf990, req_id = 28 - 14TL_api_request (messageId = 0x69e86044d374bc00)
04-22 11:14:36.950 12516 12580 D tgnet   : 5) erase request 28 0x69e86044d374bc00
04-22 11:14:36.950 12516 12580 D tgnet   : connection(0xb400006f19430a00, account0, dc5, type 1) send message (session: 0xcc94dc3c790b6b52, seqno: 52, messageid: 0x69e86044f3333400): 11TL_msgs_ack(0xb400006daae4acc0)
04-22 11:14:37.051 12516 12520 I g.tele.alexgram: Compiler allocated 5974KB to compile void org.telegram.ui.Cells.DialogCell.onDraw(android.graphics.Canvas)
04-22 11:14:37.201 12516 12580 D tgnet   : send request 0xb400006dcecf1810 - 14TL_api_request
04-22 11:14:37.201 12516 12580 D tgnet   : send request wrapped 0xb400006dcecf1810 - 14TL_api_request
04-22 11:14:37.201 12516 12580 D tgnet   : messageId for token = 29, 0x69e860453374bc00
04-22 11:14:37.201 12516 12580 D tgnet   : connection(0xb400006f19430a00, account0, dc5, type 1) send message (session: 0xcc94dc3c790b6b52, seqno: 53, messageid: 0x69e860453374bc00): 14TL_api_request(0xb400006dcecf1810)
04-22 11:14:37.205 12516 12580 D tgnet   : send request 0xb400006dcecf1c70 - 14TL_api_request
04-22 11:14:37.205 12516 12580 D tgnet   : send request wrapped 0xb400006dcecf1c70 - 14TL_api_request
04-22 11:14:37.205 12516 12580 D tgnet   : messageId for token = 30, 0x69e86045347ae000
04-22 11:14:37.205 12516 12580 D tgnet   : connection(0xb400006f19430a00, account0, dc5, type 1) send message (session: 0xcc94dc3c790b6b52, seqno: 55, messageid: 0x69e86045347ae000): 14TL_api_request(0xb400006dcecf1c70)
04-22 11:14:37.220 12516 12580 D tgnet   : send request 0xb400006dcecf1720 - 14TL_api_request
04-22 11:14:37.221 12516 12580 D tgnet   : send request wrapped 0xb400006dcecf1720 - 14TL_api_request
04-22 11:14:37.221 12516 12580 D tgnet   : messageId for token = 31, 0x69e8604538937400
04-22 11:14:37.221 12516 12580 D tgnet   : connection(0xb400006f19430a00, account0, dc5, type 1) send message (session: 0xcc94dc3c790b6b52, seqno: 57, messageid: 0x69e8604538937400): 14TL_api_request(0xb400006dcecf1720)
04-22 11:14:37.225 12516 12605 D tgnet   : reset sleep timeout account9
04-22 11:14:37.245 12516 12521 I g.tele.alexgram: Background young concurrent mark compact GC freed 18MB AllocSpace bytes, 79(3140KB) LOS objects, 46% free, 28MB/52MB, paused 4.881ms,5.114ms total 370.477ms
04-22 11:14:37.249 12516 12580 D tgnet   : send request 0xb400006dcecf1b30 - 14TL_api_request
04-22 11:14:37.249 12516 12580 D tgnet   : send request wrapped 0xb400006dcecf1b30 - 14TL_api_request
04-22 11:14:37.249 12516 12580 D tgnet   : messageId for token = 32, 0x69e860453fbe7800
04-22 11:14:37.249 12516 12580 D tgnet   : connection(0xb400006f19430a00, account0, dc5, type 1) send message (session: 0xcc94dc3c790b6b52, seqno: 59, messageid: 0x69e860453fbe7800): 14TL_api_request(0xb400006dcecf1b30)
04-22 11:14:37.364 12516 12580 D tgnet   : connection(0xb400006f19430a00, account0, dc5, type 1) received message len 168 equal to packet size
04-22 11:14:37.364 12516 12580 D tgnet   : api request constructor 0x7cde641d, don't parse
04-22 11:14:37.364 12516 12580 D tgnet   : connection(0xb400006f19430a00, account0, dc5, type 1) received object 16TL_msg_container
04-22 11:14:37.364 12516 12580 D tgnet   : process server response 0xb400006db18a31a0 - 16TL_msg_container
04-22 11:14:37.364 12516 12580 D tgnet   : received container with 2 items
04-22 11:14:37.364 12516 12580 D tgnet   : inner message 0 id 0x69e86045955a9401 process
04-22 11:14:37.364 12516 12580 D tgnet   : process server response 0xb400006db11fdd00 - 13TL_rpc_result
04-22 11:14:37.364 12516 12580 D tgnet   : message_id 0 connection(0xb400006f19430a00, account0, dc5, type 1) received rpc_result with 15TL_api_response
04-22 11:14:37.364 12516 12580 D tgnet   : got response for request 0xb400006dcecf1810, req_id = 29 - 14TL_api_request (messageId = 0x69e860453374bc00)
04-22 11:14:37.364 12516 12580 D tgnet   : 5) erase request 29 0x69e860453374bc00
04-22 11:14:37.365 12516 12580 D tgnet   : connection(0xb400006f19430a00, account0, dc5, type 1) send message (session: 0xcc94dc3c790b6b52, seqno: 60, messageid: 0x69e860455d70a400): 11TL_msgs_ack(0xb400006db18a3500)
04-22 11:14:37.365 12516 12580 D tgnet   : inner message 1 id 0x69e86045955a9405 process
04-22 11:14:37.365 12516 12580 D tgnet   : process server response 0xb400006db17af100 - 11TL_msgs_ack
04-22 11:14:37.368 12516 12580 D tgnet   : connection(0xb400006f19430a00, account0, dc5, type 1) received message len 232 equal to packet size
04-22 11:14:37.368 12516 12580 D tgnet   : api request constructor 0xf83ae221, don't parse
04-22 11:14:37.368 12516 12580 D tgnet   : connection(0xb400006f19430a00, account0, dc5, type 1) received object 13TL_rpc_result
04-22 11:14:37.369 12516 12580 D tgnet   : process server response 0xb400006db195fd00 - 13TL_rpc_result
04-22 11:14:37.369 12516 12580 D tgnet   : message_id 7631455420574357505 connection(0xb400006f19430a00, account0, dc5, type 1) received rpc_result with 15TL_api_response
04-22 11:14:37.369 12516 12580 D tgnet   : got response for request 0xb400006dcecf1b30, req_id = 32 - 14TL_api_request (messageId = 0x69e860453fbe7800)
04-22 11:14:37.371 12516 12580 D tgnet   : 5) erase request 32 0x69e860453fbe7800
04-22 11:14:37.371 12516 12580 D tgnet   : connection(0xb400006f19430a00, account0, dc5, type 1) send message (session: 0xcc94dc3c790b6b52, seqno: 60, messageid: 0x69e860455ef9dc00): 11TL_msgs_ack(0xb400006db18a3500)
04-22 11:14:37.380 12516 12580 D tgnet   : connection(0xb400006f19430a00, account0, dc5, type 1) received message len 536 but packet larger 1860
04-22 11:14:37.380 12516 12580 D tgnet   : connection(0xb400006f19430a00, account0, dc5, type 1) received object 13TL_rpc_result
04-22 11:14:37.380 12516 12580 D tgnet   : process server response 0xb400006db11fe570 - 13TL_rpc_result
04-22 11:14:37.380 12516 12580 D tgnet   : message_id 7631455420613690369 connection(0xb400006f19430a00, account0, dc5, type 1) received rpc_result with 14TL_gzip_packed
04-22 11:14:37.380 12516 12580 D tgnet   : got response for request 0xb400006dcecf1c70, req_id = 30 - 14TL_api_request (messageId = 0x69e86045347ae000)
04-22 11:14:37.380 12516 12580 D tgnet   : api request constructor 0xc776ba4e, don't parse
04-22 11:14:37.382 12516 12580 D tgnet   : 5) erase request 30 0x69e86045347ae000
04-22 11:14:37.382 12516 12580 D tgnet   : connection(0xb400006f19430a00, account0, dc5, type 1) send message (session: 0xcc94dc3c790b6b52, seqno: 60, messageid: 0x69e8604561cac000): 11TL_msgs_ack(0xb400006db17af280)
04-22 11:14:37.382 12516 12580 D tgnet   : connection(0xb400006f19430a00, account0, dc5, type 1) received message len 1320 equal to packet size
04-22 11:14:37.382 12516 12580 D tgnet   : connection(0xb400006f19430a00, account0, dc5, type 1) received object 13TL_rpc_result
04-22 11:14:37.382 12516 12580 D tgnet   : process server response 0xb400006db11fe570 - 13TL_rpc_result
04-22 11:14:37.382 12516 12580 D tgnet   : message_id 7631455420620980225 connection(0xb400006f19430a00, account0, dc5, type 1) received rpc_result with 14TL_gzip_packed
04-22 11:14:37.382 12516 12580 D tgnet   : got response for request 0xb400006dcecf1720, req_id = 31 - 14TL_api_request (messageId = 0x69e8604538937400)
04-22 11:14:37.382 12516 12580 D tgnet   : api request constructor 0x3371c354, don't parse
04-22 11:14:37.384 12516 12580 D tgnet   : 5) erase request 31 0x69e8604538937400
04-22 11:14:37.385 12516 12580 D tgnet   : connection(0xb400006f19430a00, account0, dc5, type 1) send message (session: 0xcc94dc3c790b6b52, seqno: 60, messageid: 0x69e86045628f5c00): 11TL_msgs_ack(0xb400006db17af520)
04-22 11:14:37.480 12516 12590 W NotificationsController$1NotificationHolder: show dialog notification with id 1884170267 -2410797028 user=null chat=org.telegram.tgnet.TLRPC$TL_channel@beb7250
04-22 11:14:37.769 12516 12633 D OplusScrollToTopManager: org.tele.alexgram/org.telegram.messenger.BlueIcon,This com.android.internal.policy.DecorView{ed18af9 V.E...... R....... 0,0-1080,2400 aid=0 alpha=1.0 viewInfo = }[BlueIcon] change focus to true
04-22 11:14:37.837 12516 12590 W NotificationsController$1NotificationHolder: show dialog notification with id 2111992313 -2182974982 user=null chat=org.telegram.tgnet.TLRPC$TL_channel@155d53f
04-22 11:14:37.886 12516 12590 W NotificationsController$1NotificationHolder: show dialog notification with id 1696812572 -2598154723 user=null chat=org.telegram.tgnet.TLRPC$TL_channel@1f0323c
04-22 11:14:37.928 12516 12590 W NotificationsController$1NotificationHolder: show dialog notification with id 1574853360 -2720113935 user=null chat=org.telegram.tgnet.TLRPC$TL_channel@aa28cd4
04-22 11:14:38.061 12516 12590 W NotificationsController$1NotificationHolder: show dialog notification with id -1774630142 6815304449 user=org.telegram.tgnet.TLRPC$TL_user@157c6cc chat=null
04-22 11:14:38.062 12516 12590 W Notification: Bubbles work best with icons of TYPE_URI or TYPE_URI_ADAPTIVE_BITMAP. In the future, using an icon of this type will be required.
04-22 11:14:38.110 12516 12590 W NotificationsController$1NotificationHolder: show dialog notification with id 524544893 -3770422402 user=null chat=org.telegram.tgnet.TLRPC$TL_channel@4697fef
04-22 11:14:38.154 12516 12590 W NotificationsController$1NotificationHolder: show dialog notification with id 1959117864 -2335849431 user=null chat=org.telegram.tgnet.TLRPC$TL_channel@b94d032
04-22 11:14:38.386 12516 12580 D tgnet   : time for push ping
04-22 11:14:38.386 12516 12580 D tgnet   : connection(0xb400006f19430500, account0, dc5, type 8) connecting (91.108.56.144:443)
04-22 11:14:38.386 12516 12580 D tgnet   : connection(0xb400006f19430500) socketAddress6, port: 0, family:0
04-22 11:14:38.388 12516 12580 D tgnet   : connection(0xb400006f19430500) set current timeout = 30
04-22 11:14:38.388 12516 12580 D tgnet   : connection(0xb400006f19430500, account0, dc5, type 8) send message (session: 0x8323e3bd71bd492c, seqno: 0, messageid: 0x69e860466353f800): 24TL_ping_delay_disconnect(0xb400006db11feb60)
04-22 11:14:38.388 12516 12580 D tgnet   : dc5 send ping to push connection
04-22 11:14:38.389 12516 12580 D tgnet   : send request 0xb400006eaf05aff0 - 14TL_api_request
04-22 11:14:38.389 12516 12580 D tgnet   : send request wrapped 0xb400006eaf05aff0 - 14TL_api_request
04-22 11:14:38.389 12516 12580 D tgnet   : messageId for token = 33, 0x69e8604663958000
04-22 11:14:38.389 12516 12580 D tgnet   : connection(0xb400006f19430a00, account0, dc5, type 1) send message (session: 0xcc94dc3c790b6b52, seqno: 61, messageid: 0x69e8604663958000): 14TL_api_request(0xb400006eaf05aff0)
04-22 11:14:38.544 12516 12580 D tgnet   : connection(0xb400006f19430500) reset last event time, on connect
04-22 11:14:38.544 12516 12580 D tgnet   : connection(0xb400006f19430500, account0, dc5, type 8) connected to 91.108.56.144:443
04-22 11:14:38.544 12516 12580 D tgnet   : connection(0xb400006f19430500, account0, dc5, type 8) send message (session: 0x8323e3bd71bd492c, seqno: 0, messageid: 0x69e860468b439800): 24TL_ping_delay_disconnect(0xb400006db11fee80)
04-22 11:14:38.544 12516 12580 D tgnet   : dc5 send ping to push connection
04-22 11:14:38.552 12516 12580 D tgnet   : connection(0xb400006f19430a00, account0, dc5, type 1) received message len 88 equal to packet size
04-22 11:14:38.552 12516 12580 D tgnet   : api request constructor 0xbc799737, don't parse
04-22 11:14:38.552 12516 12580 D tgnet   : connection(0xb400006f19430a00, account0, dc5, type 1) received object 13TL_rpc_result
04-22 11:14:38.552 12516 12580 D tgnet   : process server response 0xb400006db25ed980 - 13TL_rpc_result
04-22 11:14:38.552 12516 12580 D tgnet   : message_id 7631455425652222977 connection(0xb400006f19430a00, account0, dc5, type 1) received rpc_result with 15TL_api_response
04-22 11:14:38.552 12516 12580 D tgnet   : got response for request 0xb400006eaf05aff0, req_id = 33 - 14TL_api_request (messageId = 0x69e8604663958000)
04-22 11:14:38.553 12516 12580 D tgnet   : 5) erase request 33 0x69e8604663958000
04-22 11:14:38.553 12516 12580 D tgnet   : connection(0xb400006f19430a00, account0, dc5, type 1) send message (session: 0xcc94dc3c790b6b52, seqno: 62, messageid: 0x69e860468d916800): 11TL_msgs_ack(0xb400006db18a2420)
04-22 11:14:38.646 12516 12580 D tgnet   : Config(0xb400006e825ab9c0, /data/user/0/org.tele.alexgram/files/dc5conf.dat) start write config
04-22 11:14:38.646 12516 12580 D tgnet   : Config(0xb400006e825ab9c0, /data/user/0/org.tele.alexgram/files/dc5conf.dat) fileno = 476
04-22 11:14:38.649 12516 12580 D tgnet   : Config(0xb400006e825ab9c0, /data/user/0/org.tele.alexgram/files/dc5conf.dat) config write ok
04-22 11:14:38.649 12516 12580 D tgnet   : connection(0xb400006f19430500) set current timeout = 900
04-22 11:14:38.649 12516 12580 D tgnet   : connection(0xb400006f19430500, account0, dc5, type 8) received message len 88 but packet larger 177
04-22 11:14:38.649 12516 12580 D tgnet   : connection(0xb400006f19430500, account0, dc5, type 8) received object 7TL_pong
04-22 11:14:38.649 12516 12580 D tgnet   : process server response 0xb400006db11ff420 - 7TL_pong
04-22 11:14:38.649 12516 12580 D tgnet   : connection(0xb400006f19430500, account0, dc5, type 8) received push ping
04-22 11:14:38.649 12516 12580 D tgnet   : connection(0xb400006f19430500, account0, dc5, type 8) received message len 88 equal to packet size
04-22 11:14:38.649 12516 12580 D tgnet   : connection(0xb400006f19430500, account0, dc5, type 8) received object 7TL_pong
04-22 11:14:38.649 12516 12580 D tgnet   : process server response 0xb400006db11ff420 - 7TL_pong
04-22 11:14:38.649 12516 12580 D tgnet   : connection(0xb400006f19430500, account0, dc5, type 8) received push ping
04-22 11:14:38.767 12516 12516 D ViewRootImplExtImpl: wrapConfigInfoIntoFlags rotation=0, smallestScreenWidthDp=340, relayoutAsync=true, flags=0, newFlags=22282240, residentWS=false, title=org.tele.alexgram/org.telegram.messenger.BlueIcon
04-22 11:14:38.767 12516 12516 D VRI[BlueIcon]: relayoutWindow result, sizeChanged:false, surfaceControlChanged:false, transformHintChanged:false, mSurfaceSize:Point(1080, 2400), mLastSurfaceSize:Point(1080, 2400), mWidth:1080, mHeight:2400, requestedWidth:1080, requestedHeight:2400, transformHint:0, installOrientation:0, displayRotation:0, isSurfaceValid:true, attr.flag:-2122252032, tmpFrames:ClientWindowFrames{frame=[0,0][1080,2400] display=[0,0][1080,2400] parentFrame=[0,0][1080,2400]}, relayoutAsync:true, mSyncSeqId:0
04-22 11:14:38.768 12516 12516 W VRI[BlueIcon]: updateBlastSurfaceIfNeeded, surfaceSize:Point(1080, 2400), lastSurfaceSize:Point(1080, 2400), format:-3, blastBufferQueue:android.graphics.BLASTBufferQueue@30d275c
04-22 11:14:38.769 12516 12516 I SurfaceControl:  setExtendedRangeBrightness sc=Surface(name=org.tele.alexgram/org.telegram.messenger.BlueIcon)/@0x6c2ae8d,currentBufferRatio=1.0,desiredRatio=1.0
04-22 11:14:38.863 12516 12599 D tgnet   : time for push ping
04-22 11:14:38.863 12516 12599 D tgnet   : connection(0xb400006f19434b00, account7, dc5, type 8) connecting (91.108.56.185:5222)
04-22 11:14:38.863 12516 12599 D tgnet   : connection(0xb400006f19434b00) socketAddress6, port: 0, family:0
04-22 11:14:38.864 12516 12599 D tgnet   : connection(0xb400006f19434b00) set current timeout = 30
04-22 11:14:38.865 12516 12599 D tgnet   : connection(0xb400006f19434b00, account7, dc5, type 8) send message (session: 0xd8d013765d7dc22b, seqno: 0, messageid: 0x69e86046dd70a400): 24TL_ping_delay_disconnect(0xb400006db11feb60)
04-22 11:14:38.865 12516 12599 D tgnet   : dc5 send ping to push connection
04-22 11:14:38.898 12516 12601 D tgnet   : time for push ping
04-22 11:14:38.898 12516 12601 D tgnet   : connection(0xb400006f195c0a00, account8, dc4, type 8) connecting (149.154.167.91:5222)
04-22 11:14:38.898 12516 12601 D tgnet   : connection(0xb400006f195c0a00) socketAddress6, port: 0, family:0
04-22 11:14:38.906 12516 12601 D tgnet   : connection(0xb400006f195c0a00) set current timeout = 30
04-22 11:14:38.906 12516 12601 D tgnet   : connection(0xb400006f195c0a00, account8, dc4, type 8) send message (session: 0x349690ab2aaa2e5c, seqno: 0, messageid: 0x69e86046e7efa000): 24TL_ping_delay_disconnect(0xb400006db11ff4c0)
04-22 11:14:38.906 12516 12601 D tgnet   : dc4 send ping to push connection
04-22 11:14:38.937 12516 12516 D OplusInputMethodManagerInternal: get inputMethodManager extension: com.android.internal.view.IInputMethodManager$Stub$Proxy@4f35d48
04-22 11:14:38.938 12516 12516 D ViewRootImplExtImpl: the up motion event handled by client, just return
04-22 11:14:38.944 12516 12599 D tgnet   : connection(0xb400006f19434b00) reset last event time, on connect
04-22 11:14:38.944 12516 12599 D tgnet   : connection(0xb400006f19434b00, account7, dc5, type 8) connected to 91.108.56.185:5222
04-22 11:14:38.944 12516 12599 D tgnet   : connection(0xb400006f19434b00, account7, dc5, type 8) send message (session: 0xd8d013765d7dc22b, seqno: 0, messageid: 0x69e86046f1a9fc00): 24TL_ping_delay_disconnect(0xb400006db11fe9d0)
04-22 11:14:38.944 12516 12599 D tgnet   : dc5 send ping to push connection
04-22 11:14:38.976 12516 12516 I oplus.android.OplusFrameworkFactoryImpl: get feature:IOplusDynamicVsyncFeature
04-22 11:14:38.976 12516 12516 I oplus.android.OplusFrameworkFactoryImpl: get feature:IOplusDynamicVsyncFeature
04-22 11:14:38.976 12516 12516 I oplus.android.OplusFrameworkFactoryImpl: get feature:IOplusDynamicVsyncFeature
04-22 11:14:39.036 12516 12599 D tgnet   : Config(0xb400006df11a4c40, /data/user/0/org.tele.alexgram/files/account7/dc5conf.dat) start write config
04-22 11:14:39.036 12516 12599 D tgnet   : Config(0xb400006df11a4c40, /data/user/0/org.tele.alexgram/files/account7/dc5conf.dat) fileno = 477
04-22 11:14:39.039 12516 12599 D tgnet   : Config(0xb400006df11a4c40, /data/user/0/org.tele.alexgram/files/account7/dc5conf.dat) config write ok
04-22 11:14:39.039 12516 12599 D tgnet   : connection(0xb400006f19434b00) set current timeout = 900
04-22 11:14:39.039 12516 12599 D tgnet   : connection(0xb400006f19434b00, account7, dc5, type 8) received message len 88 but packet larger 177
04-22 11:14:39.039 12516 12599 D tgnet   : connection(0xb400006f19434b00, account7, dc5, type 8) received object 7TL_pong
04-22 11:14:39.039 12516 12599 D tgnet   : process server response 0xb400006db11fe9d0 - 7TL_pong
04-22 11:14:39.039 12516 12599 D tgnet   : connection(0xb400006f19434b00, account7, dc5, type 8) received push ping
04-22 11:14:39.039 12516 12599 D tgnet   : connection(0xb400006f19434b00, account7, dc5, type 8) received message len 88 equal to packet size
04-22 11:14:39.039 12516 12599 D tgnet   : connection(0xb400006f19434b00, account7, dc5, type 8) received object 7TL_pong
04-22 11:14:39.039 12516 12599 D tgnet   : process server response 0xb400006db11fe9d0 - 7TL_pong
